Archive member included because of file (symbol)

contiki-sky.a(powertrace.o)   Node.co (powertrace_start)
contiki-sky.a(contiki-sky-pla)
                              obj_sky/contiki-sky-main.o (init_platform)
contiki-sky.a(button-sensor.o)
                              contiki-sky.a(contiki-sky-pla) (button_sensor)
contiki-sky.a(ds2411.o)       obj_sky/contiki-sky-main.o (ds2411_init)
contiki-sky.a(xmem.o)         obj_sky/contiki-sky-main.o (xmem_init)
contiki-sky.a(node-id.o)      obj_sky/contiki-sky-main.o (node_id_restore)
contiki-sky.a(sensors.o)      contiki-sky.a(button-sensor.o) (sensors_changed)
contiki-sky.a(cc2420.o)       obj_sky/contiki-sky-main.o (cc2420_set_pan_addr)
contiki-sky.a(cc2420-arch.o)  contiki-sky.a(cc2420.o) (cc2420_arch_init)
contiki-sky.a(uart1.o)        obj_sky/contiki-sky-main.o (uart1_active)
contiki-sky.a(uart1-putchar.o)
                              obj_sky/contiki-sky-main.o (putchar)
contiki-sky.a(msp430.o)       contiki-sky.a(uart1.o) (msp430_add_lpm_req)
contiki-sky.a(clock.o)        contiki-sky.a(powertrace.o) (clock_time)
contiki-sky.a(leds.o)         obj_sky/contiki-sky-main.o (leds_init)
contiki-sky.a(leds-arch.o)    contiki-sky.a(leds.o) (leds_arch_init)
contiki-sky.a(watchdog.o)     obj_sky/contiki-sky-main.o (watchdog_start)
contiki-sky.a(rtimer-arch.o)  obj_sky/contiki-sky-main.o (rtimer_arch_now)
contiki-sky.a(autostart.o)    obj_sky/contiki-sky-main.o (autostart_start)
contiki-sky.a(compower.o)     contiki-sky.a(powertrace.o) (compower_idle_activity)
contiki-sky.a(ctimer.o)       obj_sky/contiki-sky-main.o (ctimer_init)
contiki-sky.a(energest.o)     obj_sky/contiki-sky-main.o (energest_init)
contiki-sky.a(etimer.o)       contiki-sky.a(clock.o) (etimer_request_poll)
contiki-sky.a(process.o)      contiki-sky.a(ctimer.o) (process_current)
contiki-sky.a(rtimer.o)       obj_sky/contiki-sky-main.o (rtimer_init)
contiki-sky.a(timer.o)        obj_sky/contiki-sky-main.o (timer_set)
contiki-sky.a(list.o)         contiki-sky.a(ctimer.o) (list_init)
contiki-sky.a(memb.o)         contiki-sky.a(powertrace.o) (memb_alloc)
contiki-sky.a(random.o)       obj_sky/contiki-sky-main.o (random_init)
contiki-sky.a(sicslowpan.o)   contiki-sky.a(powertrace.o) (rime_sniffer_add)
contiki-sky.a(uip-ds6-nbr.o)  contiki-sky.a(sicslowpan.o) (uip_ds6_link_neighbor_callback)
contiki-sky.a(uip-ds6.o)      contiki-sky.a(sicslowpan.o) (uip_ds6_set_addr_iid)
contiki-sky.a(uip6.o)         contiki-sky.a(sicslowpan.o) (uip_aligned_buf)
contiki-sky.a(tcpip.o)        contiki-sky.a(sicslowpan.o) (tcpip_set_outputfunc)
contiki-sky.a(uip-debug.o)    contiki-sky.a(uip-ds6-nbr.o) (uip_debug_ipaddr_print)
contiki-sky.a(csma.o)         obj_sky/contiki-sky-main.o (csma_driver)
contiki-sky.a(framer-802154.o)
                              contiki-sky.a(sicslowpan.o) (framer_802154)
contiki-sky.a(mac.o)          contiki-sky.a(csma.o) (mac_call_sent_callback)
contiki-sky.a(link-stats.o)   contiki-sky.a(uip-ds6-nbr.o) (link_stats_packet_sent)
contiki-sky.a(linkaddr.o)     obj_sky/contiki-sky-main.o (linkaddr_copy)
contiki-sky.a(nbr-table.o)    contiki-sky.a(uip-ds6-nbr.o) (nbr_table_register)
contiki-sky.a(net-debug.o)    contiki-sky.a(uip-ds6-nbr.o) (net_debug_lladdr_print)
contiki-sky.a(packetbuf.o)    contiki-sky.a(framer-802154.o) (packetbuf_hdrreduce)
contiki-sky.a(queuebuf.o)     obj_sky/contiki-sky-main.o (queuebuf_init)
contiki-sky.a(contikimac.o)   obj_sky/contiki-sky-main.o (contikimac_driver)
contiki-sky.a(nullsec.o)      obj_sky/contiki-sky-main.o (nullsec_driver)
contiki-sky.a(spi.o)          contiki-sky.a(xmem.o) (spi_init)
contiki-sky.a(stimer.o)       contiki-sky.a(uip-ds6.o) (stimer_set)
contiki-sky.a(uip-6lowpan-nd6)
                              contiki-sky.a(uip-ds6.o) (uip_nd6_lowpan_rs_output)
contiki-sky.a(uip-ds6-reg.o)  contiki-sky.a(uip-6lowpan-nd6) (uip_ds6_reg_add)
contiki-sky.a(uip-ds6-route.o)
                              contiki-sky.a(uip-ds6.o) (uip_ds6_route_init)
contiki-sky.a(uip-icmp6.o)    contiki-sky.a(uip6.o) (uip_icmp6_input)
contiki-sky.a(hash.o)         contiki-sky.a(uip-6lowpan-nd6) (crypto_hash)
contiki-sky.a(permutations.o)
                              contiki-sky.a(hash.o) (P)
contiki-sky.a(frame802154.o)  contiki-sky.a(framer-802154.o) (frame802154_get_pan_id)
contiki-sky.a(mac-sequence.o)
                              contiki-sky.a(contikimac.o) (mac_sequence_is_duplicate)
/usr/local/bin/../lib/gcc/msp430/4.7.2/mmpy-16/libgcc.a(_mulsi3.o)
                              contiki-sky.a(powertrace.o) (__mulsi3)
/usr/local/bin/../lib/gcc/msp430/4.7.2/mmpy-16/libgcc.a(_udivmod16.o)
                              contiki-sky.a(uip-ds6.o) (__umodhi3)
/usr/local/bin/../lib/gcc/msp430/4.7.2/mmpy-16/libgcc.a(_divmod16.o)
                              contiki-sky.a(sicslowpan.o) (__divhi3)
/usr/local/bin/../lib/gcc/msp430/4.7.2/mmpy-16/libgcc.a(_udivmod32.o)
                              obj_sky/contiki-sky-main.o (__udivsi3)
[...]
Memory Configuration

Name             Origin             Length             Attributes
sfr              0x00000000         0x00000010
peripheral_8bit  0x00000010         0x000000f0
peripheral_16bit 0x00000100         0x00000100
ram_mirror       0x00000200         0x00000800         xw
infomem          0x00001000         0x00000100
infob            0x00001000         0x00000080
infoa            0x00001080         0x00000080
ram              0x00001100         0x00002800         xw
rom              0x00004000         0x0000bfe0         xr
vectors          0x0000ffe0         0x00000020
bsl              0x00000000         0x00000000
infoc            0x00000000         0x00000000
infod            0x00000000         0x00000000
ram2             0x00000000         0x00000000         xw
usbram           0x00000000         0x00000000         xw
far_rom          0x00000000         0x00000000
*default*        0x00000000         0xffffffff

Linker script and memory map

LOAD /usr/local/bin/../lib/gcc/msp430/4.7.2/mmpy-16/crt0ivtbl16.o
LOAD Node.co
LOAD obj_sky/contiki-sky-main.o
LOAD contiki-sky.a
LOAD /usr/local/bin/../lib/gcc/msp430/4.7.2/mmpy-16/libgcc.a
LOAD /usr/local/bin/../lib/gcc/msp430/4.7.2/../../../../msp430/lib/mmpy-16/libc.a
LOAD /usr/local/bin/../lib/gcc/msp430/4.7.2/mmpy-16/libgcc.a
LOAD /usr/local/bin/../lib/gcc/msp430/4.7.2/mmpy-16/libcrt0.a
                0x00000080                PROVIDE (__info_segment_size, 0x80)
                0x00001000                PROVIDE (__infob, 0x1000)
                0x00001080                PROVIDE (__infoa, 0x1080)
                0x00000000                __IE1 = 0x0
                0x00000002                __IFG1 = 0x2
                0x00000004                __ME1 = 0x4
                0x00000001                __IE2 = 0x1
                0x00000003                __IFG2 = 0x3
                0x00000005                __ME2 = 0x5
                0x00000120                __WDTCTL = 0x120
                0x00000130                __MPY = 0x130
                0x00000132                __MPYS = 0x132
                0x00000134                __MAC = 0x134
                0x00000136                __MACS = 0x136
                0x00000138                __OP2 = 0x138
                0x0000013a                __RESLO = 0x13a
                0x0000013c                __RESHI = 0x13c
                0x0000013e                __SUMEXT = 0x13e
                0x00000020                __P1IN = 0x20
                0x00000021                __P1OUT = 0x21
                0x00000022                __P1DIR = 0x22
                0x00000023                __P1IFG = 0x23
                0x00000024                __P1IES = 0x24
                0x00000025                __P1IE = 0x25
                0x00000026                __P1SEL = 0x26
                0x00000028                __P2IN = 0x28
                0x00000029                __P2OUT = 0x29
                0x0000002a                __P2DIR = 0x2a
                0x0000002b                __P2IFG = 0x2b
                0x0000002c                __P2IES = 0x2c
                0x0000002d                __P2IE = 0x2d
                0x0000002e                __P2SEL = 0x2e
                0x00000018                __P3IN = 0x18
                0x00000019                __P3OUT = 0x19
                0x0000001a                __P3DIR = 0x1a
                0x0000001b                __P3SEL = 0x1b
                0x0000001c                __P4IN = 0x1c
                0x0000001d                __P4OUT = 0x1d
                0x0000001e                __P4DIR = 0x1e
                0x0000001f                __P4SEL = 0x1f
                0x00000030                __P5IN = 0x30
                0x00000031                __P5OUT = 0x31
                0x00000032                __P5DIR = 0x32
                0x00000033                __P5SEL = 0x33
                0x00000034                __P6IN = 0x34
                0x00000035                __P6OUT = 0x35
                0x00000036                __P6DIR = 0x36
                0x00000037                __P6SEL = 0x37
                0x00000070                __U0CTL = 0x70
                0x00000071                __U0TCTL = 0x71
                0x00000072                __U0RCTL = 0x72
                0x00000073                __U0MCTL = 0x73
                0x00000074                __U0BR0 = 0x74
                0x00000075                __U0BR1 = 0x75
                0x00000076                __U0RXBUF = 0x76
                0x00000077                __U0TXBUF = 0x77
                0x00000078                __U1CTL = 0x78
                0x00000079                __U1TCTL = 0x79
                0x0000007a                __U1RCTL = 0x7a
                0x0000007b                __U1MCTL = 0x7b
                0x0000007c                __U1BR0 = 0x7c
                0x0000007d                __U1BR1 = 0x7d
                0x0000007e                __U1RXBUF = 0x7e
                0x0000007f                __U1TXBUF = 0x7f
                0x00000050                __I2CIE = 0x50
                0x00000051                __I2CIFG = 0x51
                0x00000052                __I2CNDAT = 0x52
                0x00000071                __I2CTCTL = 0x71
                0x00000072                __I2CDCTL = 0x72
                0x00000073                __I2CPSC = 0x73
                0x00000074                __I2CSCLH = 0x74
                0x00000075                __I2CSCLL = 0x75
                0x00000076                __I2CDRB = 0x76
                0x00000076                __I2CDRW = 0x76
                0x00000118                __I2COA = 0x118
                0x0000011a                __I2CSA = 0x11a
                0x0000011c                __I2CIV = 0x11c
                0x0000012e                __TAIV = 0x12e
                0x00000160                __TACTL = 0x160
                0x00000162                __TACCTL0 = 0x162
                0x00000164                __TACCTL1 = 0x164
                0x00000166                __TACCTL2 = 0x166
                0x00000170                __TAR = 0x170
                0x00000172                __TACCR0 = 0x172
                0x00000174                __TACCR1 = 0x174
                0x00000176                __TACCR2 = 0x176
                0x0000011e                __TBIV = 0x11e
                0x00000180                __TBCTL = 0x180
                0x00000182                __TBCCTL0 = 0x182
                0x00000184                __TBCCTL1 = 0x184
                0x00000186                __TBCCTL2 = 0x186
                0x00000188                __TBCCTL3 = 0x188
                0x0000018a                __TBCCTL4 = 0x18a
                0x0000018c                __TBCCTL5 = 0x18c
                0x0000018e                __TBCCTL6 = 0x18e
                0x00000190                __TBR = 0x190
                0x00000192                __TBCCR0 = 0x192
                0x00000194                __TBCCR1 = 0x194
                0x00000196                __TBCCR2 = 0x196
                0x00000198                __TBCCR3 = 0x198
                0x0000019a                __TBCCR4 = 0x19a
                0x0000019c                __TBCCR5 = 0x19c
                0x0000019e                __TBCCR6 = 0x19e
                0x00000056                __DCOCTL = 0x56
                0x00000057                __BCSCTL1 = 0x57
                0x00000058                __BCSCTL2 = 0x58
                0x00000055                __SVSCTL = 0x55
                0x00000128                __FCTL1 = 0x128
                0x0000012a                __FCTL2 = 0x12a
                0x0000012c                __FCTL3 = 0x12c
                0x00000059                __CACTL1 = 0x59
                0x0000005a                __CACTL2 = 0x5a
                0x0000005b                __CAPD = 0x5b
                0x000001a0                __ADC12CTL0 = 0x1a0
                0x000001a2                __ADC12CTL1 = 0x1a2
                0x000001a4                __ADC12IFG = 0x1a4
                0x000001a6                __ADC12IE = 0x1a6
                0x000001a8                __ADC12IV = 0x1a8
                0x00000140                __ADC12MEM0 = 0x140
                0x00000142                __ADC12MEM1 = 0x142
                0x00000144                __ADC12MEM2 = 0x144
                0x00000146                __ADC12MEM3 = 0x146
                0x00000148                __ADC12MEM4 = 0x148
                0x0000014a                __ADC12MEM5 = 0x14a
                0x0000014c                __ADC12MEM6 = 0x14c
                0x0000014e                __ADC12MEM7 = 0x14e
                0x00000150                __ADC12MEM8 = 0x150
                0x00000152                __ADC12MEM9 = 0x152
                0x00000154                __ADC12MEM10 = 0x154
                0x00000156                __ADC12MEM11 = 0x156
                0x00000158                __ADC12MEM12 = 0x158
                0x0000015a                __ADC12MEM13 = 0x15a
                0x0000015c                __ADC12MEM14 = 0x15c
                0x0000015e                __ADC12MEM15 = 0x15e
                0x00000080                __ADC12MCTL0 = 0x80
                0x00000081                __ADC12MCTL1 = 0x81
                0x00000082                __ADC12MCTL2 = 0x82
                0x00000083                __ADC12MCTL3 = 0x83
                0x00000084                __ADC12MCTL4 = 0x84
                0x00000085                __ADC12MCTL5 = 0x85
                0x00000086                __ADC12MCTL6 = 0x86
                0x00000087                __ADC12MCTL7 = 0x87
                0x00000088                __ADC12MCTL8 = 0x88
                0x00000089                __ADC12MCTL9 = 0x89
                0x0000008a                __ADC12MCTL10 = 0x8a
                0x0000008b                __ADC12MCTL11 = 0x8b
                0x0000008c                __ADC12MCTL12 = 0x8c
                0x0000008d                __ADC12MCTL13 = 0x8d
                0x0000008e                __ADC12MCTL14 = 0x8e
                0x0000008f                __ADC12MCTL15 = 0x8f
                0x000001c0                __DAC12_0CTL = 0x1c0
                0x000001c2                __DAC12_1CTL = 0x1c2
                0x000001c8                __DAC12_0DAT = 0x1c8
                0x000001ca                __DAC12_1DAT = 0x1ca
                0x00000122                __DMACTL0 = 0x122
                0x00000124                __DMACTL1 = 0x124
                0x000001e0                __DMA0CTL = 0x1e0
                0x000001e8                __DMA1CTL = 0x1e8
                0x000001f0                __DMA2CTL = 0x1f0
                0x000001e2                __DMA0SA = 0x1e2
                0x000001e4                __DMA0DA = 0x1e4
                0x000001e6                __DMA0SZ = 0x1e6
                0x000001ea                __DMA1SA = 0x1ea
                0x000001ec                __DMA1DA = 0x1ec
                0x000001ee                __DMA1SZ = 0x1ee
                0x000001f2                __DMA2SA = 0x1f2
                0x000001f4                __DMA2DA = 0x1f4
                0x000001f6                __DMA2SZ = 0x1f6

.hash
 *(.hash)

.dynsym
 *(.dynsym)

.dynstr
 *(.dynstr)

.gnu.version
 *(.gnu.version)

.gnu.version_d
 *(.gnu.version_d)

.gnu.version_r
 *(.gnu.version_r)

.rel.init
 *(.rel.init)

.rela.init
 *(.rela.init)

.rel.fini
 *(.rel.fini)

.rela.fini
 *(.rela.fini)

.rel.text
 *(.rel.text .rel.text.* .rel.gnu.linkonce.t.*)

.rela.text
 *(.rela.text .rela.text.* .rela.gnu.linkonce.t.*)

.rel.rodata
 *(.rel.rodata .rel.rodata.* .rel.gnu.linkonce.r.*)

.rela.rodata
 *(.rela.rodata .rela.rodata.* .rela.gnu.linkonce.r.*)

.rel.data
 *(.rel.data .rel.data.* .rel.gnu.linkonce.d.*)

.rela.data
 *(.rela.data .rela.data.* .rela.gnu.linkonce.d.*)

.rel.bss
 *(.rel.bss .rel.bss.* .rel.gnu.linkonce.b.*)

.rela.bss
 *(.rela.bss .rela.bss.* .rela.gnu.linkonce.b.*)

.rel.ctors
 *(.rel.ctors)

.rela.ctors
 *(.rela.ctors)

.rel.dtors
 *(.rel.dtors)

.rela.dtors
 *(.rela.dtors)

.rel.got
 *(.rel.got)

.rela.got
 *(.rela.got)

.rel.plt
 *(.rel.plt)

.rela.plt
 *(.rela.plt)

.text           0x00004000     0x9e20
                0x00004000                . = ALIGN (0x2)
 *(.init .init.*)
 *(.init0)
 .init0         0x00004000        0x0 /usr/local/bin/../lib/gcc/msp430/4.7.2/mmpy-16/libcrt0.a(_reset_vector__.o)
                0x00004000                _reset_vector__
 *(.init1)
 .init1         0x00004000        0xc /usr/local/bin/../lib/gcc/msp430/4.7.2/mmpy-16/libcrt0.a(__watchdog_support.o)
                0x00004000                __watchdog_support
 *(.init2)
 .init2         0x0000400c        0x4 /usr/local/bin/../lib/gcc/msp430/4.7.2/mmpy-16/libcrt0.a(__init_stack.o)
                0x0000400c                __init_stack
 *(.init3)
 .init3         0x00004010        0x0 /usr/local/bin/../lib/gcc/msp430/4.7.2/mmpy-16/libcrt0.a(__low_level_init.o)
                0x00004010                __low_level_init
 *(.init4)
 .init4         0x00004010       0x18 /usr/local/bin/../lib/gcc/msp430/4.7.2/mmpy-16/libcrt0.a(_copy_data.o)
                0x00004010                __do_copy_data
 .init4         0x00004028       0x16 /usr/local/bin/../lib/gcc/msp430/4.7.2/mmpy-16/libcrt0.a(_clear_bss.o)
                0x00004028                __do_clear_bss
 *(.init5)
 *(.init6)
 *(.init7)
 *(.init8)
 *(.init9)
 .init9         0x0000403e      0x2ec obj_sky/contiki-sky-main.o
                0x0000403e                main
 *(.fini9)
 .fini9         0x0000432a        0x0 /usr/local/bin/../lib/gcc/msp430/4.7.2/mmpy-16/libcrt0.a(__stop_progExec__.o)
                0x0000432a                __stop_progExec__
 *(.fini8)
 *(.fini7)
 *(.fini6)
 *(.fini5)
 *(.fini4)
 *(.fini3)
 *(.fini2)
 *(.fini1)
 *(.fini0)
 .fini0         0x0000432a        0x6 /usr/local/bin/../lib/gcc/msp430/4.7.2/mmpy-16/libcrt0.a(_endless_loop__.o)
                0x0000432a                _endless_loop__
 *(.fini .fini.*)
                0x00004330                . = ALIGN (0x2)
                0x00004330                __ctors_start = .
 *(.ctors)
                0x00004330                __ctors_end = .
                0x00004330                __dtors_start = .
 *(.dtors)
                0x00004330                __dtors_end = .
                0x00004330                . = ALIGN (0x2)
 *(.text .text.* .gnu.linkonce.t.*)
 .text          0x00004330        0x4 /usr/local/bin/../lib/gcc/msp430/4.7.2/mmpy-16/crt0ivtbl16.o
                0x00004330                __isr_14
                0x00004330                __isr_11
                0x00004330                __isr_2
                0x00004330                __isr_7
                0x00004330                __isr_0
                0x00004330                __isr_8
                0x00004330                __isr_3
                0x00004330                __isr_12
                0x00004330                __isr_13
                0x00004330                __isr_9
 .text.process_thread_node
                0x00004334       0x28 Node.co
 .text.add_stats
                0x0000435c       0x56 contiki-sky.a(powertrace.o)
 .text.add_packet_stats
                0x000043b2       0x6c contiki-sky.a(powertrace.o)
 .text.output_sniffer
                0x0000441e        0x8 contiki-sky.a(powertrace.o)
 .text.input_sniffer
                0x00004426        0x8 contiki-sky.a(powertrace.o)
 .text.powertrace_print
                0x0000442e      0x3cc contiki-sky.a(powertrace.o)
                0x0000442e                powertrace_print
 .text.process_thread_powertrace_process
                0x000047fa       0x60 contiki-sky.a(powertrace.o)
 .text.powertrace_start
                0x0000485a       0x18 contiki-sky.a(powertrace.o)
                0x0000485a                powertrace_start
 .text.init_platform
                0x00004872        0xc contiki-sky.a(contiki-sky-pla)
                0x00004872                init_platform
 .text.status   0x0000487e       0x18 contiki-sky.a(button-sensor.o)
 .text.value    0x00004896       0x20 contiki-sky.a(button-sensor.o)
 .text.configure
                0x000048b6       0x4c contiki-sky.a(button-sensor.o)
 .text.irq_p2   0x00004902       0x88 contiki-sky.a(button-sensor.o)
                0x00004902                irq_p2
                0x00004902                __isr_1
 .text.owreadb  0x0000498a       0x50 contiki-sky.a(ds2411.o)
 .text.ds2411_init
                0x000049da      0x120 contiki-sky.a(ds2411.o)
                0x000049da                ds2411_init
 .text.wait_ready
                0x00004afa       0x4a contiki-sky.a(xmem.o)
 .text.xmem_init
                0x00004b44       0x3c contiki-sky.a(xmem.o)
                0x00004b44                xmem_init
 .text.xmem_pread
                0x00004b80       0xda contiki-sky.a(xmem.o)
                0x00004b80                xmem_pread
 .text.node_id_restore
                0x00004c5a       0x38 contiki-sky.a(node-id.o)
                0x00004c5a                node_id_restore
 .text.process_thread_sensors_process
                0x00004c92       0xc2 contiki-sky.a(sensors.o)
 .text.sensors_changed
                0x00004d54       0x2a contiki-sky.a(sensors.o)
                0x00004d54                sensors_changed
 .text.get_object
                0x00004d7e        0x4 contiki-sky.a(cc2420.o)
 .text.set_object
                0x00004d82        0x4 contiki-sky.a(cc2420.o)
 .text.strobe   0x00004d86       0x1c contiki-sky.a(cc2420.o)
 .text.getreg   0x00004da2       0x4c contiki-sky.a(cc2420.o)
 .text.setreg   0x00004dee       0x4c contiki-sky.a(cc2420.o)
 .text.write_ram
                0x00004e3a       0x7c contiki-sky.a(cc2420.o)
 .text.write_fifo_buf
                0x00004eb6       0x3c contiki-sky.a(cc2420.o)
 .text.get_status
                0x00004ef2       0x20 contiki-sky.a(cc2420.o)
 .text.set_txpower
                0x00004f12       0x24 contiki-sky.a(cc2420.o)
 .text.cc2420_receiving_packet
                0x00004f36        0xc contiki-sky.a(cc2420.o)
 .text.pending_packet
                0x00004f42        0x8 contiki-sky.a(cc2420.o)
 .text.on       0x00004f4a       0x26 contiki-sky.a(cc2420.o)
 .text.wait_for_transmission
                0x00004f70       0x22 contiki-sky.a(cc2420.o)
 .text.wait_for_status
                0x00004f92       0x28 contiki-sky.a(cc2420.o)
 .text.getrxdata
                0x00004fba       0x50 contiki-sky.a(cc2420.o)
 .text.flushrx  0x0000500a       0x1a contiki-sky.a(cc2420.o)
 .text.off      0x00005024       0x5e contiki-sky.a(cc2420.o)
 .text.RELEASE_LOCK
                0x00005082       0x28 contiki-sky.a(cc2420.o)
 .text.set_key  0x000050aa       0x18 contiki-sky.a(cc2420.o)
 .text.set_frame_filtering
                0x000050c2       0x30 contiki-sky.a(cc2420.o)
 .text.set_auto_ack
                0x000050f2       0x30 contiki-sky.a(cc2420.o)
 .text.set_poll_mode
                0x00005122       0x2c contiki-sky.a(cc2420.o)
 .text.cc2420_prepare
                0x0000514e       0x3c contiki-sky.a(cc2420.o)
 .text.cc2420_on
                0x0000518a       0x22 contiki-sky.a(cc2420.o)
                0x0000518a                cc2420_on
 .text.cc2420_off
                0x000051ac       0x30 contiki-sky.a(cc2420.o)
                0x000051ac                cc2420_off
 .text.cc2420_cca
                0x000051dc       0x68 contiki-sky.a(cc2420.o)
 .text.cc2420_read
                0x00005244       0xbc contiki-sky.a(cc2420.o)
 .text.process_thread_cc2420_process
                0x00005300       0x5c contiki-sky.a(cc2420.o)
 .text.encrypt  0x0000535c       0x88 contiki-sky.a(cc2420.o)
 .text.cc2420_set_channel
                0x000053e4       0x3c contiki-sky.a(cc2420.o)
                0x000053e4                cc2420_set_channel
 .text.cc2420_set_pan_addr
                0x00005420       0x4c contiki-sky.a(cc2420.o)
                0x00005420                cc2420_set_pan_addr
 .text.cc2420_interrupt
                0x0000546c       0x16 contiki-sky.a(cc2420.o)
                0x0000546c                cc2420_interrupt
 .text.cc2420_set_txpower
                0x00005482        0xe contiki-sky.a(cc2420.o)
                0x00005482                cc2420_set_txpower
 .text.cc2420_get_txpower
                0x00005490       0x1e contiki-sky.a(cc2420.o)
                0x00005490                cc2420_get_txpower
 .text.cc2420_transmit
                0x000054ae      0x116 contiki-sky.a(cc2420.o)
 .text.cc2420_send
                0x000055c4       0x12 contiki-sky.a(cc2420.o)
 .text.cc2420_rssi
                0x000055d6       0x4c contiki-sky.a(cc2420.o)
                0x000055d6                cc2420_rssi
 .text.get_value
                0x00005622      0x104 contiki-sky.a(cc2420.o)
 .text.cc2420_set_cca_threshold
                0x00005726       0x16 contiki-sky.a(cc2420.o)
                0x00005726                cc2420_set_cca_threshold
 .text.set_value
                0x0000573c       0xb8 contiki-sky.a(cc2420.o)
 .text.cc2420_init
                0x000057f4       0xea contiki-sky.a(cc2420.o)
                0x000057f4                cc2420_init
 .text.cc2420_port1_interrupt
                0x000058de       0x62 contiki-sky.a(cc2420-arch.o)
                0x000058de                __isr_4
                0x000058de                cc2420_port1_interrupt
 .text.cc2420_arch_init
                0x00005940       0x1a contiki-sky.a(cc2420-arch.o)
                0x00005940                cc2420_arch_init
 .text.uart1_active
                0x0000595a       0x18 contiki-sky.a(uart1.o)
                0x0000595a                uart1_active
 .text.uart1_writeb
                0x00005972       0x18 contiki-sky.a(uart1.o)
                0x00005972                uart1_writeb
 .text.uart1_init
                0x0000598a       0xf4 contiki-sky.a(uart1.o)
                0x0000598a                uart1_init
 .text.putchar  0x00005a7e       0x10 contiki-sky.a(uart1-putchar.o)
                0x00005a7e                putchar
 .text.msp430_init_dco
                0x00005a8e       0x82 contiki-sky.a(msp430.o)
                0x00005a8e                msp430_init_dco
 .text.msp430_add_lpm_req
                0x00005b10        0xc contiki-sky.a(msp430.o)
                0x00005b10                msp430_add_lpm_req
 .text.msp430_cpu_init
                0x00005b1c       0x2a contiki-sky.a(msp430.o)
                0x00005b1c                msp430_cpu_init
 .text.splhigh_
                0x00005b46        0x8 contiki-sky.a(msp430.o)
                0x00005b46                splhigh_
 .text.msp430_sync_dco
                0x00005b4e       0x6c contiki-sky.a(msp430.o)
                0x00005b4e                msp430_sync_dco
 .text.timera1  0x00005bba      0x11e contiki-sky.a(clock.o)
                0x00005bba                __isr_5
                0x00005bba                timera1
 .text.clock_time
                0x00005cd8       0x1a contiki-sky.a(clock.o)
                0x00005cd8                clock_time
 .text.clock_init
                0x00005cf2       0x28 contiki-sky.a(clock.o)
                0x00005cf2                clock_init
 .text.clock_delay
                0x00005d1a        0xc contiki-sky.a(clock.o)
                0x00005d1a                clock_delay
 .text.clock_seconds
                0x00005d26       0x1a contiki-sky.a(clock.o)
                0x00005d26                clock_seconds
 .text.show_leds
                0x00005d40       0xf0 contiki-sky.a(leds.o)
 .text.leds_init
                0x00005e30        0xa contiki-sky.a(leds.o)
                0x00005e30                leds_init
 .text.leds_on  0x00005e3a        0xa contiki-sky.a(leds.o)
                0x00005e3a                leds_on
 .text.leds_off
                0x00005e44        0xe contiki-sky.a(leds.o)
                0x00005e44                leds_off
 .text.leds_arch_init
                0x00005e52        0xe contiki-sky.a(leds-arch.o)
                0x00005e52                leds_arch_init
 .text.leds_arch_set
                0x00005e60       0x38 contiki-sky.a(leds-arch.o)
                0x00005e60                leds_arch_set
 .text.watchdog_interrupt
                0x00005e98        0x6 contiki-sky.a(watchdog.o)
                0x00005e98                __isr_10
                0x00005e98                watchdog_interrupt
 .text.watchdog_start
                0x00005e9e       0x14 contiki-sky.a(watchdog.o)
                0x00005e9e                watchdog_start
 .text.watchdog_periodic
                0x00005eb2       0x12 contiki-sky.a(watchdog.o)
                0x00005eb2                watchdog_periodic
 .text.watchdog_stop
                0x00005ec4       0x16 contiki-sky.a(watchdog.o)
                0x00005ec4                watchdog_stop
 .text.watchdog_init
                0x00005eda       0x12 contiki-sky.a(watchdog.o)
                0x00005eda                watchdog_init
 .text.rtimer_arch_init
                0x00005eec        0xe contiki-sky.a(rtimer-arch.o)
                0x00005eec                rtimer_arch_init
 .text.rtimer_arch_now
                0x00005efa        0xe contiki-sky.a(rtimer-arch.o)
                0x00005efa                rtimer_arch_now
 .text.timera0  0x00005f08       0x70 contiki-sky.a(rtimer-arch.o)
                0x00005f08                __isr_6
                0x00005f08                timera0
 .text.rtimer_arch_schedule
                0x00005f78        0x6 contiki-sky.a(rtimer-arch.o)
                0x00005f78                rtimer_arch_schedule
 .text.autostart_start
                0x00005f7e       0x16 contiki-sky.a(autostart.o)
                0x00005f7e                autostart_start
 .text.compower_accumulate
                0x00005f94       0x72 contiki-sky.a(compower.o)
                0x00005f94                compower_accumulate
 .text.compower_clear
                0x00006006       0x12 contiki-sky.a(compower.o)
                0x00006006                compower_clear
 .text.compower_attrconv
                0x00006018       0x10 contiki-sky.a(compower.o)
                0x00006018                compower_attrconv
 .text.process_thread_ctimer_process
                0x00006028       0xa8 contiki-sky.a(ctimer.o)
 .text.ctimer_init
                0x000060d0       0x18 contiki-sky.a(ctimer.o)
                0x000060d0                ctimer_init
 .text.ctimer_set_with_process
                0x000060e8       0x4e contiki-sky.a(ctimer.o)
                0x000060e8                ctimer_set_with_process
 .text.ctimer_set
                0x00006136       0x10 contiki-sky.a(ctimer.o)
                0x00006136                ctimer_set
 .text.ctimer_reset
                0x00006146       0x30 contiki-sky.a(ctimer.o)
                0x00006146                ctimer_reset
 .text.ctimer_stop
                0x00006176       0x28 contiki-sky.a(ctimer.o)
                0x00006176                ctimer_stop
 .text.energest_init
                0x0000619e       0x26 contiki-sky.a(energest.o)
                0x0000619e                energest_init
 .text.energest_type_time
                0x000061c4       0x48 contiki-sky.a(energest.o)
                0x000061c4                energest_type_time
 .text.energest_type_set
                0x0000620c        0xe contiki-sky.a(energest.o)
                0x0000620c                energest_type_set
 .text.energest_flush
                0x0000621a       0x48 contiki-sky.a(energest.o)
                0x0000621a                energest_flush
 .text.update_time
                0x00006262       0x78 contiki-sky.a(etimer.o)
 .text.etimer_request_poll
                0x000062da        0xa contiki-sky.a(etimer.o)
                0x000062da                etimer_request_poll
 .text.process_thread_etimer_process
                0x000062e4       0xcc contiki-sky.a(etimer.o)
 .text.add_timer
                0x000063b0       0x40 contiki-sky.a(etimer.o)
 .text.etimer_set
                0x000063f0       0x12 contiki-sky.a(etimer.o)
                0x000063f0                etimer_set
 .text.etimer_reset
                0x00006402       0x12 contiki-sky.a(etimer.o)
                0x00006402                etimer_reset
 .text.etimer_restart
                0x00006414       0x12 contiki-sky.a(etimer.o)
                0x00006414                etimer_restart
 .text.etimer_expired
                0x00006426        0xe contiki-sky.a(etimer.o)
                0x00006426                etimer_expired
 .text.etimer_pending
                0x00006434        0xc contiki-sky.a(etimer.o)
                0x00006434                etimer_pending
 .text.etimer_next_expiration_time
                0x00006440       0x16 contiki-sky.a(etimer.o)
                0x00006440                etimer_next_expiration_time
 .text.etimer_stop
                0x00006456       0x3e contiki-sky.a(etimer.o)
                0x00006456                etimer_stop
 .text.call_process
                0x00006494       0x46 contiki-sky.a(process.o)
 .text.exit_process
                0x000064da       0x96 contiki-sky.a(process.o)
 .text.do_poll  0x00006570       0x30 contiki-sky.a(process.o)
 .text.process_alloc_event
                0x000065a0        0xe contiki-sky.a(process.o)
                0x000065a0                process_alloc_event
 .text.process_init
                0x000065ae       0x1c contiki-sky.a(process.o)
                0x000065ae                process_init
 .text.process_run
                0x000065ca       0x92 contiki-sky.a(process.o)
                0x000065ca                process_run
 .text.process_nevents
                0x0000665c        0xe contiki-sky.a(process.o)
                0x0000665c                process_nevents
 .text.process_post
                0x0000666a       0x4e contiki-sky.a(process.o)
                0x0000666a                process_post
 .text.process_post_synch
                0x000066b8       0x12 contiki-sky.a(process.o)
                0x000066b8                process_post_synch
 .text.process_start
                0x000066ca       0x36 contiki-sky.a(process.o)
                0x000066ca                process_start
 .text.process_poll
                0x00006700       0x18 contiki-sky.a(process.o)
                0x00006700                process_poll
 .text.rtimer_init
                0x00006718        0x6 contiki-sky.a(rtimer.o)
                0x00006718                rtimer_init
 .text.rtimer_set
                0x0000671e       0x24 contiki-sky.a(rtimer.o)
                0x0000671e                rtimer_set
 .text.rtimer_run_next
                0x00006742       0x26 contiki-sky.a(rtimer.o)
                0x00006742                rtimer_run_next
 .text.timer_set
                0x00006768       0x1c contiki-sky.a(timer.o)
                0x00006768                timer_set
 .text.timer_reset
                0x00006784        0xe contiki-sky.a(timer.o)
                0x00006784                timer_reset
 .text.timer_restart
                0x00006792       0x14 contiki-sky.a(timer.o)
                0x00006792                timer_restart
 .text.timer_expired
                0x000067a6       0x2a contiki-sky.a(timer.o)
                0x000067a6                timer_expired
 .text.list_init
                0x000067d0        0x6 contiki-sky.a(list.o)
                0x000067d0                list_init
 .text.list_head
                0x000067d6        0x4 contiki-sky.a(list.o)
                0x000067d6                list_head
 .text.list_tail
                0x000067da       0x12 contiki-sky.a(list.o)
                0x000067da                list_tail
 .text.list_remove
                0x000067ec       0x34 contiki-sky.a(list.o)
                0x000067ec                list_remove
 .text.list_push
                0x00006820       0x1a contiki-sky.a(list.o)
                0x00006820                list_push
 .text.list_add
                0x0000683a       0x2a contiki-sky.a(list.o)
                0x0000683a                list_add
 .text.list_length
                0x00006864       0x10 contiki-sky.a(list.o)
                0x00006864                list_length
 .text.list_item_next
                0x00006874        0xc contiki-sky.a(list.o)
                0x00006874                list_item_next
 .text.memb_init
                0x00006880       0x36 contiki-sky.a(memb.o)
                0x00006880                memb_init
 .text.memb_alloc
                0x000068b6       0x3e contiki-sky.a(memb.o)
                0x000068b6                memb_alloc
 .text.memb_free
                0x000068f4       0x3a contiki-sky.a(memb.o)
                0x000068f4                memb_free
 .text.memb_inmemb
                0x0000692e       0x2a contiki-sky.a(memb.o)
                0x0000692e                memb_inmemb
 .text.memb_numfree
                0x00006958       0x26 contiki-sky.a(memb.o)
                0x00006958                memb_numfree
 .text.random_init
                0x0000697e        0x6 contiki-sky.a(random.o)
                0x0000697e                random_init
 .text.random_rand
                0x00006984        0x6 contiki-sky.a(random.o)
                0x00006984                random_rand
 .text.clear_fragments
                0x0000698a       0x40 contiki-sky.a(sicslowpan.o)
 .text.set_packet_attrs
                0x000069ca       0x46 contiki-sky.a(sicslowpan.o)
 .text.addr_context_lookup_by_number
                0x00006a10       0x32 contiki-sky.a(sicslowpan.o)
 .text.compress_addr_64
                0x00006a42       0xae contiki-sky.a(sicslowpan.o)
 .text.store_fragment
                0x00006af0       0xc8 contiki-sky.a(sicslowpan.o)
 .text.uncompress_addr
                0x00006bb8       0xb4 contiki-sky.a(sicslowpan.o)
 .text.sicslowpan_init
                0x00006c6c       0x24 contiki-sky.a(sicslowpan.o)
                0x00006c6c                sicslowpan_init
 .text.addr_context_lookup_by_prefix
                0x00006c90       0x4c contiki-sky.a(sicslowpan.o)
 .text.packet_sent
                0x00006cdc       0x22 contiki-sky.a(sicslowpan.o)
 .text.add_fragment
                0x00006cfe      0x1ea contiki-sky.a(sicslowpan.o)
 .text.input    0x00006ee8      0x6dc contiki-sky.a(sicslowpan.o)
 .text.send_packet
                0x000075c4       0x1a contiki-sky.a(sicslowpan.o)
 .text.output   0x000075de      0x6bc contiki-sky.a(sicslowpan.o)
 .text.uip_ds6_nbr_rm
                0x00007c9a       0x14 contiki-sky.a(uip-ds6-nbr.o)
                0x00007c9a                uip_ds6_nbr_rm
 .text.uip_ds6_neighbors_init
                0x00007cae       0x12 contiki-sky.a(uip-ds6-nbr.o)
                0x00007cae                uip_ds6_neighbors_init
 .text.uip_ds6_nbr_add
                0x00007cc0       0x94 contiki-sky.a(uip-ds6-nbr.o)
                0x00007cc0                uip_ds6_nbr_add
 .text.uip_ds6_nbr_get_ll
                0x00007d54        0xc contiki-sky.a(uip-ds6-nbr.o)
                0x00007d54                uip_ds6_nbr_get_ll
 .text.uip_ds6_nbr_lookup
                0x00007d60       0x42 contiki-sky.a(uip-ds6-nbr.o)
                0x00007d60                uip_ds6_nbr_lookup
 .text.uip_ds6_nbr_ll_lookup
                0x00007da2        0xc contiki-sky.a(uip-ds6-nbr.o)
                0x00007da2                uip_ds6_nbr_ll_lookup
 .text.uip_ds6_nbr_ipaddr_from_lladdr
                0x00007dae        0x6 contiki-sky.a(uip-ds6-nbr.o)
                0x00007dae                uip_ds6_nbr_ipaddr_from_lladdr
 .text.uip_ds6_link_neighbor_callback
                0x00007db4       0x2a contiki-sky.a(uip-ds6-nbr.o)
                0x00007db4                uip_ds6_link_neighbor_callback
 .text.uip_ds6_list_loop
                0x00007dde       0x86 contiki-sky.a(uip-ds6.o)
                0x00007dde                uip_ds6_list_loop
 .text.uip_ds6_prefix_add
                0x00007e64       0xac contiki-sky.a(uip-ds6.o)
                0x00007e64                uip_ds6_prefix_add
 .text.uip_ds6_prefix_rm
                0x00007f10        0xa contiki-sky.a(uip-ds6.o)
                0x00007f10                uip_ds6_prefix_rm
 .text.uip_ds6_prefix_lookup
                0x00007f1a       0x28 contiki-sky.a(uip-ds6.o)
                0x00007f1a                uip_ds6_prefix_lookup
 .text.uip_ds6_is_addr_onlink
                0x00007f42       0x54 contiki-sky.a(uip-ds6.o)
                0x00007f42                uip_ds6_is_addr_onlink
 .text.uip_ds6_addr_lookup
                0x00007f96       0x2a contiki-sky.a(uip-ds6.o)
                0x00007f96                uip_ds6_addr_lookup
 .text.uip_ds6_get_link_local
                0x00007fc0       0x3e contiki-sky.a(uip-ds6.o)
                0x00007fc0                uip_ds6_get_link_local
 .text.uip_ds6_maddr_add
                0x00007ffe       0x4a contiki-sky.a(uip-ds6.o)
                0x00007ffe                uip_ds6_maddr_add
 .text.uip_ds6_addr_add
                0x00008048       0xd2 contiki-sky.a(uip-ds6.o)
                0x00008048                uip_ds6_addr_add
 .text.uip_ds6_maddr_rm
                0x0000811a        0xa contiki-sky.a(uip-ds6.o)
                0x0000811a                uip_ds6_maddr_rm
 .text.uip_ds6_maddr_lookup
                0x00008124       0x28 contiki-sky.a(uip-ds6.o)
                0x00008124                uip_ds6_maddr_lookup
 .text.uip_ds6_addr_rm
                0x0000814c       0x54 contiki-sky.a(uip-ds6.o)
                0x0000814c                uip_ds6_addr_rm
 .text.uip_ds6_periodic
                0x000081a0       0x7e contiki-sky.a(uip-ds6.o)
                0x000081a0                uip_ds6_periodic
 .text.uip_ds6_set_addr_iid
                0x0000821e       0x2c contiki-sky.a(uip-ds6.o)
                0x0000821e                uip_ds6_set_addr_iid
 .text.get_match_length
                0x0000824a       0x44 contiki-sky.a(uip-ds6.o)
                0x0000824a                get_match_length
 .text.uip_ds6_select_src
                0x0000828e       0xaa contiki-sky.a(uip-ds6.o)
                0x0000828e                uip_ds6_select_src
 .text.uip_ds6_dad_failed
                0x00008338       0x1c contiki-sky.a(uip-ds6.o)
                0x00008338                uip_ds6_dad_failed
 .text.uip_ds6_send_rs
                0x00008354       0x5c contiki-sky.a(uip-ds6.o)
                0x00008354                uip_ds6_send_rs
 .text.uip_ds6_send_node_new
                0x000083b0       0x5c contiki-sky.a(uip-ds6.o)
                0x000083b0                uip_ds6_send_node_new
 .text.uip_ds6_compute_reachable_time
                0x0000840c       0x3e contiki-sky.a(uip-ds6.o)
                0x0000840c                uip_ds6_compute_reachable_time
 .text.uip_ds6_init
                0x0000844a      0x15a contiki-sky.a(uip-ds6.o)
                0x0000844a                uip_ds6_init
 .text.chksum   0x000085a4       0x32 contiki-sky.a(uip6.o)
 .text.upper_layer_chksum
                0x000085d6       0x56 contiki-sky.a(uip6.o)
 .text.ext_hdr_options_process
                0x0000862c       0xb2 contiki-sky.a(uip6.o)
 .text.uip_add32
                0x000086de       0x68 contiki-sky.a(uip6.o)
                0x000086de                uip_add32
 .text.uip_add_rcv_nxt
                0x00008746       0x2e contiki-sky.a(uip6.o)
 .text.uip_icmp6chksum
                0x00008774        0xa contiki-sky.a(uip6.o)
                0x00008774                uip_icmp6chksum
 .text.uip_tcpchksum
                0x0000877e        0xa contiki-sky.a(uip6.o)
                0x0000877e                uip_tcpchksum
 .text.uip_udpchksum
                0x00008788        0xa contiki-sky.a(uip6.o)
                0x00008788                uip_udpchksum
 .text.uip_init
                0x00008792       0x56 contiki-sky.a(uip6.o)
                0x00008792                uip_init
 .text.remove_ext_hdr
                0x000087e8       0x54 contiki-sky.a(uip6.o)
                0x000087e8                remove_ext_hdr
 .text.uip_unlisten
                0x0000883c       0x1a contiki-sky.a(uip6.o)
                0x0000883c                uip_unlisten
 .text.uip_process
                0x00008856      0xcc0 contiki-sky.a(uip6.o)
                0x00008856                uip_process
 .text.uip_htons
                0x00009516        0xc contiki-sky.a(uip6.o)
                0x00009516                uip_htons
 .text.uip_htonl
                0x00009522       0x2e contiki-sky.a(uip6.o)
                0x00009522                uip_htonl
 .text.start_periodic_tcp_timer
                0x00009550       0x16 contiki-sky.a(tcpip.o)
 .text.tcpip_output
                0x00009566       0x10 contiki-sky.a(tcpip.o)
                0x00009566                tcpip_output
 .text.tcpip_set_outputfunc
                0x00009576        0x6 contiki-sky.a(tcpip.o)
                0x00009576                tcpip_set_outputfunc
 .text.tcpip_input
                0x0000957c       0x16 contiki-sky.a(tcpip.o)
                0x0000957c                tcpip_input
 .text.tcpip_ipv6_output
                0x00009592       0xe8 contiki-sky.a(tcpip.o)
                0x00009592                tcpip_ipv6_output
 .text.process_thread_tcpip_process
                0x0000967a      0x1d2 contiki-sky.a(tcpip.o)
 .text.tcpip_uipcall
                0x0000984c       0x62 contiki-sky.a(tcpip.o)
                0x0000984c                tcpip_uipcall
 .text.uip_debug_ipaddr_print
                0x000098ae       0xc8 contiki-sky.a(uip-debug.o)
                0x000098ae                uip_debug_ipaddr_print
 .text.uip_debug_interfaceaddr_print
                0x00009976       0x6c contiki-sky.a(uip-debug.o)
                0x00009976                uip_debug_interfaceaddr_print
 .text.input_packet
                0x000099e2        0x6 contiki-sky.a(csma.o)
 .text.on       0x000099e8        0x6 contiki-sky.a(csma.o)
 .text.off      0x000099ee        0x6 contiki-sky.a(csma.o)
 .text.channel_check_interval
                0x000099f4       0x10 contiki-sky.a(csma.o)
 .text.transmit_packet_list
                0x00009a04       0x24 contiki-sky.a(csma.o)
 .text.schedule_transmission
                0x00009a28       0x94 contiki-sky.a(csma.o)
 .text.init     0x00009abc       0x1a contiki-sky.a(csma.o)
 .text.tx_done  0x00009ad6       0x98 contiki-sky.a(csma.o)
 .text.send_packet
                0x00009b6e      0x164 contiki-sky.a(csma.o)
 .text.packet_sent
                0x00009cd2       0xd6 contiki-sky.a(csma.o)
 .text.create_frame.isra.0
                0x00009da8      0x114 contiki-sky.a(framer-802154.o)
 .text.create   0x00009ebc        0x8 contiki-sky.a(framer-802154.o)
 .text.hdr_length
                0x00009ec4        0x8 contiki-sky.a(framer-802154.o)
 .text.parse    0x00009ecc       0x9e contiki-sky.a(framer-802154.o)
 .text.mac_call_sent_callback
                0x00009f6a       0x14 contiki-sky.a(mac.o)
                0x00009f6a                mac_call_sent_callback
 .text.periodic
                0x00009f7e       0x28 contiki-sky.a(link-stats.o)
 .text.link_stats_is_fresh
                0x00009fa6       0x32 contiki-sky.a(link-stats.o)
                0x00009fa6                link_stats_is_fresh
 .text.link_stats_packet_sent
                0x00009fd8       0xd6 contiki-sky.a(link-stats.o)
                0x00009fd8                link_stats_packet_sent
 .text.link_stats_input_callback
                0x0000a0ae       0xb2 contiki-sky.a(link-stats.o)
                0x0000a0ae                link_stats_input_callback
 .text.link_stats_init
                0x0000a160       0x22 contiki-sky.a(link-stats.o)
                0x0000a160                link_stats_init
 .text.linkaddr_copy
                0x0000a182        0xc contiki-sky.a(linkaddr.o)
                0x0000a182                linkaddr_copy
 .text.linkaddr_cmp
                0x0000a18e       0x12 contiki-sky.a(linkaddr.o)
                0x0000a18e                linkaddr_cmp
 .text.linkaddr_set_node_addr
                0x0000a1a0        0xc contiki-sky.a(linkaddr.o)
                0x0000a1a0                linkaddr_set_node_addr
 .text.item_from_index
                0x0000a1ac       0x2a contiki-sky.a(nbr-table.o)
 .text.index_from_key
                0x0000a1d6       0x12 contiki-sky.a(nbr-table.o)
 .text.index_from_item
                0x0000a1e8       0x1e contiki-sky.a(nbr-table.o)
 .text.nbr_set_bit
                0x0000a206       0x58 contiki-sky.a(nbr-table.o)
 .text.index_from_lladdr
                0x0000a25e       0x42 contiki-sky.a(nbr-table.o)
 .text.nbr_get_bit.constprop.1
                0x0000a2a0       0x2e contiki-sky.a(nbr-table.o)
 .text.remove_key
                0x0000a2ce       0x66 contiki-sky.a(nbr-table.o)
 .text.nbr_table_register
                0x0000a334       0x26 contiki-sky.a(nbr-table.o)
                0x0000a334                nbr_table_register
 .text.nbr_table_next
                0x0000a35a       0x4e contiki-sky.a(nbr-table.o)
                0x0000a35a                nbr_table_next
 .text.nbr_table_head
                0x0000a3a8       0x3a contiki-sky.a(nbr-table.o)
                0x0000a3a8                nbr_table_head
 .text.nbr_table_add_lladdr
                0x0000a3e2       0xd8 contiki-sky.a(nbr-table.o)
                0x0000a3e2                nbr_table_add_lladdr
 .text.nbr_table_get_from_lladdr
                0x0000a4ba       0x2c contiki-sky.a(nbr-table.o)
                0x0000a4ba                nbr_table_get_from_lladdr
 .text.nbr_table_remove
                0x0000a4e6       0x32 contiki-sky.a(nbr-table.o)
                0x0000a4e6                nbr_table_remove
 .text.nbr_table_get_lladdr
                0x0000a518       0x1a contiki-sky.a(nbr-table.o)
                0x0000a518                nbr_table_get_lladdr
 .text.nbr_table_update_lladdr
                0x0000a532       0x5a contiki-sky.a(nbr-table.o)
                0x0000a532                nbr_table_update_lladdr
 .text.net_debug_lladdr_print
                0x0000a58c       0x3e contiki-sky.a(net-debug.o)
                0x0000a58c                net_debug_lladdr_print
 .text.packetbuf_hdrreduce
                0x0000a5ca       0x1a contiki-sky.a(packetbuf.o)
                0x0000a5ca                packetbuf_hdrreduce
 .text.packetbuf_set_datalen
                0x0000a5e4        0x6 contiki-sky.a(packetbuf.o)
                0x0000a5e4                packetbuf_set_datalen
 .text.packetbuf_hdrptr
                0x0000a5ea        0x6 contiki-sky.a(packetbuf.o)
                0x0000a5ea                packetbuf_hdrptr
 .text.packetbuf_datalen
                0x0000a5f0        0x6 contiki-sky.a(packetbuf.o)
                0x0000a5f0                packetbuf_datalen
 .text.packetbuf_hdrlen
                0x0000a5f6        0xa contiki-sky.a(packetbuf.o)
                0x0000a5f6                packetbuf_hdrlen
 .text.packetbuf_dataptr
                0x0000a600        0xc contiki-sky.a(packetbuf.o)
                0x0000a600                packetbuf_dataptr
 .text.packetbuf_copyto
                0x0000a60c       0x46 contiki-sky.a(packetbuf.o)
                0x0000a60c                packetbuf_copyto
 .text.packetbuf_totlen
                0x0000a652        0xc contiki-sky.a(packetbuf.o)
                0x0000a652                packetbuf_totlen
 .text.packetbuf_hdralloc
                0x0000a65e       0x3c contiki-sky.a(packetbuf.o)
                0x0000a65e                packetbuf_hdralloc
 .text.packetbuf_attr_clear
                0x0000a69a       0x28 contiki-sky.a(packetbuf.o)
                0x0000a69a                packetbuf_attr_clear
 .text.packetbuf_clear
                0x0000a6c2       0x12 contiki-sky.a(packetbuf.o)
                0x0000a6c2                packetbuf_clear
 .text.packetbuf_copyfrom
                0x0000a6d4       0x2e contiki-sky.a(packetbuf.o)
                0x0000a6d4                packetbuf_copyfrom
 .text.packetbuf_attr_copyto
                0x0000a702       0x20 contiki-sky.a(packetbuf.o)
                0x0000a702                packetbuf_attr_copyto
 .text.packetbuf_attr_copyfrom
                0x0000a722       0x22 contiki-sky.a(packetbuf.o)
                0x0000a722                packetbuf_attr_copyfrom
 .text.packetbuf_holds_broadcast
                0x0000a744        0xe contiki-sky.a(packetbuf.o)
                0x0000a744                packetbuf_holds_broadcast
 .text.queuebuf_init
                0x0000a752       0x12 contiki-sky.a(queuebuf.o)
                0x0000a752                queuebuf_init
 .text.queuebuf_numfree
                0x0000a764        0xa contiki-sky.a(queuebuf.o)
                0x0000a764                queuebuf_numfree
 .text.queuebuf_new_from_packetbuf
                0x0000a76e       0x52 contiki-sky.a(queuebuf.o)
                0x0000a76e                queuebuf_new_from_packetbuf
 .text.queuebuf_update_attr_from_packetbuf
                0x0000a7c0       0x12 contiki-sky.a(queuebuf.o)
                0x0000a7c0                queuebuf_update_attr_from_packetbuf
 .text.queuebuf_update_from_packetbuf
                0x0000a7d2       0x22 contiki-sky.a(queuebuf.o)
                0x0000a7d2                queuebuf_update_from_packetbuf
 .text.queuebuf_free
                0x0000a7f4       0x2a contiki-sky.a(queuebuf.o)
                0x0000a7f4                queuebuf_free
 .text.queuebuf_to_packetbuf
                0x0000a81e       0x32 contiki-sky.a(queuebuf.o)
                0x0000a81e                queuebuf_to_packetbuf
 .text.queuebuf_attr
                0x0000a850        0xe contiki-sky.a(queuebuf.o)
                0x0000a850                queuebuf_attr
 .text.duty_cycle
                0x0000a85e        0x6 contiki-sky.a(contikimac.o)
 .text.init     0x0000a864       0x2a contiki-sky.a(contikimac.o)
 .text.on       0x0000a88e       0x1a contiki-sky.a(contikimac.o)
 .text.off      0x0000a8a8       0x22 contiki-sky.a(contikimac.o)
 .text.recv_burst_off
                0x0000a8ca        0xa contiki-sky.a(contikimac.o)
 .text.turn_off
                0x0000a8d4       0x20 contiki-sky.a(contikimac.o)
 .text.turn_on  0x0000a8f4       0x30 contiki-sky.a(contikimac.o)
 .text.schedule_powercycle_fixed.part.4
                0x0000a924       0x32 contiki-sky.a(contikimac.o)
 .text.powercycle_turn_radio_off
                0x0000a956       0x30 contiki-sky.a(contikimac.o)
 .text.input_packet
                0x0000a986       0xb6 contiki-sky.a(contikimac.o)
 .text.send_packet.isra.8
                0x0000aa3c      0x20c contiki-sky.a(contikimac.o)
 .text.qsend_list
                0x0000ac48       0xd2 contiki-sky.a(contikimac.o)
 .text.qsend_packet
                0x0000ad1a       0x28 contiki-sky.a(contikimac.o)
 .text.powercycle_wrapper
                0x0000ad42      0x1ca contiki-sky.a(contikimac.o)
 .text.init     0x0000af0c        0x2 contiki-sky.a(nullsec.o)
 .text.send     0x0000af0e        0xa contiki-sky.a(nullsec.o)
 .text.input    0x0000af18        0x6 contiki-sky.a(nullsec.o)
 .text.spi_init
                0x0000af1e       0x30 contiki-sky.a(spi.o)
                0x0000af1e                spi_init
 .text.stimer_set
                0x0000af4e       0x1c contiki-sky.a(stimer.o)
                0x0000af4e                stimer_set
 .text.stimer_expired
                0x0000af6a       0x30 contiki-sky.a(stimer.o)
                0x0000af6a                stimer_expired
 .text.stimer_remaining
                0x0000af9a       0x28 contiki-sky.a(stimer.o)
                0x0000af9a                stimer_remaining
 .text.extract_lladdr_from_llao_aligned
                0x0000afc2       0x20 contiki-sky.a(uip-6lowpan-nd6)
 .text.na_input
                0x0000afe2      0x298 contiki-sky.a(uip-6lowpan-nd6)
 .text.create_llao
                0x0000b27a       0x26 contiki-sky.a(uip-6lowpan-nd6)
 .text.ns_input
                0x0000b2a0      0x33e contiki-sky.a(uip-6lowpan-nd6)
 .text.node_new_ack_input
                0x0000b5de       0x56 contiki-sky.a(uip-6lowpan-nd6)
                0x0000b5de                node_new_ack_input
 .text.r_addr_parameter_input
                0x0000b634      0x3d2 contiki-sky.a(uip-6lowpan-nd6)
                0x0000b634                r_addr_parameter_input
 .text.uip_nd6_lowpan_rs_output
                0x0000ba06      0x11e contiki-sky.a(uip-6lowpan-nd6)
                0x0000ba06                uip_nd6_lowpan_rs_output
 .text.uip_nd6_lowpan_node_new_output
                0x0000bb24      0x11e contiki-sky.a(uip-6lowpan-nd6)
                0x0000bb24                uip_nd6_lowpan_node_new_output
 .text.uip_nd6_init
                0x0000bc42       0x22 contiki-sky.a(uip-6lowpan-nd6)
                0x0000bc42                uip_nd6_init
 .text.uip_ds6_reg_add
                0x0000bc64       0xb8 contiki-sky.a(uip-ds6-reg.o)
                0x0000bc64                uip_ds6_reg_add
 .text.uip_ds6_reg_rm
                0x0000bd1c        0xe contiki-sky.a(uip-ds6-reg.o)
                0x0000bd1c                uip_ds6_reg_rm
 .text.uip_ds6_reg_lookup
                0x0000bd2a       0x3a contiki-sky.a(uip-ds6-reg.o)
                0x0000bd2a                uip_ds6_reg_lookup
 .text.uip_ds6_reg_cleanup_defrt
                0x0000bd64       0x2c contiki-sky.a(uip-ds6-reg.o)
                0x0000bd64                uip_ds6_reg_cleanup_defrt
 .text.uip_ds6_print_reg_list
                0x0000bd90      0x11c contiki-sky.a(uip-ds6-reg.o)
                0x0000bd90                uip_ds6_print_reg_list
 .text.uip_ds6_reg_update
                0x0000beac        0x2 contiki-sky.a(uip-ds6-reg.o)
                0x0000beac                uip_ds6_reg_update
 .text.call_route_callback
                0x0000beae       0x4c contiki-sky.a(uip-ds6-route.o)
 .text.uip_ds6_route_init
                0x0000befa       0x36 contiki-sky.a(uip-ds6-route.o)
                0x0000befa                uip_ds6_route_init
 .text.uip_ds6_route_nexthop
                0x0000bf30       0x1a contiki-sky.a(uip-ds6-route.o)
                0x0000bf30                uip_ds6_route_nexthop
 .text.uip_ds6_route_head
                0x0000bf4a        0xa contiki-sky.a(uip-ds6-route.o)
                0x0000bf4a                uip_ds6_route_head
 .text.uip_ds6_route_next
                0x0000bf54        0xe contiki-sky.a(uip-ds6-route.o)
                0x0000bf54                uip_ds6_route_next
 .text.assert_nbr_routes_list_sane
                0x0000bf62       0x48 contiki-sky.a(uip-ds6-route.o)
 .text.uip_ds6_route_lookup
                0x0000bfaa       0xdc contiki-sky.a(uip-ds6-route.o)
                0x0000bfaa                uip_ds6_route_lookup
 .text.uip_ds6_route_rm
                0x0000c086       0xf6 contiki-sky.a(uip-ds6-route.o)
                0x0000c086                uip_ds6_route_rm
 .text.rm_routelist
                0x0000c17c       0x44 contiki-sky.a(uip-ds6-route.o)
 .text.rm_routelist_callback
                0x0000c1c0        0x6 contiki-sky.a(uip-ds6-route.o)
 .text.uip_ds6_defrt_rm
                0x0000c1c6       0x58 contiki-sky.a(uip-ds6-route.o)
                0x0000c1c6                uip_ds6_defrt_rm
 .text.uip_ds6_defrt_lookup
                0x0000c21e       0x36 contiki-sky.a(uip-ds6-route.o)
                0x0000c21e                uip_ds6_defrt_lookup
 .text.uip_ds6_defrt_add
                0x0000c254       0xb8 contiki-sky.a(uip-ds6-route.o)
                0x0000c254                uip_ds6_defrt_add
 .text.uip_ds6_defrt_choose
                0x0000c30c       0x84 contiki-sky.a(uip-ds6-route.o)
                0x0000c30c                uip_ds6_defrt_choose
 .text.uip_ds6_defrt_periodic
                0x0000c390       0x4a contiki-sky.a(uip-ds6-route.o)
                0x0000c390                uip_ds6_defrt_periodic
 .text.echo_reply_input
                0x0000c3da      0x1a6 contiki-sky.a(uip-icmp6.o)
 .text.echo_request_input
                0x0000c580      0x2b2 contiki-sky.a(uip-icmp6.o)
 .text.uip_icmp6_input
                0x0000c832       0x48 contiki-sky.a(uip-icmp6.o)
                0x0000c832                uip_icmp6_input
 .text.uip_icmp6_register_input_handler
                0x0000c87a        0xc contiki-sky.a(uip-icmp6.o)
                0x0000c87a                uip_icmp6_register_input_handler
 .text.uip_icmp6_error_output
                0x0000c886      0x27a contiki-sky.a(uip-icmp6.o)
                0x0000c886                uip_icmp6_error_output
 .text.uip_icmp6_init
                0x0000cb00       0x12 contiki-sky.a(uip-icmp6.o)
                0x0000cb00                uip_icmp6_init
 .text.frame802154_get_pan_id
                0x0000cb12        0x6 contiki-sky.a(frame802154.o)
                0x0000cb12                frame802154_get_pan_id
 .text.frame802154_has_panid
                0x0000cb18       0xe0 contiki-sky.a(frame802154.o)
                0x0000cb18                frame802154_has_panid
 .text.field_len
                0x0000cbf8       0xac contiki-sky.a(frame802154.o)
 .text.frame802154_is_broadcast_addr
                0x0000cca4       0x28 contiki-sky.a(frame802154.o)
                0x0000cca4                frame802154_is_broadcast_addr
 .text.frame802154_hdrlen
                0x0000cccc       0x32 contiki-sky.a(frame802154.o)
                0x0000cccc                frame802154_hdrlen
 .text.frame802154_create
                0x0000ccfe      0x16a contiki-sky.a(frame802154.o)
                0x0000ccfe                frame802154_create
 .text.frame802154_parse
                0x0000ce68      0x200 contiki-sky.a(frame802154.o)
                0x0000ce68                frame802154_parse
 .text.mac_sequence_is_duplicate
                0x0000d068       0x6e contiki-sky.a(mac-sequence.o)
                0x0000d068                mac_sequence_is_duplicate
 .text.mac_sequence_register_seqno
                0x0000d0d6       0x78 contiki-sky.a(mac-sequence.o)
                0x0000d0d6                mac_sequence_register_seqno
 .text.libgcc   0x0000d14e       0x2c /usr/local/bin/../lib/gcc/msp430/4.7.2/mmpy-16/libgcc.a(_mulsi3.o)
                0x0000d14e                __mulsi3
 .text.libgcc   0x0000d17a       0x22 /usr/local/bin/../lib/gcc/msp430/4.7.2/mmpy-16/libgcc.a(_udivmod16.o)
                0x0000d17a                __udivhi3
                0x0000d17a                __ext_udivmod16
                0x0000d194                __umodhi3
 .text.libgcc   0x0000d19c       0x3a /usr/local/bin/../lib/gcc/msp430/4.7.2/mmpy-16/libgcc.a(_divmod16.o)
                0x0000d19c                __ext_divmod16
                0x0000d19c                __divhi3
                0x0000d1ce                __modhi3
 .text.libgcc   0x0000d1d6       0x40 /usr/local/bin/../lib/gcc/msp430/4.7.2/mmpy-16/libgcc.a(_udivmod32.o)
                0x0000d1d6                __udivsi3
                0x0000d1d6                __ext_udivmod32
                0x0000d20c                __umodsi3
 .text.libgcc   0x0000d216       0x4c /usr/local/bin/../lib/gcc/msp430/4.7.2/mmpy-16/libgcc.a(_divmod32.o)
                0x0000d216                __ext_divmod32
                0x0000d216                __divsi3
                0x0000d258                __modsi3
 .text.printf   0x0000d262       0x10 /usr/local/bin/../lib/gcc/msp430/4.7.2/../../../../msp430/lib/mmpy-16/libc.a(printf.o)
                0x0000d262                printf
 .text.print_field
                0x0000d272      0x194 /usr/local/bin/../lib/gcc/msp430/4.7.2/../../../../msp430/lib/mmpy-16/libc.a(vuprintf.o)
 .text.vuprintf
                0x0000d406      0x63e /usr/local/bin/../lib/gcc/msp430/4.7.2/../../../../msp430/lib/mmpy-16/libc.a(vuprintf.o)
                0x0000d406                vuprintf
 .text.puts     0x0000da44       0x2c /usr/local/bin/../lib/gcc/msp430/4.7.2/../../../../msp430/lib/mmpy-16/libc.a(puts.o)
                0x0000da44                puts
 .text.rand     0x0000da70       0x26 /usr/local/bin/../lib/gcc/msp430/4.7.2/../../../../msp430/lib/mmpy-16/libc.a(rand.o)
                0x0000da70                rand
 .text.srand    0x0000da96        0xa /usr/local/bin/../lib/gcc/msp430/4.7.2/../../../../msp430/lib/mmpy-16/libc.a(rand.o)
                0x0000da96                srand
 .text.memcmp   0x0000daa0       0x30 /usr/local/bin/../lib/gcc/msp430/4.7.2/../../../../msp430/lib/mmpy-16/libc.a(memcmp.o)
                0x0000daa0                memcmp
 .text.memcpy   0x0000dad0       0xfa /usr/local/bin/../lib/gcc/msp430/4.7.2/../../../../msp430/lib/mmpy-16/libc.a(memcpy.o)
                0x0000dad0                memcpy
 .text.memmove  0x0000dbca       0xfa /usr/local/bin/../lib/gcc/msp430/4.7.2/../../../../msp430/lib/mmpy-16/libc.a(memmove.o)
                0x0000dbca                memmove
 .text.memset   0x0000dcc4       0x6a /usr/local/bin/../lib/gcc/msp430/4.7.2/../../../../msp430/lib/mmpy-16/libc.a(memset.o)
                0x0000dcc4                memset
 .text.libgcc   0x0000dd2e       0xf0 /usr/local/bin/../lib/gcc/msp430/4.7.2/mmpy-16/libgcc.a(_udivmod64.o)
                0x0000dd2e                __xabi_udivmod64
                0x0000dd8c                __udivdi3
                0x0000ddb2                __umoddi3
                0x0000dde0                __udivmoddi4
 .text.crt0     0x0000de1e        0x2 /usr/local/bin/../lib/gcc/msp430/4.7.2/mmpy-16/libcrt0.a(_unexpected_.o)
                0x0000de1e                _unexpected_
 *(.near.text .near.text.*)

.rodata         0x0000de20     0x10a4
                0x0000de20                . = ALIGN (0x2)
 *(.rodata .rodata.* .gnu.linkonce.r.*)
 .rodata        0x0000de20       0x18 Node.co
                0x0000de2e                autostart_processes
 .rodata        0x0000de38      0x10a obj_sky/contiki-sky-main.o
 .rodata        0x0000df42       0xa3 contiki-sky.a(powertrace.o)
 *fill*         0x0000dfe5        0x1 00
 .rodata        0x0000dfe6       0x10 contiki-sky.a(button-sensor.o)
                0x0000dfee                button_sensor
 .rodata        0x0000dff6        0x8 contiki-sky.a(sensors.o)
 *fill*         0x0000dffe        0x2 00
 .rodata.get_value
                0x0000e000       0x24 contiki-sky.a(cc2420.o)
 .rodata.set_value
                0x0000e024       0x10 contiki-sky.a(cc2420.o)
 .rodata        0x0000e034       0x3e contiki-sky.a(cc2420.o)
                0x0000e034                cc2420_aes_128_driver
                0x0000e038                cc2420_driver
 .rodata        0x0000e072        0xf contiki-sky.a(ctimer.o)
 .rodata        0x0000e081        0xc contiki-sky.a(etimer.o)
 *fill*         0x0000e08d        0x1 00
 .rodata        0x0000e08e       0x24 contiki-sky.a(sicslowpan.o)
                0x0000e09a                sicslowpan_driver
                0x0000e0a0                llprefix
                0x0000e0a2                unc_mxconf
                0x0000e0a6                unc_ctxconf
                0x0000e0aa                unc_llconf
 .rodata        0x0000e0b2       0x64 contiki-sky.a(uip-ds6-nbr.o)
 .rodata        0x0000e116      0x14c contiki-sky.a(uip-ds6.o)
 *fill*         0x0000e262        0x2 00
 .rodata.uip_process
                0x0000e264       0x20 contiki-sky.a(uip6.o)
 .rodata        0x0000e284       0xaf contiki-sky.a(tcpip.o)
 .rodata        0x0000e333       0x7c contiki-sky.a(uip-debug.o)
 *fill*         0x0000e3af        0x1 00
 .rodata        0x0000e3b0       0x14 contiki-sky.a(csma.o)
                0x0000e3b6                csma_driver
 .rodata        0x0000e3c4        0x6 contiki-sky.a(framer-802154.o)
                0x0000e3c4                framer_802154
 .rodata        0x0000e3ca        0x2 contiki-sky.a(linkaddr.o)
                0x0000e3ca                linkaddr_null
 .rodata        0x0000e3cc       0x14 contiki-sky.a(net-debug.o)
 .rodata        0x0000e3e0       0x1c contiki-sky.a(contikimac.o)
                0x0000e3ec                contikimac_driver
 .rodata        0x0000e3fc       0x10 contiki-sky.a(nullsec.o)
                0x0000e404                nullsec_driver
 .rodata        0x0000e40c      0x4ca contiki-sky.a(uip-6lowpan-nd6)
 .rodata        0x0000e8d6       0xdc contiki-sky.a(uip-ds6-reg.o)
 .rodata        0x0000e9b2      0x435 contiki-sky.a(uip-ds6-route.o)
 .rodata        0x0000ede7       0xd4 contiki-sky.a(uip-icmp6.o)
 .rodata        0x0000eebb        0x2 contiki-sky.a(frame802154.o)
 .rodata.vuprintf
                0x0000eebd        0x7 /usr/local/bin/../lib/gcc/msp430/4.7.2/../../../../msp430/lib/mmpy-16/libc.a(vuprintf.o)
 *(.near.rodata .near.rodata.*)
                0x0000eec4                . = ALIGN (0x2)
                0x0000eec4                _etext = .

.data           0x00001100       0xea load address 0x0000eec4
                0x00001100                . = ALIGN (0x2)
                0x00001100                __data_start = .
 *(.data .data.* .gnu.linkonce.d.*)
 .data          0x00001100        0xa Node.co
                0x00001100                node
 .data          0x0000110a       0x18 contiki-sky.a(powertrace.o)
                0x0000110a                powertrace_process
 .data          0x00001122        0x4 contiki-sky.a(contiki-sky-pla)
                0x00001122                sensors
 .data          0x00001126        0xa contiki-sky.a(sensors.o)
                0x00001126                sensors_process
 .data          0x00001130        0xc contiki-sky.a(cc2420.o)
                0x00001130                cc2420_process
 .data          0x0000113c        0x2 contiki-sky.a(msp430.o)
 .data          0x0000113e        0xa contiki-sky.a(ctimer.o)
                0x0000113e                ctimer_process
 .data          0x00001148        0xa contiki-sky.a(etimer.o)
                0x00001148                etimer_process
 .data          0x00001152        0xa contiki-sky.a(uip-ds6-nbr.o)
                0x00001152                ds6_neighbors
 .data          0x0000115c        0xa contiki-sky.a(tcpip.o)
                0x0000115c                tcpip_process
 .data          0x00001166       0x18 contiki-sky.a(csma.o)
 .data          0x0000117e        0x8 contiki-sky.a(link-stats.o)
 .data          0x00001186        0x8 contiki-sky.a(nbr-table.o)
 .data          0x0000118e       0x10 contiki-sky.a(queuebuf.o)
 .data          0x0000119e       0x18 contiki-sky.a(uip-6lowpan-nd6)
 .data          0x000011b6       0x22 contiki-sky.a(uip-ds6-route.o)
                0x000011b6                nbr_routes
 .data          0x000011d8        0xc contiki-sky.a(uip-icmp6.o)
 .data          0x000011e4        0x2 contiki-sky.a(frame802154.o)
 .data.next     0x000011e6        0x4 /usr/local/bin/../lib/gcc/msp430/4.7.2/../../../../msp430/lib/mmpy-16/libc.a(rand.o)
 *(.near.data .near.data.*)
                0x000011ea                . = ALIGN (0x2)
                0x000011ea                _edata = .
                0x0000eec4                __data_load_start = LOADADDR (.data)
                0x000000ea                __data_size = SIZEOF (.data)

.bss            0x000011ea     0x20d2 load address 0x0000efae
                0x000011ea                __bss_start = .
 *(.bss .bss.*)
 .bss           0x000011ea        0xc obj_sky/contiki-sky-main.o
 .bss           0x000011f6      0x31a contiki-sky.a(powertrace.o)
 .bss           0x00001510        0x8 contiki-sky.a(button-sensor.o)
 .bss           0x00001518        0x2 contiki-sky.a(node-id.o)
                0x00001518                node_id
 .bss           0x0000151a        0x6 contiki-sky.a(sensors.o)
 .bss           0x00001520        0xa contiki-sky.a(cc2420.o)
 .bss           0x0000152a       0x9a contiki-sky.a(uart1.o)
 .bss           0x000015c4        0xa contiki-sky.a(clock.o)
 .bss           0x000015ce        0x1 contiki-sky.a(leds.o)
 *fill*         0x000015cf        0x1 00
 .bss           0x000015d0        0x2 contiki-sky.a(watchdog.o)
 .bss           0x000015d2        0x8 contiki-sky.a(compower.o)
 .bss           0x000015da        0x4 contiki-sky.a(ctimer.o)
 .bss           0x000015de        0x6 contiki-sky.a(etimer.o)
 .bss           0x000015e4       0x38 contiki-sky.a(process.o)
                0x000015e4                process_current
                0x000015e6                process_list
 .bss           0x0000161c        0x2 contiki-sky.a(rtimer.o)
 .bss           0x0000161e      0x6ce contiki-sky.a(sicslowpan.o)
 .bss           0x00001cec      0x240 contiki-sky.a(uip-ds6-nbr.o)
 .bss           0x00001f2c       0x18 contiki-sky.a(uip-ds6.o)
 .bss           0x00001f44        0xa contiki-sky.a(uip6.o)
                0x00001f44                uip_ext_opt_offset
                0x00001f45                uip_ext_len
                0x00001f46                uip_ext_bitmap
 .bss           0x00001f4e       0x30 contiki-sky.a(tcpip.o)
 .bss           0x00001f7e       0xb4 contiki-sky.a(csma.o)
 .bss           0x00002032        0x2 contiki-sky.a(framer-802154.o)
 .bss           0x00002034       0xa0 contiki-sky.a(link-stats.o)
 .bss           0x000020d4       0x84 contiki-sky.a(nbr-table.o)
 .bss           0x00002158       0x86 contiki-sky.a(packetbuf.o)
 .bss           0x000021de      0x540 contiki-sky.a(queuebuf.o)
 .bss           0x0000271e       0x32 contiki-sky.a(contikimac.o)
 .bss           0x00002750       0x52 contiki-sky.a(uip-6lowpan-nd6)
 .bss           0x000027a2        0x2 contiki-sky.a(uip-ds6-reg.o)
 .bss           0x000027a4      0x2e2 contiki-sky.a(uip-ds6-route.o)
 .bss           0x00002a86       0x14 contiki-sky.a(uip-icmp6.o)
 .bss           0x00002a9a       0x80 contiki-sky.a(mac-sequence.o)
 *(.near.bss .near.bss.*)
 *(COMMON)
 COMMON         0x00002b1a        0x2 contiki-sky.a(contiki-sky-pla)
                0x00002b1a                sensors_flags
 COMMON         0x00002b1c        0x8 contiki-sky.a(ds2411.o)
                0x00002b1c                ds2411_id
 COMMON         0x00002b24        0x1 contiki-sky.a(sensors.o)
                0x00002b24                sensors_event
 *fill*         0x00002b25        0x1 00
 COMMON         0x00002b26       0x10 contiki-sky.a(cc2420.o)
                0x00002b26                cc2420_last_rssi
                0x00002b28                cc2420_sfd_start_time
                0x00002b2a                cc2420_time_of_departure
                0x00002b2c                cc2420_time_of_arrival
                0x00002b2e                cc2420_last_correlation
                0x00002b30                cc2420_authority_level_of_sender
                0x00002b32                cc2420_sfd_counter
                0x00002b34                cc2420_sfd_end_time
 COMMON         0x00002b36        0x2 contiki-sky.a(msp430.o)
                0x00002b36                msp430_dco_required
 COMMON         0x00002b38        0x8 contiki-sky.a(compower.o)
                0x00002b38                compower_idle_activity
 COMMON         0x00002b40       0x56 contiki-sky.a(energest.o)
                0x00002b40                energest_total_time
                0x00002b70                energest_total_count
                0x00002b72                energest_current_mode
                0x00002b7e                energest_current_time
 COMMON         0x00002b96        0x1 contiki-sky.a(process.o)
                0x00002b96                process_maxevents
 *fill*         0x00002b97        0x1 00
 COMMON         0x00002b98      0x1c4 contiki-sky.a(uip-ds6.o)
                0x00002b98                uip_ds6_if
                0x00002c6e                uip_ds6_netif_addr_list_offset
                0x00002c70                uip_ds6_context_list
                0x00002cbe                uip_ds6_addr_size
                0x00002cc0                uip_ds6_prefix_list
                0x00002d1a                uip_ds6_timer_periodic
                0x00002d26                global_fipaddr
                0x00002d36                context
                0x00002d50                uip_ds6_timer_rs
 COMMON         0x00002d5c      0x2fe contiki-sky.a(uip6.o)
                0x00002d5c                uip_len
                0x00002d5e                uip_sappdata
                0x00002d60                uip_acc32
                0x00002d64                uip_lladdr
                0x00002d66                uip_aligned_buf
                0x00002e56                uip_flags
                0x00002e58                uip_next_hdr
                0x00002e5a                uip_udp_conn
                0x00002e5c                uip_appdata
                0x00002e5e                uip_conn
                0x00002e60                uip_conns
                0x00002f10                uip_listenports
                0x00002f20                uip_slen
                0x00002f22                uip_udp_conns
 COMMON         0x0000305a        0x1 contiki-sky.a(tcpip.o)
                0x0000305a                tcpip_event
 *fill*         0x0000305b        0x1 00
 COMMON         0x0000305c       0x14 contiki-sky.a(link-stats.o)
                0x0000305c                periodic_timer
 COMMON         0x00003070        0x2 contiki-sky.a(linkaddr.o)
                0x00003070                linkaddr_node_addr
 COMMON         0x00003072       0x22 contiki-sky.a(packetbuf.o)
                0x00003072                packetbuf_addrs
                0x00003076                packetbuf_attrs
 COMMON         0x00003094      0x228 contiki-sky.a(uip-ds6-reg.o)
                0x00003094                uip_ds6_reg_list
                0x000032bc                . = ALIGN (0x2)
                0x000032bc                __bss_end = .
                0x000020d2                __bss_size = SIZEOF (.bss)

.noinit         0x000032bc        0x2 load address 0x0000efae
                0x000032bc                . = ALIGN (0x2)
                0x000032bc                __noinit_start = .
 *(.noinit .noinit.*)
 .noinit.crt0   0x000032bc        0x2 /usr/local/bin/../lib/gcc/msp430/4.7.2/mmpy-16/libcrt0.a(__watchdog_support.o)
                0x000032bc                __wdt_clear_value
                0x000032be                . = ALIGN (0x2)
                0x000032be                __noinit_end = .
                0x000032be                . = ALIGN (0x2)
                0x000032be                _end = .

.infomem        0x00001000        0x0
                0x00001000                . = ALIGN (0x2)
 *(.infomem .infomem.*)

.infomemnobits  0x00001000        0x0
                0x00001000                . = ALIGN (0x2)
 *(.infomemnobits .infomemnobits.*)

.infoa          0x00001080        0x0
                0x00001080                . = ALIGN (0x2)
 *(.infoa .infoa.*)

.infob          0x00001000        0x0
                0x00001000                . = ALIGN (0x2)
 *(.infob .infob.*)

.infoc          0x00000000        0x0
                0x00000000                . = ALIGN (0x2)
 *(.infoc .infoc.*)

.infod          0x00000000        0x0
                0x00000000                . = ALIGN (0x2)
 *(.infod .infod.*)
                0x0000ffff                PROVIDE (__vte_0, 0xffff)
                0x0000ffff                PROVIDE (__vte_1, 0xffff)
                0x0000ffff                PROVIDE (__vte_2, 0xffff)
                0x0000ffff                PROVIDE (__vte_3, 0xffff)
                0x0000ffff                PROVIDE (__vte_4, 0xffff)
                0x0000ffff                PROVIDE (__vte_5, 0xffff)
                0x0000ffff                PROVIDE (__vte_6, 0xffff)
                0x0000ffff                PROVIDE (__vte_7, 0xffff)
                0x0000ffff                PROVIDE (__vte_8, 0xffff)
                0x0000ffff                PROVIDE (__vte_9, 0xffff)
                0x0000ffff                PROVIDE (__vte_10, 0xffff)
                0x0000ffff                PROVIDE (__vte_11, 0xffff)
                0x0000ffff                PROVIDE (__vte_12, 0xffff)
                0x0000ffff                PROVIDE (__vte_13, 0xffff)
                0x0000ffff                PROVIDE (__vte_14, 0xffff)
                0x0000ffff                PROVIDE (__vte_15, 0xffff)
                0x0000ffff                PROVIDE (__vte_16, 0xffff)
                0x0000ffff                PROVIDE (__vte_17, 0xffff)
                0x0000ffff                PROVIDE (__vte_18, 0xffff)
                0x0000ffff                PROVIDE (__vte_19, 0xffff)
                0x0000ffff                PROVIDE (__vte_20, 0xffff)
                0x0000ffff                PROVIDE (__vte_21, 0xffff)
                0x0000ffff                PROVIDE (__vte_22, 0xffff)
                0x0000ffff                PROVIDE (__vte_23, 0xffff)
                0x0000ffff                PROVIDE (__vte_24, 0xffff)
                0x0000ffff                PROVIDE (__vte_25, 0xffff)
                0x0000ffff                PROVIDE (__vte_26, 0xffff)
                0x0000ffff                PROVIDE (__vte_27, 0xffff)
                0x0000ffff                PROVIDE (__vte_28, 0xffff)
                0x0000ffff                PROVIDE (__vte_29, 0xffff)
                0x0000ffff                PROVIDE (__vte_30, 0xffff)
                0x0000ffff                PROVIDE (__vte_31, 0xffff)

.vectors        0x0000ffe0       0x20
                0x0000ffe0                __vectors_start = .
 *(.vectors*)
 .vectors       0x0000ffe0       0x20 /usr/local/bin/../lib/gcc/msp430/4.7.2/mmpy-16/crt0ivtbl16.o
                0x0000ffe0                __ivtbl_16
                0x00010000                _vectors_end = .

.fartext        0x00000000        0x0
                0x00000000                . = ALIGN (0x2)
 *(.fartext .fartext.*)

.far.text       0x00000000        0x0
                0x00000000                . = ALIGN (0x2)
 *(.far.text .far.text.*)

.far.rodata     0x00000000        0x0
                0x00000000                . = ALIGN (0x2)
 *(.far.rodata .far.rodata.*)
                0x00000000                . = ALIGN (0x2)
                0x00000000                _efartext = .

.far.data       0x00000000        0x0
                0x00000000                . = ALIGN (0x2)
                0x00000000                __far_data_start = .
 *(.far.data .far.data.*)
                0x00000000                . = ALIGN (0x2)
                0x00000000                _efardata = .
                0x00000000                __far_data_load_start = LOADADDR (.far.data)
                0x00000000                __far_data_size = SIZEOF (.far.data)

.far.bss        0x00000000        0x0
                0x00000000                . = ALIGN (0x2)
                0x00000000                __far_bss_start = .
 *(.far.bss .far.bss.*)
                0x00000000                . = ALIGN (0x2)
                0x00000000                __far_bss_end = .
                0x00000000                __far_bss_size = SIZEOF (.far.bss)
                0x00000000                . = ALIGN (0x2)
                0x00000000                _far_end = .

.profiler
 *(.profiler)

.stab           0x00000000    0x25d70
 *(.stab)
 .stab          0x00000000      0x7f8 Node.co
 .stab          0x000007f8     0x180c obj_sky/contiki-sky-main.o
                               0x1b84 (size before relaxing)
 .stab          0x00002004     0x11b8 contiki-sky.a(powertrace.o)
                               0x192c (size before relaxing)
 .stab          0x000031bc      0x258 contiki-sky.a(contiki-sky-pla)
                                0x5ac (size before relaxing)
 .stab          0x00003414      0x468 contiki-sky.a(button-sensor.o)
                                0x7d4 (size before relaxing)
 .stab          0x0000387c      0x618 contiki-sky.a(ds2411.o)
                                0xb34 (size before relaxing)
 .stab          0x00003e94      0x9d8 contiki-sky.a(xmem.o)
                                0xf00 (size before relaxing)
 .stab          0x0000486c      0x2b8 contiki-sky.a(node-id.o)
                                0x4e0 (size before relaxing)
 .stab          0x00004b24      0x69c contiki-sky.a(sensors.o)
                                0xbb8 (size before relaxing)
 .stab          0x000051c0     0x2850 contiki-sky.a(cc2420.o)
                               0x2f7c (size before relaxing)
 .stab          0x00007a10      0xe04 contiki-sky.a(cc2420-arch.o)
                               0x1818 (size before relaxing)
 .stab          0x00008814      0x600 contiki-sky.a(uart1.o)
                                0x954 (size before relaxing)
 .stab          0x00008e14      0x234 contiki-sky.a(uart1-putchar.o)
                                0x588 (size before relaxing)
 .stab          0x00009048      0x72c contiki-sky.a(msp430.o)
                                0xa80 (size before relaxing)
 .stab          0x00009774      0x930 contiki-sky.a(clock.o)
                                0xc84 (size before relaxing)
 .stab          0x0000a0a4      0x5a0 contiki-sky.a(leds.o)
                                0x7ec (size before relaxing)
 .stab          0x0000a644      0x378 contiki-sky.a(leds-arch.o)
                                0x6cc (size before relaxing)
 .stab          0x0000a9bc      0x3cc contiki-sky.a(watchdog.o)
                                0x720 (size before relaxing)
 .stab          0x0000ad88      0x3b4 contiki-sky.a(rtimer-arch.o)
                                0x708 (size before relaxing)
 .stab          0x0000b13c      0x294 contiki-sky.a(autostart.o)
                                0x534 (size before relaxing)
 .stab          0x0000b3d0      0x558 contiki-sky.a(compower.o)
                                0xcf0 (size before relaxing)
 .stab          0x0000b928      0x834 contiki-sky.a(ctimer.o)
                                0xba0 (size before relaxing)
 .stab          0x0000c15c      0x474 contiki-sky.a(energest.o)
                                0x6fc (size before relaxing)
 .stab          0x0000c5d0      0xa80 contiki-sky.a(etimer.o)
                                0xd50 (size before relaxing)
 .stab          0x0000d050      0xb94 contiki-sky.a(process.o)
                               0x102c (size before relaxing)
 .stab          0x0000dbe4      0x39c contiki-sky.a(rtimer.o)
                                0x6b4 (size before relaxing)
 .stab          0x0000df80      0x348 contiki-sky.a(timer.o)
                                0x588 (size before relaxing)
 .stab          0x0000e2c8      0x7bc contiki-sky.a(list.o)
                                0x7c8 (size before relaxing)
 .stab          0x0000ea84      0x5c4 contiki-sky.a(memb.o)
                                0xaf8 (size before relaxing)
 .stab          0x0000f048      0x240 contiki-sky.a(random.o)
                                0x618 (size before relaxing)
 .stab          0x0000f288     0x2c58 contiki-sky.a(sicslowpan.o)
                               0x3624 (size before relaxing)
 .stab          0x00011ee0      0xa74 contiki-sky.a(uip-ds6-nbr.o)
                               0x16d4 (size before relaxing)
 .stab          0x00012954     0x1b18 contiki-sky.a(uip-ds6.o)
                               0x273c (size before relaxing)
 .stab          0x0001446c     0x26e8 contiki-sky.a(uip6.o)
                               0x34c8 (size before relaxing)
 .stab          0x00016b54     0x11a0 contiki-sky.a(tcpip.o)
                               0x240c (size before relaxing)
 .stab          0x00017cf4      0x5ac contiki-sky.a(uip-debug.o)
                               0x1290 (size before relaxing)
 .stab          0x000182a0     0x1134 contiki-sky.a(csma.o)
                               0x165c (size before relaxing)
 .stab          0x000193d4      0x900 contiki-sky.a(framer-802154.o)
                                0xf0c (size before relaxing)
 .stab          0x00019cd4      0x1f8 contiki-sky.a(mac.o)
                                0x4ec (size before relaxing)
 .stab          0x00019ecc      0x7bc contiki-sky.a(link-stats.o)
                               0x1188 (size before relaxing)
 .stab          0x0001a688      0x2ac contiki-sky.a(linkaddr.o)
                                0x6a8 (size before relaxing)
 .stab          0x0001a934     0x1038 contiki-sky.a(nbr-table.o)
                               0x19a4 (size before relaxing)
 .stab          0x0001b96c      0x2c4 contiki-sky.a(net-debug.o)
                                0xa8c (size before relaxing)
 .stab          0x0001bc30      0xca8 contiki-sky.a(packetbuf.o)
                               0x1ec0 (size before relaxing)
 .stab          0x0001c8d8      0xa8c contiki-sky.a(queuebuf.o)
                               0x1c8c (size before relaxing)
 .stab          0x0001d364     0x1758 contiki-sky.a(contikimac.o)
                               0x234c (size before relaxing)
 .stab          0x0001eabc      0x39c contiki-sky.a(nullsec.o)
                                0xccc (size before relaxing)
 .stab          0x0001ee58      0x1f8 contiki-sky.a(spi.o)
                                0x420 (size before relaxing)
 .stab          0x0001f050      0x3b4 contiki-sky.a(stimer.o)
                                0x5f4 (size before relaxing)
 .stab          0x0001f404     0x2418 contiki-sky.a(uip-6lowpan-nd6)
                               0x318c (size before relaxing)
 .stab          0x0002181c      0xa38 contiki-sky.a(uip-ds6-reg.o)
                               0x1824 (size before relaxing)
 .stab          0x00022254     0x174c contiki-sky.a(uip-ds6-route.o)
                               0x2448 (size before relaxing)
 .stab          0x000239a0      0xccc contiki-sky.a(uip-icmp6.o)
                               0x1a04 (size before relaxing)
 .stab          0x0002466c     0x1074 contiki-sky.a(frame802154.o)
                               0x1860 (size before relaxing)
 .stab          0x000256e0      0x690 contiki-sky.a(mac-sequence.o)
                               0x18a8 (size before relaxing)

.stabstr        0x00000000    0x1edcf
 *(.stabstr)
 .stabstr       0x00000000    0x1edcf Node.co

.stab.excl
 *(.stab.excl)

.stab.exclstr
 *(.stab.exclstr)

.stab.index
 *(.stab.index)

.stab.indexstr
 *(.stab.indexstr)

.comment        0x00000000       0x30
 *(.comment)
 .comment       0x00000000       0x30 Node.co
                                 0x31 (size before relaxing)
 .comment       0x00000000       0x31 obj_sky/contiki-sky-main.o
 .comment       0x00000000       0x31 contiki-sky.a(powertrace.o)
 .comment       0x00000000       0x31 contiki-sky.a(contiki-sky-pla)
 .comment       0x00000000       0x31 contiki-sky.a(button-sensor.o)
 .comment       0x00000000       0x31 contiki-sky.a(ds2411.o)
 .comment       0x00000000       0x31 contiki-sky.a(xmem.o)
 .comment       0x00000000       0x31 contiki-sky.a(node-id.o)
 .comment       0x00000000       0x31 contiki-sky.a(sensors.o)
 .comment       0x00000000       0x31 contiki-sky.a(cc2420.o)
 .comment       0x00000000       0x31 contiki-sky.a(cc2420-arch.o)
 .comment       0x00000000       0x31 contiki-sky.a(uart1.o)
 .comment       0x00000000       0x31 contiki-sky.a(uart1-putchar.o)
 .comment       0x00000000       0x31 contiki-sky.a(msp430.o)
 .comment       0x00000000       0x31 contiki-sky.a(clock.o)
 .comment       0x00000000       0x31 contiki-sky.a(leds.o)
 .comment       0x00000000       0x31 contiki-sky.a(leds-arch.o)
 .comment       0x00000000       0x31 contiki-sky.a(watchdog.o)
 .comment       0x00000000       0x31 contiki-sky.a(rtimer-arch.o)
 .comment       0x00000000       0x31 contiki-sky.a(autostart.o)
 .comment       0x00000000       0x31 contiki-sky.a(compower.o)
 .comment       0x00000000       0x31 contiki-sky.a(ctimer.o)
 .comment       0x00000000       0x31 contiki-sky.a(energest.o)
 .comment       0x00000000       0x31 contiki-sky.a(etimer.o)
 .comment       0x00000000       0x31 contiki-sky.a(process.o)
 .comment       0x00000000       0x31 contiki-sky.a(rtimer.o)
 .comment       0x00000000       0x31 contiki-sky.a(timer.o)
 .comment       0x00000000       0x31 contiki-sky.a(list.o)
 .comment       0x00000000       0x31 contiki-sky.a(memb.o)
 .comment       0x00000000       0x31 contiki-sky.a(random.o)
 .comment       0x00000000       0x31 contiki-sky.a(sicslowpan.o)
 .comment       0x00000000       0x31 contiki-sky.a(uip-ds6-nbr.o)
 .comment       0x00000000       0x31 contiki-sky.a(uip-ds6.o)
 .comment       0x00000000       0x31 contiki-sky.a(uip6.o)
 .comment       0x00000000       0x31 contiki-sky.a(tcpip.o)
 .comment       0x00000000       0x31 contiki-sky.a(uip-debug.o)
 .comment       0x00000000       0x31 contiki-sky.a(csma.o)
 .comment       0x00000000       0x31 contiki-sky.a(framer-802154.o)
 .comment       0x00000000       0x31 contiki-sky.a(mac.o)
 .comment       0x00000000       0x31 contiki-sky.a(link-stats.o)
 .comment       0x00000000       0x31 contiki-sky.a(linkaddr.o)
 .comment       0x00000000       0x31 contiki-sky.a(nbr-table.o)
 .comment       0x00000000       0x31 contiki-sky.a(net-debug.o)
 .comment       0x00000000       0x31 contiki-sky.a(packetbuf.o)
 .comment       0x00000000       0x31 contiki-sky.a(queuebuf.o)
 .comment       0x00000000       0x31 contiki-sky.a(contikimac.o)
 .comment       0x00000000       0x31 contiki-sky.a(nullsec.o)
 .comment       0x00000000       0x31 contiki-sky.a(spi.o)
 .comment       0x00000000       0x31 contiki-sky.a(stimer.o)
 .comment       0x00000000       0x31 contiki-sky.a(uip-6lowpan-nd6)
 .comment       0x00000000       0x31 contiki-sky.a(uip-ds6-reg.o)
 .comment       0x00000000       0x31 contiki-sky.a(uip-ds6-route.o)
 .comment       0x00000000       0x31 contiki-sky.a(uip-icmp6.o)
 .comment       0x00000000       0x31 contiki-sky.a(frame802154.o)
 .comment       0x00000000       0x31 contiki-sky.a(mac-sequence.o)
 .comment       0x00000000       0x31 /usr/local/bin/../lib/gcc/msp430/4.7.2/../../../../msp430/lib/mmpy-16/libc.a(printf.o)
 .comment       0x00000000       0x31 /usr/local/bin/../lib/gcc/msp430/4.7.2/../../../../msp430/lib/mmpy-16/libc.a(vuprintf.o)
 .comment       0x00000000       0x31 /usr/local/bin/../lib/gcc/msp430/4.7.2/../../../../msp430/lib/mmpy-16/libc.a(puts.o)
 .comment       0x00000000       0x31 /usr/local/bin/../lib/gcc/msp430/4.7.2/../../../../msp430/lib/mmpy-16/libc.a(rand.o)
 .comment       0x00000000       0x31 /usr/local/bin/../lib/gcc/msp430/4.7.2/../../../../msp430/lib/mmpy-16/libc.a(memcmp.o)
 .comment       0x00000000       0x31 /usr/local/bin/../lib/gcc/msp430/4.7.2/../../../../msp430/lib/mmpy-16/libc.a(memcpy.o)
 .comment       0x00000000       0x31 /usr/local/bin/../lib/gcc/msp430/4.7.2/../../../../msp430/lib/mmpy-16/libc.a(memmove.o)
 .comment       0x00000000       0x31 /usr/local/bin/../lib/gcc/msp430/4.7.2/../../../../msp430/lib/mmpy-16/libc.a(memset.o)

.debug
 *(.debug)

.line
 *(.line)

.debug_srcinfo
 *(.debug_srcinfo)

.debug_sfnames
 *(.debug_sfnames)

.debug_aranges  0x00000000      0x1b4
 *(.debug_aranges)
 .debug_aranges
                0x00000000       0x14 /usr/local/bin/../lib/gcc/msp430/4.7.2/mmpy-16/crt0ivtbl16.o
 .debug_aranges
                0x00000014       0x14 /usr/local/bin/../lib/gcc/msp430/4.7.2/mmpy-16/libgcc.a(_mulsi3.o)
 .debug_aranges
                0x00000028       0x14 /usr/local/bin/../lib/gcc/msp430/4.7.2/mmpy-16/libgcc.a(_udivmod16.o)
 .debug_aranges
                0x0000003c       0x14 /usr/local/bin/../lib/gcc/msp430/4.7.2/mmpy-16/libgcc.a(_divmod16.o)
 .debug_aranges
                0x00000050       0x14 /usr/local/bin/../lib/gcc/msp430/4.7.2/mmpy-16/libgcc.a(_udivmod32.o)
 .debug_aranges
                0x00000064       0x14 /usr/local/bin/../lib/gcc/msp430/4.7.2/mmpy-16/libgcc.a(_divmod32.o)
 .debug_aranges
                0x00000078       0x18 /usr/local/bin/../lib/gcc/msp430/4.7.2/../../../../msp430/lib/mmpy-16/libc.a(printf.o)
 .debug_aranges
                0x00000090       0x18 /usr/local/bin/../lib/gcc/msp430/4.7.2/../../../../msp430/lib/mmpy-16/libc.a(vuprintf.o)
 .debug_aranges
                0x000000a8       0x14 /usr/local/bin/../lib/gcc/msp430/4.7.2/../../../../msp430/lib/mmpy-16/libc.a(puts.o)
 .debug_aranges
                0x000000bc       0x1c /usr/local/bin/../lib/gcc/msp430/4.7.2/../../../../msp430/lib/mmpy-16/libc.a(rand.o)
 .debug_aranges
                0x000000d8       0x14 /usr/local/bin/../lib/gcc/msp430/4.7.2/../../../../msp430/lib/mmpy-16/libc.a(memcmp.o)
 .debug_aranges
                0x000000ec       0x14 /usr/local/bin/../lib/gcc/msp430/4.7.2/../../../../msp430/lib/mmpy-16/libc.a(memcpy.o)
 .debug_aranges
                0x00000100       0x14 /usr/local/bin/../lib/gcc/msp430/4.7.2/../../../../msp430/lib/mmpy-16/libc.a(memmove.o)
 .debug_aranges
                0x00000114       0x14 /usr/local/bin/../lib/gcc/msp430/4.7.2/../../../../msp430/lib/mmpy-16/libc.a(memset.o)
 .debug_aranges
                0x00000128       0x14 /usr/local/bin/../lib/gcc/msp430/4.7.2/mmpy-16/libgcc.a(_udivmod64.o)
 .debug_aranges
                0x0000013c       0x14 /usr/local/bin/../lib/gcc/msp430/4.7.2/mmpy-16/libcrt0.a(__watchdog_support.o)
 .debug_aranges
                0x00000150       0x14 /usr/local/bin/../lib/gcc/msp430/4.7.2/mmpy-16/libcrt0.a(__init_stack.o)
 .debug_aranges
                0x00000164       0x14 /usr/local/bin/../lib/gcc/msp430/4.7.2/mmpy-16/libcrt0.a(_copy_data.o)
 .debug_aranges
                0x00000178       0x14 /usr/local/bin/../lib/gcc/msp430/4.7.2/mmpy-16/libcrt0.a(_clear_bss.o)
 .debug_aranges
                0x0000018c       0x14 /usr/local/bin/../lib/gcc/msp430/4.7.2/mmpy-16/libcrt0.a(_endless_loop__.o)
 .debug_aranges
                0x000001a0       0x14 /usr/local/bin/../lib/gcc/msp430/4.7.2/mmpy-16/libcrt0.a(_unexpected_.o)

.debug_pubnames
 *(.debug_pubnames)

.debug_info     0x00000000     0x14b6
 *(.debug_info)
 .debug_info    0x00000000       0x8f /usr/local/bin/../lib/gcc/msp430/4.7.2/mmpy-16/crt0ivtbl16.o
 .debug_info    0x0000008f       0x8c /usr/local/bin/../lib/gcc/msp430/4.7.2/mmpy-16/libgcc.a(_mulsi3.o)
 .debug_info    0x0000011b       0x8c /usr/local/bin/../lib/gcc/msp430/4.7.2/mmpy-16/libgcc.a(_udivmod16.o)
 .debug_info    0x000001a7       0x8c /usr/local/bin/../lib/gcc/msp430/4.7.2/mmpy-16/libgcc.a(_divmod16.o)
 .debug_info    0x00000233       0x8c /usr/local/bin/../lib/gcc/msp430/4.7.2/mmpy-16/libgcc.a(_udivmod32.o)
 .debug_info    0x000002bf       0x8c /usr/local/bin/../lib/gcc/msp430/4.7.2/mmpy-16/libgcc.a(_divmod32.o)
 .debug_info    0x0000034b      0x16e /usr/local/bin/../lib/gcc/msp430/4.7.2/../../../../msp430/lib/mmpy-16/libc.a(printf.o)
 .debug_info    0x000004b9      0x5d4 /usr/local/bin/../lib/gcc/msp430/4.7.2/../../../../msp430/lib/mmpy-16/libc.a(vuprintf.o)
 .debug_info    0x00000a8d       0xc7 /usr/local/bin/../lib/gcc/msp430/4.7.2/../../../../msp430/lib/mmpy-16/libc.a(puts.o)
 .debug_info    0x00000b54      0x146 /usr/local/bin/../lib/gcc/msp430/4.7.2/../../../../msp430/lib/mmpy-16/libc.a(rand.o)