Archive member included because of file (symbol)

contiki-sky.a(contiki-sky-pla)
                              obj_sky/contiki-sky-main.o (init_platform)
contiki-sky.a(button-sensor.o)
                              contiki-sky.a(contiki-sky-pla) (button_sensor)
contiki-sky.a(ds2411.o)       obj_sky/contiki-sky-main.o (ds2411_init)
contiki-sky.a(xmem.o)         obj_sky/contiki-sky-main.o (xmem_init)
contiki-sky.a(node-id.o)      obj_sky/contiki-sky-main.o (node_id_restore)
contiki-sky.a(sensors.o)      contiki-sky.a(button-sensor.o) (sensors_changed)
contiki-sky.a(cc2420.o)       obj_sky/contiki-sky-main.o (cc2420_set_pan_addr)
contiki-sky.a(cc2420-arch.o)  contiki-sky.a(cc2420.o) (cc2420_arch_init)
contiki-sky.a(uart1.o)        obj_sky/contiki-sky-main.o (uart1_active)
contiki-sky.a(uart1-putchar.o)
                              obj_sky/contiki-sky-main.o (putchar)
contiki-sky.a(msp430.o)       contiki-sky.a(uart1.o) (msp430_add_lpm_req)
contiki-sky.a(clock.o)        obj_sky/contiki-sky-main.o (clock_init)
contiki-sky.a(leds.o)         obj_sky/contiki-sky-main.o (leds_init)
contiki-sky.a(leds-arch.o)    contiki-sky.a(leds.o) (leds_arch_init)
contiki-sky.a(watchdog.o)     obj_sky/contiki-sky-main.o (watchdog_start)
contiki-sky.a(rtimer-arch.o)  obj_sky/contiki-sky-main.o (rtimer_arch_now)
contiki-sky.a(autostart.o)    obj_sky/contiki-sky-main.o (autostart_start)
contiki-sky.a(ctimer.o)       obj_sky/contiki-sky-main.o (ctimer_init)
contiki-sky.a(energest.o)     obj_sky/contiki-sky-main.o (energest_init)
contiki-sky.a(etimer.o)       contiki-sky.a(clock.o) (etimer_request_poll)
contiki-sky.a(process.o)      contiki-sky.a(ctimer.o) (process_current)
contiki-sky.a(rtimer.o)       obj_sky/contiki-sky-main.o (rtimer_init)
contiki-sky.a(timer.o)        obj_sky/contiki-sky-main.o (timer_set)
contiki-sky.a(list.o)         contiki-sky.a(ctimer.o) (list_init)
contiki-sky.a(random.o)       obj_sky/contiki-sky-main.o (random_init)
contiki-sky.a(sicslowpan.o)   obj_sky/contiki-sky-main.o (sicslowpan_driver)
contiki-sky.a(uip-ds6-nbr.o)  contiki-sky.a(sicslowpan.o) (uip_ds6_link_neighbor_callback)
contiki-sky.a(uip-ds6.o)      contiki-sky.a(sicslowpan.o) (uip_ds6_set_addr_iid)
contiki-sky.a(uip6.o)         contiki-sky.a(sicslowpan.o) (uip_aligned_buf)
contiki-sky.a(tcpip.o)        contiki-sky.a(sicslowpan.o) (tcpip_set_outputfunc)
contiki-sky.a(uip-debug.o)    contiki-sky.a(uip-ds6-nbr.o) (uip_debug_ipaddr_print)
contiki-sky.a(csma.o)         obj_sky/contiki-sky-main.o (csma_driver)
contiki-sky.a(framer-802154.o)
                              contiki-sky.a(sicslowpan.o) (framer_802154)
contiki-sky.a(mac.o)          contiki-sky.a(csma.o) (mac_call_sent_callback)
contiki-sky.a(link-stats.o)   contiki-sky.a(uip-ds6-nbr.o) (link_stats_packet_sent)
contiki-sky.a(linkaddr.o)     obj_sky/contiki-sky-main.o (linkaddr_copy)
contiki-sky.a(nbr-table.o)    contiki-sky.a(uip-ds6-nbr.o) (nbr_table_register)
contiki-sky.a(net-debug.o)    contiki-sky.a(uip-ds6-nbr.o) (net_debug_lladdr_print)
contiki-sky.a(packetbuf.o)    contiki-sky.a(framer-802154.o) (packetbuf_hdrreduce)
contiki-sky.a(queuebuf.o)     obj_sky/contiki-sky-main.o (queuebuf_init)
contiki-sky.a(contikimac.o)   obj_sky/contiki-sky-main.o (contikimac_driver)
contiki-sky.a(nullsec.o)      obj_sky/contiki-sky-main.o (nullsec_driver)
contiki-sky.a(spi.o)          contiki-sky.a(xmem.o) (spi_init)
contiki-sky.a(compower.o)     contiki-sky.a(contikimac.o) (compower_idle_activity)
contiki-sky.a(stimer.o)       contiki-sky.a(uip-ds6.o) (stimer_set)
contiki-sky.a(memb.o)         contiki-sky.a(csma.o) (memb_init)
contiki-sky.a(uip-6lowpan-nd6)
                              contiki-sky.a(uip-ds6.o) (uip_nd6_lowpan_ra_output)
contiki-sky.a(uip-ds6-reg.o)  contiki-sky.a(uip-ds6.o) (uip_ds6_reg_add)
contiki-sky.a(uip-ds6-route.o)
                              contiki-sky.a(uip-ds6.o) (uip_ds6_route_init)
contiki-sky.a(uip-icmp6.o)    contiki-sky.a(uip6.o) (uip_icmp6_input)
contiki-sky.a(frame802154.o)  contiki-sky.a(framer-802154.o) (frame802154_get_pan_id)
contiki-sky.a(mac-sequence.o)
                              contiki-sky.a(contikimac.o) (mac_sequence_is_duplicate)
/usr/local/bin/../lib/gcc/msp430/4.7.2/mmpy-16/libgcc.a(_mulsi3.o)
                              contiki-sky.a(csma.o) (__mulsi3)
/usr/local/bin/../lib/gcc/msp430/4.7.2/mmpy-16/libgcc.a(_udivmod16.o)
                              contiki-sky.a(uip-ds6.o) (__umodhi3)
/usr/local/bin/../lib/gcc/msp430/4.7.2/mmpy-16/libgcc.a(_divmod16.o)
                              contiki-sky.a(sicslowpan.o) (__divhi3)
/usr/local/bin/../lib/gcc/msp430/4.7.2/mmpy-16/libgcc.a(_udivmod32.o)
                              obj_sky/contiki-sky-main.o (__udivsi3)
/usr/local/bin/../lib/gcc/msp430/4.7.2/mmpy-16/libgcc.a(_divmod32.o)
                              contiki-sky.a(link-stats.o) (__divsi3)
/usr/local/bin/../lib/gcc/msp430/4.7.2/../../../../msp430/lib/mmpy-16/libc.a(printf.o)
[...]
Memory Configuration

Name             Origin             Length             Attributes
sfr              0x00000000         0x00000010
peripheral_8bit  0x00000010         0x000000f0
peripheral_16bit 0x00000100         0x00000100
ram_mirror       0x00000200         0x00000800         xw
infomem          0x00001000         0x00000100
infob            0x00001000         0x00000080
infoa            0x00001080         0x00000080
ram              0x00001100         0x00002800         xw
rom              0x00004000         0x0000bfe0         xr
vectors          0x0000ffe0         0x00000020
bsl              0x00000000         0x00000000
infoc            0x00000000         0x00000000
infod            0x00000000         0x00000000
ram2             0x00000000         0x00000000         xw
usbram           0x00000000         0x00000000         xw
far_rom          0x00000000         0x00000000
*default*        0x00000000         0xffffffff

Linker script and memory map

LOAD /usr/local/bin/../lib/gcc/msp430/4.7.2/mmpy-16/crt0ivtbl16.o
LOAD mch.co
LOAD obj_sky/contiki-sky-main.o
LOAD contiki-sky.a
LOAD /usr/local/bin/../lib/gcc/msp430/4.7.2/mmpy-16/libgcc.a
LOAD /usr/local/bin/../lib/gcc/msp430/4.7.2/../../../../msp430/lib/mmpy-16/libc.a
LOAD /usr/local/bin/../lib/gcc/msp430/4.7.2/mmpy-16/libgcc.a
LOAD /usr/local/bin/../lib/gcc/msp430/4.7.2/mmpy-16/libcrt0.a
                0x00000080                PROVIDE (__info_segment_size, 0x80)
                0x00001000                PROVIDE (__infob, 0x1000)
                0x00001080                PROVIDE (__infoa, 0x1080)
                0x00000000                __IE1 = 0x0
                0x00000002                __IFG1 = 0x2
                0x00000004                __ME1 = 0x4
                0x00000001                __IE2 = 0x1
                0x00000003                __IFG2 = 0x3
                0x00000005                __ME2 = 0x5
                0x00000120                __WDTCTL = 0x120
                0x00000130                __MPY = 0x130
                0x00000132                __MPYS = 0x132
                0x00000134                __MAC = 0x134
                0x00000136                __MACS = 0x136
                0x00000138                __OP2 = 0x138
                0x0000013a                __RESLO = 0x13a
                0x0000013c                __RESHI = 0x13c
                0x0000013e                __SUMEXT = 0x13e
                0x00000020                __P1IN = 0x20
                0x00000021                __P1OUT = 0x21
                0x00000022                __P1DIR = 0x22
                0x00000023                __P1IFG = 0x23
                0x00000024                __P1IES = 0x24
                0x00000025                __P1IE = 0x25
                0x00000026                __P1SEL = 0x26
                0x00000028                __P2IN = 0x28
                0x00000029                __P2OUT = 0x29
                0x0000002a                __P2DIR = 0x2a
                0x0000002b                __P2IFG = 0x2b
                0x0000002c                __P2IES = 0x2c
                0x0000002d                __P2IE = 0x2d
                0x0000002e                __P2SEL = 0x2e
                0x00000018                __P3IN = 0x18
                0x00000019                __P3OUT = 0x19
                0x0000001a                __P3DIR = 0x1a
                0x0000001b                __P3SEL = 0x1b
                0x0000001c                __P4IN = 0x1c
                0x0000001d                __P4OUT = 0x1d
                0x0000001e                __P4DIR = 0x1e
                0x0000001f                __P4SEL = 0x1f
                0x00000030                __P5IN = 0x30
                0x00000031                __P5OUT = 0x31
                0x00000032                __P5DIR = 0x32
                0x00000033                __P5SEL = 0x33
                0x00000034                __P6IN = 0x34
                0x00000035                __P6OUT = 0x35
                0x00000036                __P6DIR = 0x36
                0x00000037                __P6SEL = 0x37
                0x00000070                __U0CTL = 0x70
                0x00000071                __U0TCTL = 0x71
                0x00000072                __U0RCTL = 0x72
                0x00000073                __U0MCTL = 0x73
                0x00000074                __U0BR0 = 0x74
                0x00000075                __U0BR1 = 0x75
                0x00000076                __U0RXBUF = 0x76
                0x00000077                __U0TXBUF = 0x77
                0x00000078                __U1CTL = 0x78
                0x00000079                __U1TCTL = 0x79
                0x0000007a                __U1RCTL = 0x7a
                0x0000007b                __U1MCTL = 0x7b
                0x0000007c                __U1BR0 = 0x7c
                0x0000007d                __U1BR1 = 0x7d
                0x0000007e                __U1RXBUF = 0x7e
                0x0000007f                __U1TXBUF = 0x7f
                0x00000050                __I2CIE = 0x50
                0x00000051                __I2CIFG = 0x51
                0x00000052                __I2CNDAT = 0x52
                0x00000071                __I2CTCTL = 0x71
                0x00000072                __I2CDCTL = 0x72
                0x00000073                __I2CPSC = 0x73
                0x00000074                __I2CSCLH = 0x74
                0x00000075                __I2CSCLL = 0x75
                0x00000076                __I2CDRB = 0x76
                0x00000076                __I2CDRW = 0x76
                0x00000118                __I2COA = 0x118
                0x0000011a                __I2CSA = 0x11a
                0x0000011c                __I2CIV = 0x11c
                0x0000012e                __TAIV = 0x12e
                0x00000160                __TACTL = 0x160
                0x00000162                __TACCTL0 = 0x162
                0x00000164                __TACCTL1 = 0x164
                0x00000166                __TACCTL2 = 0x166
                0x00000170                __TAR = 0x170
                0x00000172                __TACCR0 = 0x172
                0x00000174                __TACCR1 = 0x174
                0x00000176                __TACCR2 = 0x176
                0x0000011e                __TBIV = 0x11e
                0x00000180                __TBCTL = 0x180
                0x00000182                __TBCCTL0 = 0x182
                0x00000184                __TBCCTL1 = 0x184
                0x00000186                __TBCCTL2 = 0x186
                0x00000188                __TBCCTL3 = 0x188
                0x0000018a                __TBCCTL4 = 0x18a
                0x0000018c                __TBCCTL5 = 0x18c
                0x0000018e                __TBCCTL6 = 0x18e
                0x00000190                __TBR = 0x190
                0x00000192                __TBCCR0 = 0x192
                0x00000194                __TBCCR1 = 0x194
                0x00000196                __TBCCR2 = 0x196
                0x00000198                __TBCCR3 = 0x198
                0x0000019a                __TBCCR4 = 0x19a
                0x0000019c                __TBCCR5 = 0x19c
                0x0000019e                __TBCCR6 = 0x19e
                0x00000056                __DCOCTL = 0x56
                0x00000057                __BCSCTL1 = 0x57
                0x00000058                __BCSCTL2 = 0x58
                0x00000055                __SVSCTL = 0x55
                0x00000128                __FCTL1 = 0x128
                0x0000012a                __FCTL2 = 0x12a
                0x0000012c                __FCTL3 = 0x12c
                0x00000059                __CACTL1 = 0x59
                0x0000005a                __CACTL2 = 0x5a
                0x0000005b                __CAPD = 0x5b
                0x000001a0                __ADC12CTL0 = 0x1a0
                0x000001a2                __ADC12CTL1 = 0x1a2
                0x000001a4                __ADC12IFG = 0x1a4
                0x000001a6                __ADC12IE = 0x1a6
                0x000001a8                __ADC12IV = 0x1a8
                0x00000140                __ADC12MEM0 = 0x140
                0x00000142                __ADC12MEM1 = 0x142
                0x00000144                __ADC12MEM2 = 0x144
                0x00000146                __ADC12MEM3 = 0x146
                0x00000148                __ADC12MEM4 = 0x148
                0x0000014a                __ADC12MEM5 = 0x14a
                0x0000014c                __ADC12MEM6 = 0x14c
                0x0000014e                __ADC12MEM7 = 0x14e
                0x00000150                __ADC12MEM8 = 0x150
                0x00000152                __ADC12MEM9 = 0x152
                0x00000154                __ADC12MEM10 = 0x154
                0x00000156                __ADC12MEM11 = 0x156
                0x00000158                __ADC12MEM12 = 0x158
                0x0000015a                __ADC12MEM13 = 0x15a
                0x0000015c                __ADC12MEM14 = 0x15c
                0x0000015e                __ADC12MEM15 = 0x15e
                0x00000080                __ADC12MCTL0 = 0x80
                0x00000081                __ADC12MCTL1 = 0x81
                0x00000082                __ADC12MCTL2 = 0x82
                0x00000083                __ADC12MCTL3 = 0x83
                0x00000084                __ADC12MCTL4 = 0x84
                0x00000085                __ADC12MCTL5 = 0x85
                0x00000086                __ADC12MCTL6 = 0x86
                0x00000087                __ADC12MCTL7 = 0x87
                0x00000088                __ADC12MCTL8 = 0x88
                0x00000089                __ADC12MCTL9 = 0x89
                0x0000008a                __ADC12MCTL10 = 0x8a
                0x0000008b                __ADC12MCTL11 = 0x8b
                0x0000008c                __ADC12MCTL12 = 0x8c
                0x0000008d                __ADC12MCTL13 = 0x8d
                0x0000008e                __ADC12MCTL14 = 0x8e
                0x0000008f                __ADC12MCTL15 = 0x8f
                0x000001c0                __DAC12_0CTL = 0x1c0
                0x000001c2                __DAC12_1CTL = 0x1c2
                0x000001c8                __DAC12_0DAT = 0x1c8
                0x000001ca                __DAC12_1DAT = 0x1ca
                0x00000122                __DMACTL0 = 0x122
                0x00000124                __DMACTL1 = 0x124
                0x000001e0                __DMA0CTL = 0x1e0
                0x000001e8                __DMA1CTL = 0x1e8
                0x000001f0                __DMA2CTL = 0x1f0
                0x000001e2                __DMA0SA = 0x1e2
                0x000001e4                __DMA0DA = 0x1e4
                0x000001e6                __DMA0SZ = 0x1e6
                0x000001ea                __DMA1SA = 0x1ea
                0x000001ec                __DMA1DA = 0x1ec
                0x000001ee                __DMA1SZ = 0x1ee
                0x000001f2                __DMA2SA = 0x1f2
                0x000001f4                __DMA2DA = 0x1f4
                0x000001f6                __DMA2SZ = 0x1f6

.hash
 *(.hash)

.dynsym
 *(.dynsym)

.dynstr
 *(.dynstr)

.gnu.version
 *(.gnu.version)

.gnu.version_d
 *(.gnu.version_d)

.gnu.version_r
 *(.gnu.version_r)

.rel.init
 *(.rel.init)

.rela.init
 *(.rela.init)

.rel.fini
 *(.rel.fini)

.rela.fini
 *(.rela.fini)

.rel.text
 *(.rel.text .rel.text.* .rel.gnu.linkonce.t.*)

.rela.text
 *(.rela.text .rela.text.* .rela.gnu.linkonce.t.*)

.rel.rodata
 *(.rel.rodata .rel.rodata.* .rel.gnu.linkonce.r.*)

.rela.rodata
 *(.rela.rodata .rela.rodata.* .rela.gnu.linkonce.r.*)

.rel.data
 *(.rel.data .rel.data.* .rel.gnu.linkonce.d.*)

.rela.data
 *(.rela.data .rela.data.* .rela.gnu.linkonce.d.*)

.rel.bss
 *(.rel.bss .rel.bss.* .rel.gnu.linkonce.b.*)

.rela.bss
 *(.rela.bss .rela.bss.* .rela.gnu.linkonce.b.*)

.rel.ctors
 *(.rel.ctors)

.rela.ctors
 *(.rela.ctors)

.rel.dtors
 *(.rel.dtors)

.rela.dtors
 *(.rela.dtors)

.rel.got
 *(.rel.got)

.rela.got
 *(.rela.got)

.rel.plt
 *(.rel.plt)

.rela.plt
 *(.rela.plt)

.text           0x00004000     0x98fe
                0x00004000                . = ALIGN (0x2)
 *(.init .init.*)
 *(.init0)
 .init0         0x00004000        0x0 /usr/local/bin/../lib/gcc/msp430/4.7.2/mmpy-16/libcrt0.a(_reset_vector__.o)
                0x00004000                _reset_vector__
 *(.init1)
 .init1         0x00004000        0xc /usr/local/bin/../lib/gcc/msp430/4.7.2/mmpy-16/libcrt0.a(__watchdog_support.o)
                0x00004000                __watchdog_support
 *(.init2)
 .init2         0x0000400c        0x4 /usr/local/bin/../lib/gcc/msp430/4.7.2/mmpy-16/libcrt0.a(__init_stack.o)
                0x0000400c                __init_stack
 *(.init3)
 .init3         0x00004010        0x0 /usr/local/bin/../lib/gcc/msp430/4.7.2/mmpy-16/libcrt0.a(__low_level_init.o)
                0x00004010                __low_level_init
 *(.init4)
 .init4         0x00004010       0x18 /usr/local/bin/../lib/gcc/msp430/4.7.2/mmpy-16/libcrt0.a(_copy_data.o)
                0x00004010                __do_copy_data
 .init4         0x00004028       0x16 /usr/local/bin/../lib/gcc/msp430/4.7.2/mmpy-16/libcrt0.a(_clear_bss.o)
                0x00004028                __do_clear_bss
 *(.init5)
 *(.init6)
 *(.init7)
 *(.init8)
 *(.init9)
 .init9         0x0000403e      0x2ec obj_sky/contiki-sky-main.o
                0x0000403e                main
 *(.fini9)
 .fini9         0x0000432a        0x0 /usr/local/bin/../lib/gcc/msp430/4.7.2/mmpy-16/libcrt0.a(__stop_progExec__.o)
                0x0000432a                __stop_progExec__
 *(.fini8)
 *(.fini7)
 *(.fini6)
 *(.fini5)
 *(.fini4)
 *(.fini3)
 *(.fini2)
 *(.fini1)
 *(.fini0)
 .fini0         0x0000432a        0x6 /usr/local/bin/../lib/gcc/msp430/4.7.2/mmpy-16/libcrt0.a(_endless_loop__.o)
                0x0000432a                _endless_loop__
 *(.fini .fini.*)
                0x00004330                . = ALIGN (0x2)
                0x00004330                __ctors_start = .
 *(.ctors)
                0x00004330                __ctors_end = .
                0x00004330                __dtors_start = .
 *(.dtors)
                0x00004330                __dtors_end = .
                0x00004330                . = ALIGN (0x2)
 *(.text .text.* .gnu.linkonce.t.*)
 .text          0x00004330        0x4 /usr/local/bin/../lib/gcc/msp430/4.7.2/mmpy-16/crt0ivtbl16.o
                0x00004330                __isr_14
                0x00004330                __isr_11
                0x00004330                __isr_2
                0x00004330                __isr_7
                0x00004330                __isr_0
                0x00004330                __isr_8
                0x00004330                __isr_3
                0x00004330                __isr_12
                0x00004330                __isr_13
                0x00004330                __isr_9
 .text.process_thread_mch
                0x00004334       0x1e mch.co
 .text.init_platform
                0x00004352        0xc contiki-sky.a(contiki-sky-pla)
                0x00004352                init_platform
 .text.status   0x0000435e       0x18 contiki-sky.a(button-sensor.o)
 .text.value    0x00004376       0x20 contiki-sky.a(button-sensor.o)
 .text.configure
                0x00004396       0x4c contiki-sky.a(button-sensor.o)
 .text.irq_p2   0x000043e2       0x88 contiki-sky.a(button-sensor.o)
                0x000043e2                irq_p2
                0x000043e2                __isr_1
 .text.owreadb  0x0000446a       0x50 contiki-sky.a(ds2411.o)
 .text.ds2411_init
                0x000044ba      0x120 contiki-sky.a(ds2411.o)
                0x000044ba                ds2411_init
 .text.wait_ready
                0x000045da       0x4a contiki-sky.a(xmem.o)
 .text.xmem_init
                0x00004624       0x3c contiki-sky.a(xmem.o)
                0x00004624                xmem_init
 .text.xmem_pread
                0x00004660       0xda contiki-sky.a(xmem.o)
                0x00004660                xmem_pread
 .text.node_id_restore
                0x0000473a       0x38 contiki-sky.a(node-id.o)
                0x0000473a                node_id_restore
 .text.process_thread_sensors_process
                0x00004772       0xc2 contiki-sky.a(sensors.o)
 .text.sensors_changed
                0x00004834       0x2a contiki-sky.a(sensors.o)
                0x00004834                sensors_changed
 .text.get_object
                0x0000485e        0x4 contiki-sky.a(cc2420.o)
 .text.set_object
                0x00004862        0x4 contiki-sky.a(cc2420.o)
 .text.strobe   0x00004866       0x1c contiki-sky.a(cc2420.o)
 .text.getreg   0x00004882       0x4c contiki-sky.a(cc2420.o)
 .text.setreg   0x000048ce       0x4c contiki-sky.a(cc2420.o)
 .text.write_ram
                0x0000491a       0x7c contiki-sky.a(cc2420.o)
 .text.write_fifo_buf
                0x00004996       0x3c contiki-sky.a(cc2420.o)
 .text.get_status
                0x000049d2       0x20 contiki-sky.a(cc2420.o)
 .text.set_txpower
                0x000049f2       0x24 contiki-sky.a(cc2420.o)
 .text.cc2420_receiving_packet
                0x00004a16        0xc contiki-sky.a(cc2420.o)
 .text.pending_packet
                0x00004a22        0x8 contiki-sky.a(cc2420.o)
 .text.on       0x00004a2a       0x26 contiki-sky.a(cc2420.o)
 .text.wait_for_transmission
                0x00004a50       0x22 contiki-sky.a(cc2420.o)
 .text.wait_for_status
                0x00004a72       0x28 contiki-sky.a(cc2420.o)
 .text.getrxdata
                0x00004a9a       0x50 contiki-sky.a(cc2420.o)
 .text.flushrx  0x00004aea       0x1a contiki-sky.a(cc2420.o)
 .text.off      0x00004b04       0x5e contiki-sky.a(cc2420.o)
 .text.RELEASE_LOCK
                0x00004b62       0x28 contiki-sky.a(cc2420.o)
 .text.set_key  0x00004b8a       0x18 contiki-sky.a(cc2420.o)
 .text.set_frame_filtering
                0x00004ba2       0x30 contiki-sky.a(cc2420.o)
 .text.set_auto_ack
                0x00004bd2       0x30 contiki-sky.a(cc2420.o)
 .text.set_poll_mode
                0x00004c02       0x2c contiki-sky.a(cc2420.o)
 .text.cc2420_prepare
                0x00004c2e       0x3c contiki-sky.a(cc2420.o)
 .text.cc2420_on
                0x00004c6a       0x22 contiki-sky.a(cc2420.o)
                0x00004c6a                cc2420_on
 .text.cc2420_off
                0x00004c8c       0x30 contiki-sky.a(cc2420.o)
                0x00004c8c                cc2420_off
 .text.cc2420_cca
                0x00004cbc       0x68 contiki-sky.a(cc2420.o)
 .text.cc2420_read
                0x00004d24       0xbc contiki-sky.a(cc2420.o)
 .text.process_thread_cc2420_process
                0x00004de0       0x5c contiki-sky.a(cc2420.o)
 .text.encrypt  0x00004e3c       0x88 contiki-sky.a(cc2420.o)
 .text.cc2420_set_channel
                0x00004ec4       0x3c contiki-sky.a(cc2420.o)
                0x00004ec4                cc2420_set_channel
 .text.cc2420_set_pan_addr
                0x00004f00       0x4c contiki-sky.a(cc2420.o)
                0x00004f00                cc2420_set_pan_addr
 .text.cc2420_interrupt
                0x00004f4c       0x16 contiki-sky.a(cc2420.o)
                0x00004f4c                cc2420_interrupt
 .text.cc2420_set_txpower
                0x00004f62        0xe contiki-sky.a(cc2420.o)
                0x00004f62                cc2420_set_txpower
 .text.cc2420_get_txpower
                0x00004f70       0x1e contiki-sky.a(cc2420.o)
                0x00004f70                cc2420_get_txpower
 .text.cc2420_transmit
                0x00004f8e      0x116 contiki-sky.a(cc2420.o)
 .text.cc2420_send
                0x000050a4       0x12 contiki-sky.a(cc2420.o)
 .text.cc2420_rssi
                0x000050b6       0x4c contiki-sky.a(cc2420.o)
                0x000050b6                cc2420_rssi
 .text.get_value
                0x00005102      0x104 contiki-sky.a(cc2420.o)
 .text.cc2420_set_cca_threshold
                0x00005206       0x16 contiki-sky.a(cc2420.o)
                0x00005206                cc2420_set_cca_threshold
 .text.set_value
                0x0000521c       0xb8 contiki-sky.a(cc2420.o)
 .text.cc2420_init
                0x000052d4       0xea contiki-sky.a(cc2420.o)
                0x000052d4                cc2420_init
 .text.cc2420_port1_interrupt
                0x000053be       0x62 contiki-sky.a(cc2420-arch.o)
                0x000053be                __isr_4
                0x000053be                cc2420_port1_interrupt
 .text.cc2420_arch_init
                0x00005420       0x1a contiki-sky.a(cc2420-arch.o)
                0x00005420                cc2420_arch_init
 .text.uart1_active
                0x0000543a       0x18 contiki-sky.a(uart1.o)
                0x0000543a                uart1_active
 .text.uart1_writeb
                0x00005452       0x18 contiki-sky.a(uart1.o)
                0x00005452                uart1_writeb
 .text.uart1_init
                0x0000546a       0xf4 contiki-sky.a(uart1.o)
                0x0000546a                uart1_init
 .text.putchar  0x0000555e       0x10 contiki-sky.a(uart1-putchar.o)
                0x0000555e                putchar
 .text.msp430_init_dco
                0x0000556e       0x82 contiki-sky.a(msp430.o)
                0x0000556e                msp430_init_dco
 .text.msp430_add_lpm_req
                0x000055f0        0xc contiki-sky.a(msp430.o)
                0x000055f0                msp430_add_lpm_req
 .text.msp430_cpu_init
                0x000055fc       0x2a contiki-sky.a(msp430.o)
                0x000055fc                msp430_cpu_init
 .text.splhigh_
                0x00005626        0x8 contiki-sky.a(msp430.o)
                0x00005626                splhigh_
 .text.msp430_sync_dco
                0x0000562e       0x6c contiki-sky.a(msp430.o)
                0x0000562e                msp430_sync_dco
 .text.timera1  0x0000569a      0x11e contiki-sky.a(clock.o)
                0x0000569a                __isr_5
                0x0000569a                timera1
 .text.clock_time
                0x000057b8       0x1a contiki-sky.a(clock.o)
                0x000057b8                clock_time
 .text.clock_init
                0x000057d2       0x28 contiki-sky.a(clock.o)
                0x000057d2                clock_init
 .text.clock_delay
                0x000057fa        0xc contiki-sky.a(clock.o)
                0x000057fa                clock_delay
 .text.clock_seconds
                0x00005806       0x1a contiki-sky.a(clock.o)
                0x00005806                clock_seconds
 .text.show_leds
                0x00005820       0xf0 contiki-sky.a(leds.o)
 .text.leds_init
                0x00005910        0xa contiki-sky.a(leds.o)
                0x00005910                leds_init
 .text.leds_on  0x0000591a        0xa contiki-sky.a(leds.o)
                0x0000591a                leds_on
 .text.leds_off
                0x00005924        0xe contiki-sky.a(leds.o)
                0x00005924                leds_off
 .text.leds_arch_init
                0x00005932        0xe contiki-sky.a(leds-arch.o)
                0x00005932                leds_arch_init
 .text.leds_arch_set
                0x00005940       0x38 contiki-sky.a(leds-arch.o)
                0x00005940                leds_arch_set
 .text.watchdog_interrupt
                0x00005978        0x6 contiki-sky.a(watchdog.o)
                0x00005978                __isr_10
                0x00005978                watchdog_interrupt
 .text.watchdog_start
                0x0000597e       0x14 contiki-sky.a(watchdog.o)
                0x0000597e                watchdog_start
 .text.watchdog_periodic
                0x00005992       0x12 contiki-sky.a(watchdog.o)
                0x00005992                watchdog_periodic
 .text.watchdog_stop
                0x000059a4       0x16 contiki-sky.a(watchdog.o)
                0x000059a4                watchdog_stop
 .text.watchdog_init
                0x000059ba       0x12 contiki-sky.a(watchdog.o)
                0x000059ba                watchdog_init
 .text.rtimer_arch_init
                0x000059cc        0xe contiki-sky.a(rtimer-arch.o)
                0x000059cc                rtimer_arch_init
 .text.rtimer_arch_now
                0x000059da        0xe contiki-sky.a(rtimer-arch.o)
                0x000059da                rtimer_arch_now
 .text.timera0  0x000059e8       0x70 contiki-sky.a(rtimer-arch.o)
                0x000059e8                __isr_6
                0x000059e8                timera0
 .text.rtimer_arch_schedule
                0x00005a58        0x6 contiki-sky.a(rtimer-arch.o)
                0x00005a58                rtimer_arch_schedule
 .text.autostart_start
                0x00005a5e       0x16 contiki-sky.a(autostart.o)
                0x00005a5e                autostart_start
 .text.process_thread_ctimer_process
                0x00005a74       0xa8 contiki-sky.a(ctimer.o)
 .text.ctimer_init
                0x00005b1c       0x18 contiki-sky.a(ctimer.o)
                0x00005b1c                ctimer_init
 .text.ctimer_set_with_process
                0x00005b34       0x4e contiki-sky.a(ctimer.o)
                0x00005b34                ctimer_set_with_process
 .text.ctimer_set
                0x00005b82       0x10 contiki-sky.a(ctimer.o)
                0x00005b82                ctimer_set
 .text.ctimer_reset
                0x00005b92       0x30 contiki-sky.a(ctimer.o)
                0x00005b92                ctimer_reset
 .text.ctimer_stop
                0x00005bc2       0x28 contiki-sky.a(ctimer.o)
                0x00005bc2                ctimer_stop
 .text.energest_init
                0x00005bea       0x26 contiki-sky.a(energest.o)
                0x00005bea                energest_init
 .text.energest_type_time
                0x00005c10       0x48 contiki-sky.a(energest.o)
                0x00005c10                energest_type_time
 .text.energest_type_set
                0x00005c58        0xe contiki-sky.a(energest.o)
                0x00005c58                energest_type_set
 .text.energest_flush
                0x00005c66       0x48 contiki-sky.a(energest.o)
                0x00005c66                energest_flush
 .text.update_time
                0x00005cae       0x78 contiki-sky.a(etimer.o)
 .text.etimer_request_poll
                0x00005d26        0xa contiki-sky.a(etimer.o)
                0x00005d26                etimer_request_poll
 .text.process_thread_etimer_process
                0x00005d30       0xcc contiki-sky.a(etimer.o)
 .text.add_timer
                0x00005dfc       0x40 contiki-sky.a(etimer.o)
 .text.etimer_set
                0x00005e3c       0x12 contiki-sky.a(etimer.o)
                0x00005e3c                etimer_set
 .text.etimer_reset
                0x00005e4e       0x12 contiki-sky.a(etimer.o)
                0x00005e4e                etimer_reset
 .text.etimer_restart
                0x00005e60       0x12 contiki-sky.a(etimer.o)
                0x00005e60                etimer_restart
 .text.etimer_expired
                0x00005e72        0xe contiki-sky.a(etimer.o)
                0x00005e72                etimer_expired
 .text.etimer_pending
                0x00005e80        0xc contiki-sky.a(etimer.o)
                0x00005e80                etimer_pending
 .text.etimer_next_expiration_time
                0x00005e8c       0x16 contiki-sky.a(etimer.o)
                0x00005e8c                etimer_next_expiration_time
 .text.etimer_stop
                0x00005ea2       0x3e contiki-sky.a(etimer.o)
                0x00005ea2                etimer_stop
 .text.call_process
                0x00005ee0       0x46 contiki-sky.a(process.o)
 .text.exit_process
                0x00005f26       0x96 contiki-sky.a(process.o)
 .text.do_poll  0x00005fbc       0x30 contiki-sky.a(process.o)
 .text.process_alloc_event
                0x00005fec        0xe contiki-sky.a(process.o)
                0x00005fec                process_alloc_event
 .text.process_init
                0x00005ffa       0x1c contiki-sky.a(process.o)
                0x00005ffa                process_init
 .text.process_run
                0x00006016       0x92 contiki-sky.a(process.o)
                0x00006016                process_run
 .text.process_nevents
                0x000060a8        0xe contiki-sky.a(process.o)
                0x000060a8                process_nevents
 .text.process_post
                0x000060b6       0x4e contiki-sky.a(process.o)
                0x000060b6                process_post
 .text.process_post_synch
                0x00006104       0x12 contiki-sky.a(process.o)
                0x00006104                process_post_synch
 .text.process_start
                0x00006116       0x36 contiki-sky.a(process.o)
                0x00006116                process_start
 .text.process_poll
                0x0000614c       0x18 contiki-sky.a(process.o)
                0x0000614c                process_poll
 .text.rtimer_init
                0x00006164        0x6 contiki-sky.a(rtimer.o)
                0x00006164                rtimer_init
 .text.rtimer_set
                0x0000616a       0x24 contiki-sky.a(rtimer.o)
                0x0000616a                rtimer_set
 .text.rtimer_run_next
                0x0000618e       0x26 contiki-sky.a(rtimer.o)
                0x0000618e                rtimer_run_next
 .text.timer_set
                0x000061b4       0x1c contiki-sky.a(timer.o)
                0x000061b4                timer_set
 .text.timer_reset
                0x000061d0        0xe contiki-sky.a(timer.o)
                0x000061d0                timer_reset
 .text.timer_restart
                0x000061de       0x14 contiki-sky.a(timer.o)
                0x000061de                timer_restart
 .text.timer_expired
                0x000061f2       0x2a contiki-sky.a(timer.o)
                0x000061f2                timer_expired
 .text.list_init
                0x0000621c        0x6 contiki-sky.a(list.o)
                0x0000621c                list_init
 .text.list_head
                0x00006222        0x4 contiki-sky.a(list.o)
                0x00006222                list_head
 .text.list_tail
                0x00006226       0x12 contiki-sky.a(list.o)
                0x00006226                list_tail
 .text.list_remove
                0x00006238       0x34 contiki-sky.a(list.o)
                0x00006238                list_remove
 .text.list_push
                0x0000626c       0x1a contiki-sky.a(list.o)
                0x0000626c                list_push
 .text.list_add
                0x00006286       0x2a contiki-sky.a(list.o)
                0x00006286                list_add
 .text.list_length
                0x000062b0       0x10 contiki-sky.a(list.o)
                0x000062b0                list_length
 .text.list_item_next
                0x000062c0        0xc contiki-sky.a(list.o)
                0x000062c0                list_item_next
 .text.random_init
                0x000062cc        0x6 contiki-sky.a(random.o)
                0x000062cc                random_init
 .text.random_rand
                0x000062d2        0x6 contiki-sky.a(random.o)
                0x000062d2                random_rand
 .text.clear_fragments
                0x000062d8       0x40 contiki-sky.a(sicslowpan.o)
 .text.set_packet_attrs
                0x00006318       0x46 contiki-sky.a(sicslowpan.o)
 .text.addr_context_lookup_by_number
                0x0000635e       0x32 contiki-sky.a(sicslowpan.o)
 .text.compress_addr_64
                0x00006390       0xae contiki-sky.a(sicslowpan.o)
 .text.store_fragment
                0x0000643e       0xc8 contiki-sky.a(sicslowpan.o)
 .text.uncompress_addr
                0x00006506       0xb4 contiki-sky.a(sicslowpan.o)
 .text.sicslowpan_init
                0x000065ba       0x24 contiki-sky.a(sicslowpan.o)
                0x000065ba                sicslowpan_init
 .text.addr_context_lookup_by_prefix
                0x000065de       0x4c contiki-sky.a(sicslowpan.o)
 .text.packet_sent
                0x0000662a       0x22 contiki-sky.a(sicslowpan.o)
 .text.add_fragment
                0x0000664c      0x1ea contiki-sky.a(sicslowpan.o)
 .text.input    0x00006836      0x6dc contiki-sky.a(sicslowpan.o)
 .text.send_packet
                0x00006f12       0x1a contiki-sky.a(sicslowpan.o)
 .text.output   0x00006f2c      0x6bc contiki-sky.a(sicslowpan.o)
 .text.uip_ds6_nbr_rm
                0x000075e8       0x14 contiki-sky.a(uip-ds6-nbr.o)
                0x000075e8                uip_ds6_nbr_rm
 .text.uip_ds6_neighbors_init
                0x000075fc       0x12 contiki-sky.a(uip-ds6-nbr.o)
                0x000075fc                uip_ds6_neighbors_init
 .text.uip_ds6_nbr_add
                0x0000760e       0x94 contiki-sky.a(uip-ds6-nbr.o)
                0x0000760e                uip_ds6_nbr_add
 .text.uip_ds6_nbr_get_ll
                0x000076a2        0xc contiki-sky.a(uip-ds6-nbr.o)
                0x000076a2                uip_ds6_nbr_get_ll
 .text.uip_ds6_nbr_lookup
                0x000076ae       0x42 contiki-sky.a(uip-ds6-nbr.o)
                0x000076ae                uip_ds6_nbr_lookup
 .text.uip_ds6_nbr_ll_lookup
                0x000076f0        0xc contiki-sky.a(uip-ds6-nbr.o)
                0x000076f0                uip_ds6_nbr_ll_lookup
 .text.uip_ds6_nbr_ipaddr_from_lladdr
                0x000076fc        0x6 contiki-sky.a(uip-ds6-nbr.o)
                0x000076fc                uip_ds6_nbr_ipaddr_from_lladdr
 .text.uip_ds6_link_neighbor_callback
                0x00007702       0x2a contiki-sky.a(uip-ds6-nbr.o)
                0x00007702                uip_ds6_link_neighbor_callback
 .text.uip_ds6_list_loop
                0x0000772c       0x86 contiki-sky.a(uip-ds6.o)
                0x0000772c                uip_ds6_list_loop
 .text.uip_ds6_prefix_add
                0x000077b2       0xac contiki-sky.a(uip-ds6.o)
                0x000077b2                uip_ds6_prefix_add
 .text.uip_ds6_prefix_rm
                0x0000785e        0xa contiki-sky.a(uip-ds6.o)
                0x0000785e                uip_ds6_prefix_rm
 .text.uip_ds6_prefix_lookup
                0x00007868       0x28 contiki-sky.a(uip-ds6.o)
                0x00007868                uip_ds6_prefix_lookup
 .text.uip_ds6_is_addr_onlink
                0x00007890       0x54 contiki-sky.a(uip-ds6.o)
                0x00007890                uip_ds6_is_addr_onlink
 .text.uip_ds6_addr_lookup
                0x000078e4       0x2a contiki-sky.a(uip-ds6.o)
                0x000078e4                uip_ds6_addr_lookup
 .text.uip_ds6_get_link_local
                0x0000790e       0x3e contiki-sky.a(uip-ds6.o)
                0x0000790e                uip_ds6_get_link_local
 .text.uip_ds6_maddr_add
                0x0000794c       0x4c contiki-sky.a(uip-ds6.o)
                0x0000794c                uip_ds6_maddr_add
 .text.uip_ds6_addr_add
                0x00007998       0xc4 contiki-sky.a(uip-ds6.o)
                0x00007998                uip_ds6_addr_add
 .text.uip_ds6_maddr_rm
                0x00007a5c        0xa contiki-sky.a(uip-ds6.o)
                0x00007a5c                uip_ds6_maddr_rm
 .text.uip_ds6_maddr_lookup
                0x00007a66       0x2a contiki-sky.a(uip-ds6.o)
                0x00007a66                uip_ds6_maddr_lookup
 .text.uip_ds6_addr_rm
                0x00007a90       0x54 contiki-sky.a(uip-ds6.o)
                0x00007a90                uip_ds6_addr_rm
 .text.uip_ds6_periodic
                0x00007ae4       0x46 contiki-sky.a(uip-ds6.o)
                0x00007ae4                uip_ds6_periodic
 .text.uip_ds6_set_addr_iid
                0x00007b2a       0x2c contiki-sky.a(uip-ds6.o)
                0x00007b2a                uip_ds6_set_addr_iid
 .text.get_match_length
                0x00007b56       0x44 contiki-sky.a(uip-ds6.o)
                0x00007b56                get_match_length
 .text.uip_ds6_select_src
                0x00007b9a       0xaa contiki-sky.a(uip-ds6.o)
                0x00007b9a                uip_ds6_select_src
 .text.uip_ds6_dad_failed
                0x00007c44       0x1c contiki-sky.a(uip-ds6.o)
                0x00007c44                uip_ds6_dad_failed
 .text.uip_ds6_send_ra_sollicited
                0x00007c60       0x1a contiki-sky.a(uip-ds6.o)
                0x00007c60                uip_ds6_send_ra_sollicited
 .text.uip_ds6_send_mch_new
                0x00007c7a       0x5c contiki-sky.a(uip-ds6.o)
                0x00007c7a                uip_ds6_send_mch_new
 .text.uip_ds6_compute_reachable_time
                0x00007cd6       0x3e contiki-sky.a(uip-ds6.o)
                0x00007cd6                uip_ds6_compute_reachable_time
 .text.uip_ds6_init
                0x00007d14      0x2dc contiki-sky.a(uip-ds6.o)
                0x00007d14                uip_ds6_init
 .text.chksum   0x00007ff0       0x32 contiki-sky.a(uip6.o)
 .text.upper_layer_chksum
                0x00008022       0x56 contiki-sky.a(uip6.o)
 .text.ext_hdr_options_process
                0x00008078       0xb2 contiki-sky.a(uip6.o)
 .text.uip_add32
                0x0000812a       0x68 contiki-sky.a(uip6.o)
                0x0000812a                uip_add32
 .text.uip_add_rcv_nxt
                0x00008192       0x2e contiki-sky.a(uip6.o)
 .text.uip_icmp6chksum
                0x000081c0        0xa contiki-sky.a(uip6.o)
                0x000081c0                uip_icmp6chksum
 .text.uip_tcpchksum
                0x000081ca        0xa contiki-sky.a(uip6.o)
                0x000081ca                uip_tcpchksum
 .text.uip_udpchksum
                0x000081d4        0xa contiki-sky.a(uip6.o)
                0x000081d4                uip_udpchksum
 .text.uip_init
                0x000081de       0x56 contiki-sky.a(uip6.o)
                0x000081de                uip_init
 .text.remove_ext_hdr
                0x00008234       0x54 contiki-sky.a(uip6.o)
                0x00008234                remove_ext_hdr
 .text.uip_unlisten
                0x00008288       0x1a contiki-sky.a(uip6.o)
                0x00008288                uip_unlisten
 .text.uip_process
                0x000082a2      0xe08 contiki-sky.a(uip6.o)
                0x000082a2                uip_process
 .text.uip_htons
                0x000090aa        0xc contiki-sky.a(uip6.o)
                0x000090aa                uip_htons
 .text.uip_htonl
                0x000090b6       0x2e contiki-sky.a(uip6.o)
                0x000090b6                uip_htonl
 .text.start_periodic_tcp_timer
                0x000090e4       0x16 contiki-sky.a(tcpip.o)
 .text.tcpip_output
                0x000090fa       0x10 contiki-sky.a(tcpip.o)
                0x000090fa                tcpip_output
 .text.tcpip_set_outputfunc
                0x0000910a        0x6 contiki-sky.a(tcpip.o)
                0x0000910a                tcpip_set_outputfunc
 .text.tcpip_input
                0x00009110       0x16 contiki-sky.a(tcpip.o)
                0x00009110                tcpip_input
 .text.tcpip_ipv6_output
                0x00009126       0xe8 contiki-sky.a(tcpip.o)
                0x00009126                tcpip_ipv6_output
 .text.process_thread_tcpip_process
                0x0000920e      0x1d0 contiki-sky.a(tcpip.o)
 .text.tcpip_uipcall
                0x000093de       0x62 contiki-sky.a(tcpip.o)
                0x000093de                tcpip_uipcall
 .text.uip_debug_ipaddr_print
                0x00009440       0xc8 contiki-sky.a(uip-debug.o)
                0x00009440                uip_debug_ipaddr_print
 .text.uip_debug_interfaceaddr_print
                0x00009508       0x6c contiki-sky.a(uip-debug.o)
                0x00009508                uip_debug_interfaceaddr_print
 .text.input_packet
                0x00009574        0x6 contiki-sky.a(csma.o)
 .text.on       0x0000957a        0x6 contiki-sky.a(csma.o)
 .text.off      0x00009580        0x6 contiki-sky.a(csma.o)
 .text.channel_check_interval
                0x00009586       0x10 contiki-sky.a(csma.o)
 .text.transmit_packet_list
                0x00009596       0x24 contiki-sky.a(csma.o)
 .text.schedule_transmission
                0x000095ba       0x94 contiki-sky.a(csma.o)
 .text.init     0x0000964e       0x1a contiki-sky.a(csma.o)
 .text.tx_done  0x00009668       0x98 contiki-sky.a(csma.o)
 .text.send_packet
                0x00009700      0x164 contiki-sky.a(csma.o)
 .text.packet_sent
                0x00009864       0xd6 contiki-sky.a(csma.o)
 .text.create_frame.isra.0
                0x0000993a      0x114 contiki-sky.a(framer-802154.o)
 .text.create   0x00009a4e        0x8 contiki-sky.a(framer-802154.o)
 .text.hdr_length
                0x00009a56        0x8 contiki-sky.a(framer-802154.o)
 .text.parse    0x00009a5e       0x9e contiki-sky.a(framer-802154.o)
 .text.mac_call_sent_callback
                0x00009afc       0x14 contiki-sky.a(mac.o)
                0x00009afc                mac_call_sent_callback
 .text.periodic
                0x00009b10       0x28 contiki-sky.a(link-stats.o)
 .text.link_stats_is_fresh
                0x00009b38       0x32 contiki-sky.a(link-stats.o)
                0x00009b38                link_stats_is_fresh
 .text.link_stats_packet_sent
                0x00009b6a       0xd6 contiki-sky.a(link-stats.o)
                0x00009b6a                link_stats_packet_sent
 .text.link_stats_input_callback
                0x00009c40       0xb2 contiki-sky.a(link-stats.o)
                0x00009c40                link_stats_input_callback
 .text.link_stats_init
                0x00009cf2       0x22 contiki-sky.a(link-stats.o)
                0x00009cf2                link_stats_init
 .text.linkaddr_copy
                0x00009d14        0xc contiki-sky.a(linkaddr.o)
                0x00009d14                linkaddr_copy
 .text.linkaddr_cmp
                0x00009d20       0x12 contiki-sky.a(linkaddr.o)
                0x00009d20                linkaddr_cmp
 .text.linkaddr_set_node_addr
                0x00009d32        0xc contiki-sky.a(linkaddr.o)
                0x00009d32                linkaddr_set_node_addr
 .text.item_from_index
                0x00009d3e       0x2a contiki-sky.a(nbr-table.o)
 .text.index_from_key
                0x00009d68       0x12 contiki-sky.a(nbr-table.o)
 .text.index_from_item
                0x00009d7a       0x1e contiki-sky.a(nbr-table.o)
 .text.nbr_set_bit
                0x00009d98       0x58 contiki-sky.a(nbr-table.o)
 .text.index_from_lladdr
                0x00009df0       0x42 contiki-sky.a(nbr-table.o)
 .text.nbr_get_bit.constprop.1
                0x00009e32       0x2e contiki-sky.a(nbr-table.o)
 .text.remove_key
                0x00009e60       0x66 contiki-sky.a(nbr-table.o)
 .text.nbr_table_register
                0x00009ec6       0x26 contiki-sky.a(nbr-table.o)
                0x00009ec6                nbr_table_register
 .text.nbr_table_next
                0x00009eec       0x4e contiki-sky.a(nbr-table.o)
                0x00009eec                nbr_table_next
 .text.nbr_table_head
                0x00009f3a       0x3a contiki-sky.a(nbr-table.o)
                0x00009f3a                nbr_table_head
 .text.nbr_table_add_lladdr
                0x00009f74       0xd8 contiki-sky.a(nbr-table.o)
                0x00009f74                nbr_table_add_lladdr
 .text.nbr_table_get_from_lladdr
                0x0000a04c       0x2c contiki-sky.a(nbr-table.o)
                0x0000a04c                nbr_table_get_from_lladdr
 .text.nbr_table_remove
                0x0000a078       0x32 contiki-sky.a(nbr-table.o)
                0x0000a078                nbr_table_remove
 .text.nbr_table_get_lladdr
                0x0000a0aa       0x1a contiki-sky.a(nbr-table.o)
                0x0000a0aa                nbr_table_get_lladdr
 .text.nbr_table_update_lladdr
                0x0000a0c4       0x5a contiki-sky.a(nbr-table.o)
                0x0000a0c4                nbr_table_update_lladdr
 .text.net_debug_lladdr_print
                0x0000a11e       0x3e contiki-sky.a(net-debug.o)
                0x0000a11e                net_debug_lladdr_print
 .text.packetbuf_hdrreduce
                0x0000a15c       0x1a contiki-sky.a(packetbuf.o)
                0x0000a15c                packetbuf_hdrreduce
 .text.packetbuf_set_datalen
                0x0000a176        0x6 contiki-sky.a(packetbuf.o)
                0x0000a176                packetbuf_set_datalen
 .text.packetbuf_hdrptr
                0x0000a17c        0x6 contiki-sky.a(packetbuf.o)
                0x0000a17c                packetbuf_hdrptr
 .text.packetbuf_datalen
                0x0000a182        0x6 contiki-sky.a(packetbuf.o)
                0x0000a182                packetbuf_datalen
 .text.packetbuf_hdrlen
                0x0000a188        0xa contiki-sky.a(packetbuf.o)
                0x0000a188                packetbuf_hdrlen
 .text.packetbuf_dataptr
                0x0000a192        0xc contiki-sky.a(packetbuf.o)
                0x0000a192                packetbuf_dataptr
 .text.packetbuf_copyto
                0x0000a19e       0x46 contiki-sky.a(packetbuf.o)
                0x0000a19e                packetbuf_copyto
 .text.packetbuf_totlen
                0x0000a1e4        0xc contiki-sky.a(packetbuf.o)
                0x0000a1e4                packetbuf_totlen
 .text.packetbuf_hdralloc
                0x0000a1f0       0x3c contiki-sky.a(packetbuf.o)
                0x0000a1f0                packetbuf_hdralloc
 .text.packetbuf_attr_clear
                0x0000a22c       0x28 contiki-sky.a(packetbuf.o)
                0x0000a22c                packetbuf_attr_clear
 .text.packetbuf_clear
                0x0000a254       0x12 contiki-sky.a(packetbuf.o)
                0x0000a254                packetbuf_clear
 .text.packetbuf_copyfrom
                0x0000a266       0x2e contiki-sky.a(packetbuf.o)
                0x0000a266                packetbuf_copyfrom
 .text.packetbuf_attr_copyto
                0x0000a294       0x20 contiki-sky.a(packetbuf.o)
                0x0000a294                packetbuf_attr_copyto
 .text.packetbuf_attr_copyfrom
                0x0000a2b4       0x22 contiki-sky.a(packetbuf.o)
                0x0000a2b4                packetbuf_attr_copyfrom
 .text.packetbuf_holds_broadcast
                0x0000a2d6        0xe contiki-sky.a(packetbuf.o)
                0x0000a2d6                packetbuf_holds_broadcast
 .text.queuebuf_init
                0x0000a2e4       0x12 contiki-sky.a(queuebuf.o)
                0x0000a2e4                queuebuf_init
 .text.queuebuf_numfree
                0x0000a2f6        0xa contiki-sky.a(queuebuf.o)
                0x0000a2f6                queuebuf_numfree
 .text.queuebuf_new_from_packetbuf
                0x0000a300       0x52 contiki-sky.a(queuebuf.o)
                0x0000a300                queuebuf_new_from_packetbuf
 .text.queuebuf_update_attr_from_packetbuf
                0x0000a352       0x12 contiki-sky.a(queuebuf.o)
                0x0000a352                queuebuf_update_attr_from_packetbuf
 .text.queuebuf_update_from_packetbuf
                0x0000a364       0x22 contiki-sky.a(queuebuf.o)
                0x0000a364                queuebuf_update_from_packetbuf
 .text.queuebuf_free
                0x0000a386       0x2a contiki-sky.a(queuebuf.o)
                0x0000a386                queuebuf_free
 .text.queuebuf_to_packetbuf
                0x0000a3b0       0x32 contiki-sky.a(queuebuf.o)
                0x0000a3b0                queuebuf_to_packetbuf
 .text.queuebuf_attr
                0x0000a3e2        0xe contiki-sky.a(queuebuf.o)
                0x0000a3e2                queuebuf_attr
 .text.duty_cycle
                0x0000a3f0        0x6 contiki-sky.a(contikimac.o)
 .text.init     0x0000a3f6       0x2a contiki-sky.a(contikimac.o)
 .text.on       0x0000a420       0x1a contiki-sky.a(contikimac.o)
 .text.off      0x0000a43a       0x22 contiki-sky.a(contikimac.o)
 .text.recv_burst_off
                0x0000a45c        0xa contiki-sky.a(contikimac.o)
 .text.turn_off
                0x0000a466       0x20 contiki-sky.a(contikimac.o)
 .text.turn_on  0x0000a486       0x30 contiki-sky.a(contikimac.o)
 .text.schedule_powercycle_fixed.part.4
                0x0000a4b6       0x32 contiki-sky.a(contikimac.o)
 .text.powercycle_turn_radio_off
                0x0000a4e8       0x30 contiki-sky.a(contikimac.o)
 .text.input_packet
                0x0000a518       0xb6 contiki-sky.a(contikimac.o)
 .text.send_packet.isra.8
                0x0000a5ce      0x20c contiki-sky.a(contikimac.o)
 .text.qsend_list
                0x0000a7da       0xd2 contiki-sky.a(contikimac.o)
 .text.qsend_packet
                0x0000a8ac       0x28 contiki-sky.a(contikimac.o)
 .text.powercycle_wrapper
                0x0000a8d4      0x1ca contiki-sky.a(contikimac.o)
 .text.init     0x0000aa9e        0x2 contiki-sky.a(nullsec.o)
 .text.send     0x0000aaa0        0xa contiki-sky.a(nullsec.o)
 .text.input    0x0000aaaa        0x6 contiki-sky.a(nullsec.o)
 .text.spi_init
                0x0000aab0       0x30 contiki-sky.a(spi.o)
                0x0000aab0                spi_init
 .text.compower_accumulate
                0x0000aae0       0x72 contiki-sky.a(compower.o)
                0x0000aae0                compower_accumulate
 .text.compower_clear
                0x0000ab52       0x12 contiki-sky.a(compower.o)
                0x0000ab52                compower_clear
 .text.compower_attrconv
                0x0000ab64       0x10 contiki-sky.a(compower.o)
                0x0000ab64                compower_attrconv
 .text.stimer_set
                0x0000ab74       0x1c contiki-sky.a(stimer.o)
                0x0000ab74                stimer_set
 .text.stimer_expired
                0x0000ab90       0x30 contiki-sky.a(stimer.o)
                0x0000ab90                stimer_expired
 .text.stimer_remaining
                0x0000abc0       0x28 contiki-sky.a(stimer.o)
                0x0000abc0                stimer_remaining
 .text.memb_init
                0x0000abe8       0x36 contiki-sky.a(memb.o)
                0x0000abe8                memb_init
 .text.memb_alloc
                0x0000ac1e       0x3e contiki-sky.a(memb.o)
                0x0000ac1e                memb_alloc
 .text.memb_free
                0x0000ac5c       0x3a contiki-sky.a(memb.o)
                0x0000ac5c                memb_free
 .text.memb_inmemb
                0x0000ac96       0x2a contiki-sky.a(memb.o)
                0x0000ac96                memb_inmemb
 .text.memb_numfree
                0x0000acc0       0x26 contiki-sky.a(memb.o)
                0x0000acc0                memb_numfree
 .text.ns_input
                0x0000ace6        0x2 contiki-sky.a(uip-6lowpan-nd6)
 .text.extract_lladdr_from_llao_aligned
                0x0000ace8       0x20 contiki-sky.a(uip-6lowpan-nd6)
 .text.rs_input
                0x0000ad08      0x1ba contiki-sky.a(uip-6lowpan-nd6)
 .text.na_input
                0x0000aec2      0x2ea contiki-sky.a(uip-6lowpan-nd6)
 .text.create_llao.constprop.0
                0x0000b1ac       0x26 contiki-sky.a(uip-6lowpan-nd6)
 .text.uip_nd6_lowpan_ra_output
                0x0000b1d2        0x2 contiki-sky.a(uip-6lowpan-nd6)
                0x0000b1d2                uip_nd6_lowpan_ra_output
 .text.uip_nd6_lowpan_MCH_addr_parameter_output
                0x0000b1d4      0x210 contiki-sky.a(uip-6lowpan-nd6)
                0x0000b1d4                uip_nd6_lowpan_MCH_addr_parameter_output
 .text.clusterID_alloc_input
                0x0000b3e4      0x3ae contiki-sky.a(uip-6lowpan-nd6)
                0x0000b3e4                clusterID_alloc_input
 .text.uip_nd6_lowpan_clusterID_req_output
                0x0000b792       0xfa contiki-sky.a(uip-6lowpan-nd6)
                0x0000b792                uip_nd6_lowpan_clusterID_req_output
 .text.mch_new_ack_input
                0x0000b88c      0x10e contiki-sky.a(uip-6lowpan-nd6)
 .text.uip_nd6_lowpan_mch_new_output
                0x0000b99a      0x11c contiki-sky.a(uip-6lowpan-nd6)
                0x0000b99a                uip_nd6_lowpan_mch_new_output
 .text.uip_nd6_init
                0x0000bab6       0x2a contiki-sky.a(uip-6lowpan-nd6)
                0x0000bab6                uip_nd6_init
 .text.uip_ds6_reg_add
                0x0000bae0       0xdc contiki-sky.a(uip-ds6-reg.o)
                0x0000bae0                uip_ds6_reg_add
 .text.uip_ds6_reg_rm
                0x0000bbbc        0xe contiki-sky.a(uip-ds6-reg.o)
                0x0000bbbc                uip_ds6_reg_rm
 .text.uip_ds6_reg_cleanup_addr
                0x0000bbca       0x48 contiki-sky.a(uip-ds6-reg.o)
                0x0000bbca                uip_ds6_reg_cleanup_addr
 .text.print_counter
                0x0000bc12       0x28 contiki-sky.a(uip-ds6-reg.o)
                0x0000bc12                print_counter
 .text.print_key
                0x0000bc3a       0x28 contiki-sky.a(uip-ds6-reg.o)
                0x0000bc3a                print_key
 .text.uip_ds6_print_reg_list_keyinfo
                0x0000bc62      0x122 contiki-sky.a(uip-ds6-reg.o)
                0x0000bc62                uip_ds6_print_reg_list_keyinfo
 .text.call_route_callback
                0x0000bd84       0x4c contiki-sky.a(uip-ds6-route.o)
 .text.uip_ds6_route_init
                0x0000bdd0       0x36 contiki-sky.a(uip-ds6-route.o)
                0x0000bdd0                uip_ds6_route_init
 .text.uip_ds6_route_nexthop
                0x0000be06       0x1a contiki-sky.a(uip-ds6-route.o)
                0x0000be06                uip_ds6_route_nexthop
 .text.uip_ds6_route_head
                0x0000be20        0xa contiki-sky.a(uip-ds6-route.o)
                0x0000be20                uip_ds6_route_head
 .text.uip_ds6_route_next
                0x0000be2a        0xe contiki-sky.a(uip-ds6-route.o)
                0x0000be2a                uip_ds6_route_next
 .text.assert_nbr_routes_list_sane
                0x0000be38       0x48 contiki-sky.a(uip-ds6-route.o)
 .text.uip_ds6_route_lookup
                0x0000be80       0xdc contiki-sky.a(uip-ds6-route.o)
                0x0000be80                uip_ds6_route_lookup
 .text.uip_ds6_route_rm
                0x0000bf5c       0xf6 contiki-sky.a(uip-ds6-route.o)
                0x0000bf5c                uip_ds6_route_rm
 .text.rm_routelist
                0x0000c052       0x44 contiki-sky.a(uip-ds6-route.o)
 .text.rm_routelist_callback
                0x0000c096        0x6 contiki-sky.a(uip-ds6-route.o)
 .text.uip_ds6_defrt_rm
                0x0000c09c       0x58 contiki-sky.a(uip-ds6-route.o)
                0x0000c09c                uip_ds6_defrt_rm
 .text.uip_ds6_defrt_lookup
                0x0000c0f4       0x36 contiki-sky.a(uip-ds6-route.o)
                0x0000c0f4                uip_ds6_defrt_lookup
 .text.uip_ds6_defrt_add
                0x0000c12a       0xb8 contiki-sky.a(uip-ds6-route.o)
                0x0000c12a                uip_ds6_defrt_add
 .text.uip_ds6_defrt_choose
                0x0000c1e2       0x84 contiki-sky.a(uip-ds6-route.o)
                0x0000c1e2                uip_ds6_defrt_choose
 .text.uip_ds6_defrt_periodic
                0x0000c266       0x40 contiki-sky.a(uip-ds6-route.o)
                0x0000c266                uip_ds6_defrt_periodic
 .text.echo_reply_input
                0x0000c2a6       0xb2 contiki-sky.a(uip-icmp6.o)
 .text.echo_request_input
                0x0000c358       0xca contiki-sky.a(uip-icmp6.o)
 .text.uip_icmp6_input
                0x0000c422       0x48 contiki-sky.a(uip-icmp6.o)
                0x0000c422                uip_icmp6_input
 .text.uip_icmp6_register_input_handler
                0x0000c46a        0xc contiki-sky.a(uip-icmp6.o)
                0x0000c46a                uip_icmp6_register_input_handler
 .text.uip_icmp6_error_output
                0x0000c476      0x168 contiki-sky.a(uip-icmp6.o)
                0x0000c476                uip_icmp6_error_output
 .text.uip_icmp6_init
                0x0000c5de       0x12 contiki-sky.a(uip-icmp6.o)
                0x0000c5de                uip_icmp6_init
 .text.frame802154_get_pan_id
                0x0000c5f0        0x6 contiki-sky.a(frame802154.o)
                0x0000c5f0                frame802154_get_pan_id
 .text.frame802154_has_panid
                0x0000c5f6       0xe0 contiki-sky.a(frame802154.o)
                0x0000c5f6                frame802154_has_panid
 .text.field_len
                0x0000c6d6       0xac contiki-sky.a(frame802154.o)
 .text.frame802154_is_broadcast_addr
                0x0000c782       0x28 contiki-sky.a(frame802154.o)
                0x0000c782                frame802154_is_broadcast_addr
 .text.frame802154_hdrlen
                0x0000c7aa       0x32 contiki-sky.a(frame802154.o)
                0x0000c7aa                frame802154_hdrlen
 .text.frame802154_create
                0x0000c7dc      0x16a contiki-sky.a(frame802154.o)
                0x0000c7dc                frame802154_create
 .text.frame802154_parse
                0x0000c946      0x200 contiki-sky.a(frame802154.o)
                0x0000c946                frame802154_parse
 .text.mac_sequence_is_duplicate
                0x0000cb46       0x6e contiki-sky.a(mac-sequence.o)
                0x0000cb46                mac_sequence_is_duplicate
 .text.mac_sequence_register_seqno
                0x0000cbb4       0x78 contiki-sky.a(mac-sequence.o)
                0x0000cbb4                mac_sequence_register_seqno
 .text.libgcc   0x0000cc2c       0x2c /usr/local/bin/../lib/gcc/msp430/4.7.2/mmpy-16/libgcc.a(_mulsi3.o)
                0x0000cc2c                __mulsi3
 .text.libgcc   0x0000cc58       0x22 /usr/local/bin/../lib/gcc/msp430/4.7.2/mmpy-16/libgcc.a(_udivmod16.o)
                0x0000cc58                __udivhi3
                0x0000cc58                __ext_udivmod16
                0x0000cc72                __umodhi3
 .text.libgcc   0x0000cc7a       0x3a /usr/local/bin/../lib/gcc/msp430/4.7.2/mmpy-16/libgcc.a(_divmod16.o)
                0x0000cc7a                __ext_divmod16
                0x0000cc7a                __divhi3
                0x0000ccac                __modhi3
 .text.libgcc   0x0000ccb4       0x40 /usr/local/bin/../lib/gcc/msp430/4.7.2/mmpy-16/libgcc.a(_udivmod32.o)
                0x0000ccb4                __udivsi3
                0x0000ccb4                __ext_udivmod32
                0x0000ccea                __umodsi3
 .text.libgcc   0x0000ccf4       0x4c /usr/local/bin/../lib/gcc/msp430/4.7.2/mmpy-16/libgcc.a(_divmod32.o)
                0x0000ccf4                __ext_divmod32
                0x0000ccf4                __divsi3
                0x0000cd36                __modsi3
 .text.printf   0x0000cd40       0x10 /usr/local/bin/../lib/gcc/msp430/4.7.2/../../../../msp430/lib/mmpy-16/libc.a(printf.o)
                0x0000cd40                printf
 .text.print_field
                0x0000cd50      0x194 /usr/local/bin/../lib/gcc/msp430/4.7.2/../../../../msp430/lib/mmpy-16/libc.a(vuprintf.o)
 .text.vuprintf
                0x0000cee4      0x63e /usr/local/bin/../lib/gcc/msp430/4.7.2/../../../../msp430/lib/mmpy-16/libc.a(vuprintf.o)
                0x0000cee4                vuprintf
 .text.puts     0x0000d522       0x2c /usr/local/bin/../lib/gcc/msp430/4.7.2/../../../../msp430/lib/mmpy-16/libc.a(puts.o)
                0x0000d522                puts
 .text.rand     0x0000d54e       0x26 /usr/local/bin/../lib/gcc/msp430/4.7.2/../../../../msp430/lib/mmpy-16/libc.a(rand.o)
                0x0000d54e                rand
 .text.srand    0x0000d574        0xa /usr/local/bin/../lib/gcc/msp430/4.7.2/../../../../msp430/lib/mmpy-16/libc.a(rand.o)
                0x0000d574                srand
 .text.memcmp   0x0000d57e       0x30 /usr/local/bin/../lib/gcc/msp430/4.7.2/../../../../msp430/lib/mmpy-16/libc.a(memcmp.o)
                0x0000d57e                memcmp
 .text.memcpy   0x0000d5ae       0xfa /usr/local/bin/../lib/gcc/msp430/4.7.2/../../../../msp430/lib/mmpy-16/libc.a(memcpy.o)
                0x0000d5ae                memcpy
 .text.memmove  0x0000d6a8       0xfa /usr/local/bin/../lib/gcc/msp430/4.7.2/../../../../msp430/lib/mmpy-16/libc.a(memmove.o)
                0x0000d6a8                memmove
 .text.memset   0x0000d7a2       0x6a /usr/local/bin/../lib/gcc/msp430/4.7.2/../../../../msp430/lib/mmpy-16/libc.a(memset.o)
                0x0000d7a2                memset
 .text.libgcc   0x0000d80c       0xf0 /usr/local/bin/../lib/gcc/msp430/4.7.2/mmpy-16/libgcc.a(_udivmod64.o)
                0x0000d80c                __xabi_udivmod64
                0x0000d86a                __udivdi3
                0x0000d890                __umoddi3
                0x0000d8be                __udivmoddi4
 .text.crt0     0x0000d8fc        0x2 /usr/local/bin/../lib/gcc/msp430/4.7.2/mmpy-16/libcrt0.a(_unexpected_.o)
                0x0000d8fc                _unexpected_
 *(.near.text .near.text.*)

.rodata         0x0000d900      0xe54
                0x0000d900                . = ALIGN (0x2)
 *(.rodata .rodata.* .gnu.linkonce.r.*)
 .rodata        0x0000d900       0x16 mch.co
                0x0000d90e                autostart_processes
 .rodata        0x0000d916      0x10a obj_sky/contiki-sky-main.o
 .rodata        0x0000da20       0x10 contiki-sky.a(button-sensor.o)
                0x0000da28                button_sensor
 .rodata        0x0000da30        0x8 contiki-sky.a(sensors.o)
 .rodata.get_value
                0x0000da38       0x24 contiki-sky.a(cc2420.o)
 .rodata.set_value
                0x0000da5c       0x10 contiki-sky.a(cc2420.o)
 .rodata        0x0000da6c       0x3e contiki-sky.a(cc2420.o)
                0x0000da6c                cc2420_aes_128_driver
                0x0000da70                cc2420_driver
 .rodata        0x0000daaa        0xf contiki-sky.a(ctimer.o)
 .rodata        0x0000dab9        0xc contiki-sky.a(etimer.o)
 *fill*         0x0000dac5        0x1 00
 .rodata        0x0000dac6       0x24 contiki-sky.a(sicslowpan.o)
                0x0000dad2                sicslowpan_driver
                0x0000dad8                llprefix
                0x0000dada                unc_mxconf
                0x0000dade                unc_ctxconf
                0x0000dae2                unc_llconf
 .rodata        0x0000daea       0x64 contiki-sky.a(uip-ds6-nbr.o)
 .rodata        0x0000db4e      0x23f contiki-sky.a(uip-ds6.o)
 *fill*         0x0000dd8d        0x3 00
 .rodata.uip_process
                0x0000dd90       0x20 contiki-sky.a(uip6.o)
 .rodata        0x0000ddb0       0xaf contiki-sky.a(tcpip.o)
 .rodata        0x0000de5f       0x7c contiki-sky.a(uip-debug.o)
 *fill*         0x0000dedb        0x1 00
 .rodata        0x0000dedc       0x14 contiki-sky.a(csma.o)
                0x0000dee2                csma_driver
 .rodata        0x0000def0        0x6 contiki-sky.a(framer-802154.o)
                0x0000def0                framer_802154
 .rodata        0x0000def6        0x2 contiki-sky.a(linkaddr.o)
                0x0000def6                linkaddr_null
 .rodata        0x0000def8       0x14 contiki-sky.a(net-debug.o)
 .rodata        0x0000df0c       0x1c contiki-sky.a(contikimac.o)
                0x0000df18                contikimac_driver
 .rodata        0x0000df28       0x10 contiki-sky.a(nullsec.o)
                0x0000df30                nullsec_driver
 .rodata        0x0000df38      0x2a5 contiki-sky.a(uip-6lowpan-nd6)
 .rodata        0x0000e1dd      0x139 contiki-sky.a(uip-ds6-reg.o)
 .rodata        0x0000e316      0x435 contiki-sky.a(uip-ds6-route.o)
 .rodata        0x0000e74b        0x2 contiki-sky.a(frame802154.o)
 .rodata.vuprintf
                0x0000e74d        0x7 /usr/local/bin/../lib/gcc/msp430/4.7.2/../../../../msp430/lib/mmpy-16/libc.a(vuprintf.o)
 *(.near.rodata .near.rodata.*)
                0x0000e754                . = ALIGN (0x2)
                0x0000e754                _etext = .

.data           0x00001100       0xd8 load address 0x0000e754
                0x00001100                . = ALIGN (0x2)
                0x00001100                __data_start = .
 *(.data .data.* .gnu.linkonce.d.*)
 .data          0x00001100        0xa mch.co
                0x00001100                mch
 .data          0x0000110a        0x4 contiki-sky.a(contiki-sky-pla)
                0x0000110a                sensors
 .data          0x0000110e        0xa contiki-sky.a(sensors.o)
                0x0000110e                sensors_process
 .data          0x00001118        0xc contiki-sky.a(cc2420.o)
                0x00001118                cc2420_process
 .data          0x00001124        0x2 contiki-sky.a(msp430.o)
 .data          0x00001126        0xa contiki-sky.a(ctimer.o)
                0x00001126                ctimer_process
 .data          0x00001130        0xa contiki-sky.a(etimer.o)
                0x00001130                etimer_process
 .data          0x0000113a        0xa contiki-sky.a(uip-ds6-nbr.o)
                0x0000113a                ds6_neighbors
 .data          0x00001144        0xa contiki-sky.a(tcpip.o)
                0x00001144                tcpip_process
 .data          0x0000114e       0x18 contiki-sky.a(csma.o)
 .data          0x00001166        0x8 contiki-sky.a(link-stats.o)
 .data          0x0000116e        0x8 contiki-sky.a(nbr-table.o)
 .data          0x00001176       0x10 contiki-sky.a(queuebuf.o)
 .data          0x00001186       0x1e contiki-sky.a(uip-6lowpan-nd6)
 .data          0x000011a4       0x22 contiki-sky.a(uip-ds6-route.o)
                0x000011a4                nbr_routes
 .data          0x000011c6        0xc contiki-sky.a(uip-icmp6.o)
 .data          0x000011d2        0x2 contiki-sky.a(frame802154.o)
 .data.next     0x000011d4        0x4 /usr/local/bin/../lib/gcc/msp430/4.7.2/../../../../msp430/lib/mmpy-16/libc.a(rand.o)
 *(.near.data .near.data.*)
                0x000011d8                . = ALIGN (0x2)
                0x000011d8                _edata = .
                0x0000e754                __data_load_start = LOADADDR (.data)
                0x000000d8                __data_size = SIZEOF (.data)

.bss            0x000011d8     0x1ec6 load address 0x0000e82c
                0x000011d8                __bss_start = .
 *(.bss .bss.*)
 .bss           0x000011d8        0xc obj_sky/contiki-sky-main.o
 .bss           0x000011e4        0x8 contiki-sky.a(button-sensor.o)
 .bss           0x000011ec        0x2 contiki-sky.a(node-id.o)
                0x000011ec                node_id
 .bss           0x000011ee        0x6 contiki-sky.a(sensors.o)
 .bss           0x000011f4        0xa contiki-sky.a(cc2420.o)
 .bss           0x000011fe       0x9a contiki-sky.a(uart1.o)
 .bss           0x00001298        0xa contiki-sky.a(clock.o)
 .bss           0x000012a2        0x1 contiki-sky.a(leds.o)
 *fill*         0x000012a3        0x1 00
 .bss           0x000012a4        0x2 contiki-sky.a(watchdog.o)
 .bss           0x000012a6        0x4 contiki-sky.a(ctimer.o)
 .bss           0x000012aa        0x6 contiki-sky.a(etimer.o)
 .bss           0x000012b0       0x38 contiki-sky.a(process.o)
                0x000012b0                process_current
                0x000012b2                process_list
 .bss           0x000012e8        0x2 contiki-sky.a(rtimer.o)
 .bss           0x000012ea      0x6ce contiki-sky.a(sicslowpan.o)
 .bss           0x000019b8      0x240 contiki-sky.a(uip-ds6-nbr.o)
 .bss           0x00001bf8       0x1a contiki-sky.a(uip-ds6.o)
 .bss           0x00001c12        0xa contiki-sky.a(uip6.o)
                0x00001c12                uip_ext_opt_offset
                0x00001c13                uip_ext_len
                0x00001c14                uip_ext_bitmap
 .bss           0x00001c1c       0x30 contiki-sky.a(tcpip.o)
 .bss           0x00001c4c       0xb4 contiki-sky.a(csma.o)
 .bss           0x00001d00        0x2 contiki-sky.a(framer-802154.o)
 .bss           0x00001d02       0xa0 contiki-sky.a(link-stats.o)
 .bss           0x00001da2       0x84 contiki-sky.a(nbr-table.o)
 .bss           0x00001e26       0x86 contiki-sky.a(packetbuf.o)
 .bss           0x00001eac      0x540 contiki-sky.a(queuebuf.o)
 .bss           0x000023ec       0x32 contiki-sky.a(contikimac.o)
 .bss           0x0000241e        0x8 contiki-sky.a(compower.o)
 .bss           0x00002426       0x24 contiki-sky.a(uip-6lowpan-nd6)
 .bss           0x0000244a        0x2 contiki-sky.a(uip-ds6-reg.o)
 .bss           0x0000244c      0x2e2 contiki-sky.a(uip-ds6-route.o)
 .bss           0x0000272e       0x14 contiki-sky.a(uip-icmp6.o)
 .bss           0x00002742       0x80 contiki-sky.a(mac-sequence.o)
 *(.near.bss .near.bss.*)
 *(COMMON)
 COMMON         0x000027c2        0xc obj_sky/contiki-sky-main.o
                0x000027c2                uip_ds6_timer_mch_new
 COMMON         0x000027ce        0x2 contiki-sky.a(contiki-sky-pla)
                0x000027ce                sensors_flags
 COMMON         0x000027d0        0x8 contiki-sky.a(ds2411.o)
                0x000027d0                ds2411_id
 COMMON         0x000027d8        0x1 contiki-sky.a(sensors.o)
                0x000027d8                sensors_event
 *fill*         0x000027d9        0x1 00
 COMMON         0x000027da       0x10 contiki-sky.a(cc2420.o)
                0x000027da                cc2420_last_rssi
                0x000027dc                cc2420_sfd_start_time
                0x000027de                cc2420_time_of_departure
                0x000027e0                cc2420_time_of_arrival
                0x000027e2                cc2420_last_correlation
                0x000027e4                cc2420_authority_level_of_sender
                0x000027e6                cc2420_sfd_counter
                0x000027e8                cc2420_sfd_end_time
 COMMON         0x000027ea        0x2 contiki-sky.a(msp430.o)
                0x000027ea                msp430_dco_required
 COMMON         0x000027ec       0x56 contiki-sky.a(energest.o)
                0x000027ec                energest_total_time
                0x0000281c                energest_total_count
                0x0000281e                energest_current_mode
                0x0000282a                energest_current_time
 COMMON         0x00002842        0x1 contiki-sky.a(process.o)
                0x00002842                process_maxevents
 *fill*         0x00002843        0x1 00
 COMMON         0x00002844      0x1ea contiki-sky.a(uip-ds6.o)
                0x00002844                uip_ds6_timer_ra
                0x0000284c                uip_ds6_if
                0x00002958                uip_ds6_netif_addr_list_offset
                0x0000295a                uip_ds6_context_list
                0x000029a8                uip_ds6_addr_size
                0x000029aa                uip_ds6_prefix_list
                0x000029f8                uip_ds6_timer_periodic
                0x00002a04                global_fipaddr
                0x00002a14                context
 COMMON         0x00002a2e      0x2fe contiki-sky.a(uip6.o)
                0x00002a2e                uip_len
                0x00002a30                uip_sappdata
                0x00002a32                uip_acc32
                0x00002a36                uip_lladdr
                0x00002a38                uip_aligned_buf
                0x00002b28                uip_flags
                0x00002b2a                uip_next_hdr
                0x00002b2c                uip_udp_conn
                0x00002b2e                uip_appdata
                0x00002b30                uip_conn
                0x00002b32                uip_conns
                0x00002be2                uip_listenports
                0x00002bf2                uip_slen
                0x00002bf4                uip_udp_conns
 COMMON         0x00002d2c        0x1 contiki-sky.a(tcpip.o)
                0x00002d2c                tcpip_event
 *fill*         0x00002d2d        0x1 00
 COMMON         0x00002d2e       0x14 contiki-sky.a(link-stats.o)
                0x00002d2e                periodic_timer
 COMMON         0x00002d42        0x2 contiki-sky.a(linkaddr.o)
                0x00002d42                linkaddr_node_addr
 COMMON         0x00002d44       0x22 contiki-sky.a(packetbuf.o)
                0x00002d44                packetbuf_addrs
                0x00002d48                packetbuf_attrs
 COMMON         0x00002d66        0x8 contiki-sky.a(compower.o)
                0x00002d66                compower_idle_activity
 COMMON         0x00002d6e      0x330 contiki-sky.a(uip-ds6-reg.o)
                0x00002d6e                uip_ds6_reg_list
                0x0000309e                . = ALIGN (0x2)
                0x0000309e                __bss_end = .
                0x00001ec6                __bss_size = SIZEOF (.bss)

.noinit         0x0000309e        0x2 load address 0x0000e82c
                0x0000309e                . = ALIGN (0x2)
                0x0000309e                __noinit_start = .
 *(.noinit .noinit.*)
 .noinit.crt0   0x0000309e        0x2 /usr/local/bin/../lib/gcc/msp430/4.7.2/mmpy-16/libcrt0.a(__watchdog_support.o)
                0x0000309e                __wdt_clear_value
                0x000030a0                . = ALIGN (0x2)
                0x000030a0                __noinit_end = .
                0x000030a0                . = ALIGN (0x2)
                0x000030a0                _end = .

.infomem        0x00001000        0x0
                0x00001000                . = ALIGN (0x2)
 *(.infomem .infomem.*)

.infomemnobits  0x00001000        0x0
                0x00001000                . = ALIGN (0x2)
 *(.infomemnobits .infomemnobits.*)

.infoa          0x00001080        0x0
                0x00001080                . = ALIGN (0x2)
 *(.infoa .infoa.*)

.infob          0x00001000        0x0
                0x00001000                . = ALIGN (0x2)
 *(.infob .infob.*)

.infoc          0x00000000        0x0
                0x00000000                . = ALIGN (0x2)
 *(.infoc .infoc.*)

.infod          0x00000000        0x0
                0x00000000                . = ALIGN (0x2)
 *(.infod .infod.*)
                0x0000ffff                PROVIDE (__vte_0, 0xffff)
                0x0000ffff                PROVIDE (__vte_1, 0xffff)
                0x0000ffff                PROVIDE (__vte_2, 0xffff)
                0x0000ffff                PROVIDE (__vte_3, 0xffff)
                0x0000ffff                PROVIDE (__vte_4, 0xffff)
                0x0000ffff                PROVIDE (__vte_5, 0xffff)
                0x0000ffff                PROVIDE (__vte_6, 0xffff)
                0x0000ffff                PROVIDE (__vte_7, 0xffff)
                0x0000ffff                PROVIDE (__vte_8, 0xffff)
                0x0000ffff                PROVIDE (__vte_9, 0xffff)
                0x0000ffff                PROVIDE (__vte_10, 0xffff)
                0x0000ffff                PROVIDE (__vte_11, 0xffff)
                0x0000ffff                PROVIDE (__vte_12, 0xffff)
                0x0000ffff                PROVIDE (__vte_13, 0xffff)
                0x0000ffff                PROVIDE (__vte_14, 0xffff)
                0x0000ffff                PROVIDE (__vte_15, 0xffff)
                0x0000ffff                PROVIDE (__vte_16, 0xffff)
                0x0000ffff                PROVIDE (__vte_17, 0xffff)
                0x0000ffff                PROVIDE (__vte_18, 0xffff)
                0x0000ffff                PROVIDE (__vte_19, 0xffff)
                0x0000ffff                PROVIDE (__vte_20, 0xffff)
                0x0000ffff                PROVIDE (__vte_21, 0xffff)
                0x0000ffff                PROVIDE (__vte_22, 0xffff)
                0x0000ffff                PROVIDE (__vte_23, 0xffff)
                0x0000ffff                PROVIDE (__vte_24, 0xffff)
                0x0000ffff                PROVIDE (__vte_25, 0xffff)
                0x0000ffff                PROVIDE (__vte_26, 0xffff)
                0x0000ffff                PROVIDE (__vte_27, 0xffff)
                0x0000ffff                PROVIDE (__vte_28, 0xffff)
                0x0000ffff                PROVIDE (__vte_29, 0xffff)
                0x0000ffff                PROVIDE (__vte_30, 0xffff)
                0x0000ffff                PROVIDE (__vte_31, 0xffff)

.vectors        0x0000ffe0       0x20
                0x0000ffe0                __vectors_start = .
 *(.vectors*)
 .vectors       0x0000ffe0       0x20 /usr/local/bin/../lib/gcc/msp430/4.7.2/mmpy-16/crt0ivtbl16.o
                0x0000ffe0                __ivtbl_16
                0x00010000                _vectors_end = .

.fartext        0x00000000        0x0
                0x00000000                . = ALIGN (0x2)
 *(.fartext .fartext.*)

.far.text       0x00000000        0x0
                0x00000000                . = ALIGN (0x2)
 *(.far.text .far.text.*)

.far.rodata     0x00000000        0x0
                0x00000000                . = ALIGN (0x2)
 *(.far.rodata .far.rodata.*)
                0x00000000                . = ALIGN (0x2)
                0x00000000                _efartext = .

.far.data       0x00000000        0x0
                0x00000000                . = ALIGN (0x2)
                0x00000000                __far_data_start = .
 *(.far.data .far.data.*)
                0x00000000                . = ALIGN (0x2)
                0x00000000                _efardata = .
                0x00000000                __far_data_load_start = LOADADDR (.far.data)
                0x00000000                __far_data_size = SIZEOF (.far.data)

.far.bss        0x00000000        0x0
                0x00000000                . = ALIGN (0x2)
                0x00000000                __far_bss_start = .
 *(.far.bss .far.bss.*)
                0x00000000                . = ALIGN (0x2)
                0x00000000                __far_bss_end = .
                0x00000000                __far_bss_size = SIZEOF (.far.bss)
                0x00000000                . = ALIGN (0x2)
                0x00000000                _far_end = .

.profiler
 *(.profiler)

.stab           0x00000000    0x24f0c
 *(.stab)
 .stab          0x00000000      0x7ec mch.co
 .stab          0x000007ec     0x1818 obj_sky/contiki-sky-main.o
                               0x1b90 (size before relaxing)
 .stab          0x00002004      0x258 contiki-sky.a(contiki-sky-pla)
                                0x5ac (size before relaxing)
 .stab          0x0000225c      0x468 contiki-sky.a(button-sensor.o)
                                0x7d4 (size before relaxing)
 .stab          0x000026c4      0x624 contiki-sky.a(ds2411.o)
                                0xb34 (size before relaxing)
 .stab          0x00002ce8      0x9d8 contiki-sky.a(xmem.o)
                                0xf00 (size before relaxing)
 .stab          0x000036c0      0x2b8 contiki-sky.a(node-id.o)
                                0x4e0 (size before relaxing)
 .stab          0x00003978      0x69c contiki-sky.a(sensors.o)
                                0xbb8 (size before relaxing)
 .stab          0x00004014     0x2850 contiki-sky.a(cc2420.o)
                               0x2f7c (size before relaxing)
 .stab          0x00006864      0xe34 contiki-sky.a(cc2420-arch.o)
                               0x1824 (size before relaxing)
 .stab          0x00007698      0x600 contiki-sky.a(uart1.o)
                                0x954 (size before relaxing)
 .stab          0x00007c98      0x234 contiki-sky.a(uart1-putchar.o)
                                0x588 (size before relaxing)
 .stab          0x00007ecc      0x72c contiki-sky.a(msp430.o)
                                0xa80 (size before relaxing)
 .stab          0x000085f8      0x930 contiki-sky.a(clock.o)
                                0xc84 (size before relaxing)
 .stab          0x00008f28      0x5a0 contiki-sky.a(leds.o)
                                0x7ec (size before relaxing)
 .stab          0x000094c8      0x378 contiki-sky.a(leds-arch.o)
                                0x6cc (size before relaxing)
 .stab          0x00009840      0x3cc contiki-sky.a(watchdog.o)
                                0x720 (size before relaxing)
 .stab          0x00009c0c      0x3b4 contiki-sky.a(rtimer-arch.o)
                                0x708 (size before relaxing)
 .stab          0x00009fc0      0x294 contiki-sky.a(autostart.o)
                                0x534 (size before relaxing)
 .stab          0x0000a254      0x834 contiki-sky.a(ctimer.o)
                                0xba0 (size before relaxing)
 .stab          0x0000aa88      0x474 contiki-sky.a(energest.o)
                                0x6fc (size before relaxing)
 .stab          0x0000aefc      0xa80 contiki-sky.a(etimer.o)
                                0xd50 (size before relaxing)
 .stab          0x0000b97c      0xb94 contiki-sky.a(process.o)
                               0x102c (size before relaxing)
 .stab          0x0000c510      0x3cc contiki-sky.a(rtimer.o)
                                0x6b4 (size before relaxing)
 .stab          0x0000c8dc      0x348 contiki-sky.a(timer.o)
                                0x588 (size before relaxing)
 .stab          0x0000cc24      0x7bc contiki-sky.a(list.o)
                                0x7c8 (size before relaxing)
 .stab          0x0000d3e0      0x240 contiki-sky.a(random.o)
                                0x618 (size before relaxing)
 .stab          0x0000d620     0x2c64 contiki-sky.a(sicslowpan.o)
                               0x3630 (size before relaxing)
 .stab          0x00010284      0xd08 contiki-sky.a(uip-ds6-nbr.o)
                               0x16e0 (size before relaxing)
 .stab          0x00010f8c     0x1d4c contiki-sky.a(uip-ds6.o)
                               0x2970 (size before relaxing)
 .stab          0x00012cd8     0x28ec contiki-sky.a(uip6.o)
                               0x36cc (size before relaxing)
 .stab          0x000155c4     0x11ac contiki-sky.a(tcpip.o)
                               0x2418 (size before relaxing)
 .stab          0x00016770      0x5b8 contiki-sky.a(uip-debug.o)
                               0x129c (size before relaxing)
 .stab          0x00016d28     0x1134 contiki-sky.a(csma.o)
                               0x165c (size before relaxing)
 .stab          0x00017e5c      0x900 contiki-sky.a(framer-802154.o)
                                0xf0c (size before relaxing)
 .stab          0x0001875c      0x1f8 contiki-sky.a(mac.o)
                                0x4ec (size before relaxing)
 .stab          0x00018954      0x7bc contiki-sky.a(link-stats.o)
                               0x1188 (size before relaxing)
 .stab          0x00019110      0x2ac contiki-sky.a(linkaddr.o)
                                0x6a8 (size before relaxing)
 .stab          0x000193bc     0x1038 contiki-sky.a(nbr-table.o)
                               0x19a4 (size before relaxing)
 .stab          0x0001a3f4      0x2c4 contiki-sky.a(net-debug.o)
                                0xa8c (size before relaxing)
 .stab          0x0001a6b8      0xcb4 contiki-sky.a(packetbuf.o)
                               0x1ecc (size before relaxing)
 .stab          0x0001b36c      0xa98 contiki-sky.a(queuebuf.o)
                               0x1c98 (size before relaxing)
 .stab          0x0001be04     0x17ac contiki-sky.a(contikimac.o)
                               0x234c (size before relaxing)
 .stab          0x0001d5b0      0x39c contiki-sky.a(nullsec.o)
                                0xccc (size before relaxing)
 .stab          0x0001d94c      0x1f8 contiki-sky.a(spi.o)
                                0x420 (size before relaxing)
 .stab          0x0001db44      0x4ec contiki-sky.a(compower.o)
                                0xcf0 (size before relaxing)
 .stab          0x0001e030      0x3b4 contiki-sky.a(stimer.o)
                                0x5f4 (size before relaxing)
 .stab          0x0001e3e4      0x5c4 contiki-sky.a(memb.o)
                                0xaf8 (size before relaxing)
 .stab          0x0001e9a8     0x1ba8 contiki-sky.a(uip-6lowpan-nd6)
                               0x291c (size before relaxing)
 .stab          0x00020550      0xfa8 contiki-sky.a(uip-ds6-reg.o)
                               0x1d94 (size before relaxing)
 .stab          0x000214f8     0x1740 contiki-sky.a(uip-ds6-route.o)
                               0x243c (size before relaxing)
 .stab          0x00022c38      0xbc4 contiki-sky.a(uip-icmp6.o)
                               0x18cc (size before relaxing)
 .stab          0x000237fc     0x1074 contiki-sky.a(frame802154.o)
                               0x1860 (size before relaxing)
 .stab          0x00024870      0x69c contiki-sky.a(mac-sequence.o)
                               0x18b4 (size before relaxing)

.stabstr        0x00000000    0x1da19
 *(.stabstr)
 .stabstr       0x00000000    0x1da19 mch.co

.stab.excl
 *(.stab.excl)

.stab.exclstr
 *(.stab.exclstr)

.stab.index
 *(.stab.index)

.stab.indexstr
 *(.stab.indexstr)

.comment        0x00000000       0x30
 *(.comment)
 .comment       0x00000000       0x30 mch.co
                                 0x31 (size before relaxing)
 .comment       0x00000000       0x31 obj_sky/contiki-sky-main.o
 .comment       0x00000000       0x31 contiki-sky.a(contiki-sky-pla)
 .comment       0x00000000       0x31 contiki-sky.a(button-sensor.o)
 .comment       0x00000000       0x31 contiki-sky.a(ds2411.o)
 .comment       0x00000000       0x31 contiki-sky.a(xmem.o)
 .comment       0x00000000       0x31 contiki-sky.a(node-id.o)
 .comment       0x00000000       0x31 contiki-sky.a(sensors.o)
 .comment       0x00000000       0x31 contiki-sky.a(cc2420.o)
 .comment       0x00000000       0x31 contiki-sky.a(cc2420-arch.o)
 .comment       0x00000000       0x31 contiki-sky.a(uart1.o)
 .comment       0x00000000       0x31 contiki-sky.a(uart1-putchar.o)
 .comment       0x00000000       0x31 contiki-sky.a(msp430.o)
 .comment       0x00000000       0x31 contiki-sky.a(clock.o)
 .comment       0x00000000       0x31 contiki-sky.a(leds.o)
 .comment       0x00000000       0x31 contiki-sky.a(leds-arch.o)
 .comment       0x00000000       0x31 contiki-sky.a(watchdog.o)
 .comment       0x00000000       0x31 contiki-sky.a(rtimer-arch.o)
 .comment       0x00000000       0x31 contiki-sky.a(autostart.o)
 .comment       0x00000000       0x31 contiki-sky.a(ctimer.o)
 .comment       0x00000000       0x31 contiki-sky.a(energest.o)
 .comment       0x00000000       0x31 contiki-sky.a(etimer.o)
 .comment       0x00000000       0x31 contiki-sky.a(process.o)
 .comment       0x00000000       0x31 contiki-sky.a(rtimer.o)
 .comment       0x00000000       0x31 contiki-sky.a(timer.o)
 .comment       0x00000000       0x31 contiki-sky.a(list.o)
 .comment       0x00000000       0x31 contiki-sky.a(random.o)
 .comment       0x00000000       0x31 contiki-sky.a(sicslowpan.o)
 .comment       0x00000000       0x31 contiki-sky.a(uip-ds6-nbr.o)
 .comment       0x00000000       0x31 contiki-sky.a(uip-ds6.o)
 .comment       0x00000000       0x31 contiki-sky.a(uip6.o)
 .comment       0x00000000       0x31 contiki-sky.a(tcpip.o)
 .comment       0x00000000       0x31 contiki-sky.a(uip-debug.o)
 .comment       0x00000000       0x31 contiki-sky.a(csma.o)
 .comment       0x00000000       0x31 contiki-sky.a(framer-802154.o)
 .comment       0x00000000       0x31 contiki-sky.a(mac.o)
 .comment       0x00000000       0x31 contiki-sky.a(link-stats.o)
 .comment       0x00000000       0x31 contiki-sky.a(linkaddr.o)
 .comment       0x00000000       0x31 contiki-sky.a(nbr-table.o)
 .comment       0x00000000       0x31 contiki-sky.a(net-debug.o)
 .comment       0x00000000       0x31 contiki-sky.a(packetbuf.o)
 .comment       0x00000000       0x31 contiki-sky.a(queuebuf.o)
 .comment       0x00000000       0x31 contiki-sky.a(contikimac.o)
 .comment       0x00000000       0x31 contiki-sky.a(nullsec.o)
 .comment       0x00000000       0x31 contiki-sky.a(spi.o)
 .comment       0x00000000       0x31 contiki-sky.a(compower.o)
 .comment       0x00000000       0x31 contiki-sky.a(stimer.o)
 .comment       0x00000000       0x31 contiki-sky.a(memb.o)
 .comment       0x00000000       0x31 contiki-sky.a(uip-6lowpan-nd6)
 .comment       0x00000000       0x31 contiki-sky.a(uip-ds6-reg.o)
 .comment       0x00000000       0x31 contiki-sky.a(uip-ds6-route.o)
 .comment       0x00000000       0x31 contiki-sky.a(uip-icmp6.o)
 .comment       0x00000000       0x31 contiki-sky.a(frame802154.o)
 .comment       0x00000000       0x31 contiki-sky.a(mac-sequence.o)
 .comment       0x00000000       0x31 /usr/local/bin/../lib/gcc/msp430/4.7.2/../../../../msp430/lib/mmpy-16/libc.a(printf.o)
 .comment       0x00000000       0x31 /usr/local/bin/../lib/gcc/msp430/4.7.2/../../../../msp430/lib/mmpy-16/libc.a(vuprintf.o)
 .comment       0x00000000       0x31 /usr/local/bin/../lib/gcc/msp430/4.7.2/../../../../msp430/lib/mmpy-16/libc.a(puts.o)
 .comment       0x00000000       0x31 /usr/local/bin/../lib/gcc/msp430/4.7.2/../../../../msp430/lib/mmpy-16/libc.a(rand.o)
 .comment       0x00000000       0x31 /usr/local/bin/../lib/gcc/msp430/4.7.2/../../../../msp430/lib/mmpy-16/libc.a(memcmp.o)
 .comment       0x00000000       0x31 /usr/local/bin/../lib/gcc/msp430/4.7.2/../../../../msp430/lib/mmpy-16/libc.a(memcpy.o)
 .comment       0x00000000       0x31 /usr/local/bin/../lib/gcc/msp430/4.7.2/../../../../msp430/lib/mmpy-16/libc.a(memmove.o)
 .comment       0x00000000       0x31 /usr/local/bin/../lib/gcc/msp430/4.7.2/../../../../msp430/lib/mmpy-16/libc.a(memset.o)

.debug
 *(.debug)

.line
 *(.line)

.debug_srcinfo
 *(.debug_srcinfo)

.debug_sfnames
 *(.debug_sfnames)

.debug_aranges  0x00000000      0x1b4
 *(.debug_aranges)
 .debug_aranges
                0x00000000       0x14 /usr/local/bin/../lib/gcc/msp430/4.7.2/mmpy-16/crt0ivtbl16.o
 .debug_aranges
                0x00000014       0x14 /usr/local/bin/../lib/gcc/msp430/4.7.2/mmpy-16/libgcc.a(_mulsi3.o)
 .debug_aranges
                0x00000028       0x14 /usr/local/bin/../lib/gcc/msp430/4.7.2/mmpy-16/libgcc.a(_udivmod16.o)
 .debug_aranges
                0x0000003c       0x14 /usr/local/bin/../lib/gcc/msp430/4.7.2/mmpy-16/libgcc.a(_divmod16.o)
 .debug_aranges
                0x00000050       0x14 /usr/local/bin/../lib/gcc/msp430/4.7.2/mmpy-16/libgcc.a(_udivmod32.o)
 .debug_aranges
                0x00000064       0x14 /usr/local/bin/../lib/gcc/msp430/4.7.2/mmpy-16/libgcc.a(_divmod32.o)
 .debug_aranges
                0x00000078       0x18 /usr/local/bin/../lib/gcc/msp430/4.7.2/../../../../msp430/lib/mmpy-16/libc.a(printf.o)
 .debug_aranges
                0x00000090       0x18 /usr/local/bin/../lib/gcc/msp430/4.7.2/../../../../msp430/lib/mmpy-16/libc.a(vuprintf.o)
 .debug_aranges
                0x000000a8       0x14 /usr/local/bin/../lib/gcc/msp430/4.7.2/../../../../msp430/lib/mmpy-16/libc.a(puts.o)
 .debug_aranges
                0x000000bc       0x1c /usr/local/bin/../lib/gcc/msp430/4.7.2/../../../../msp430/lib/mmpy-16/libc.a(rand.o)
 .debug_aranges
                0x000000d8       0x14 /usr/local/bin/../lib/gcc/msp430/4.7.2/../../../../msp430/lib/mmpy-16/libc.a(memcmp.o)
 .debug_aranges
                0x000000ec       0x14 /usr/local/bin/../lib/gcc/msp430/4.7.2/../../../../msp430/lib/mmpy-16/libc.a(memcpy.o)
 .debug_aranges
                0x00000100       0x14 /usr/local/bin/../lib/gcc/msp430/4.7.2/../../../../msp430/lib/mmpy-16/libc.a(memmove.o)
 .debug_aranges
                0x00000114       0x14 /usr/local/bin/../lib/gcc/msp430/4.7.2/../../../../msp430/lib/mmpy-16/libc.a(memset.o)
 .debug_aranges
                0x00000128       0x14 /usr/local/bin/../lib/gcc/msp430/4.7.2/mmpy-16/libgcc.a(_udivmod64.o)
 .debug_aranges
                0x0000013c       0x14 /usr/local/bin/../lib/gcc/msp430/4.7.2/mmpy-16/libcrt0.a(__watchdog_support.o)
 .debug_aranges
                0x00000150       0x14 /usr/local/bin/../lib/gcc/msp430/4.7.2/mmpy-16/libcrt0.a(__init_stack.o)
 .debug_aranges
                0x00000164       0x14 /usr/local/bin/../lib/gcc/msp430/4.7.2/mmpy-16/libcrt0.a(_copy_data.o)
 .debug_aranges
                0x00000178       0x14 /usr/local/bin/../lib/gcc/msp430/4.7.2/mmpy-16/libcrt0.a(_clear_bss.o)
 .debug_aranges
                0x0000018c       0x14 /usr/local/bin/../lib/gcc/msp430/4.7.2/mmpy-16/libcrt0.a(_endless_loop__.o)
 .debug_aranges
                0x000001a0       0x14 /usr/local/bin/../lib/gcc/msp430/4.7.2/mmpy-16/libcrt0.a(_unexpected_.o)

.debug_pubnames
 *(.debug_pubnames)

.debug_info     0x00000000     0x14b6
 *(.debug_info)
 .debug_info    0x00000000       0x8f /usr/local/bin/../lib/gcc/msp430/4.7.2/mmpy-16/crt0ivtbl16.o
 .debug_info    0x0000008f       0x8c /usr/local/bin/../lib/gcc/msp430/4.7.2/mmpy-16/libgcc.a(_mulsi3.o)
 .debug_info    0x0000011b       0x8c /usr/local/bin/../lib/gcc/msp430/4.7.2/mmpy-16/libgcc.a(_udivmod16.o)
 .debug_info    0x000001a7       0x8c /usr/local/bin/../lib/gcc/msp430/4.7.2/mmpy-16/libgcc.a(_divmod16.o)
 .debug_info    0x00000233       0x8c /usr/local/bin/../lib/gcc/msp430/4.7.2/mmpy-16/libgcc.a(_udivmod32.o)
 .debug_info    0x000002bf       0x8c /usr/local/bin/../lib/gcc/msp430/4.7.2/mmpy-16/libgcc.a(_divmod32.o)
 .debug_info    0x0000034b      0x16e /usr/local/bin/../lib/gcc/msp430/4.7.2/../../../../msp430/lib/mmpy-16/libc.a(printf.o)
 .debug_info    0x000004b9      0x5d4 /usr/local/bin/../lib/gcc/msp430/4.7.2/../../../../msp430/lib/mmpy-16/libc.a(vuprintf.o)
 .debug_info    0x00000a8d       0xc7 /usr/local/bin/../lib/gcc/msp430/4.7.2/../../../../msp430/lib/mmpy-16/libc.a(puts.o)
 .debug_info    0x00000b54      0x146 /usr/local/bin/../lib/gcc/msp430/4.7.2/../../../../msp430/lib/mmpy-16/libc.a(rand.o)
 .debug_info    0x00000c9a       0xe5 /usr/local/bin/../lib/gcc/msp430/4.7.2/../../../../msp430/lib/mmpy-16/libc.a(memcmp.o)
 .debug_info    0x00000d7f      0x12c /usr/local/bin/../lib/gcc/msp430/4.7.2/../../../../msp430/lib/mmpy-16/libc.a(memcpy.o)
 .debug_info    0x00000eab      0x12c /usr/local/bin/../lib/gcc/msp430/4.7.2/../../../../msp430/lib/mmpy-16/libc.a(memmove.o)
 .debug_info    0x00000fd7      0x117 /usr/local/bin/../lib/gcc/msp430/4.7.2/../../../../msp430/lib/mmpy-16/libc.a(memset.o)
 .debug_info    0x000010ee       0x8c /usr/local/bin/../lib/gcc/msp430/4.7.2/mmpy-16/libgcc.a(_udivmod64.o)
 .debug_info    0x0000117a       0x8a /usr/local/bin/../lib/gcc/msp430/4.7.2/mmpy-16/libcrt0.a(__watchdog_support.o)
 .debug_info    0x00001204       0x8a /usr/local/bin/../lib/gcc/msp430/4.7.2/mmpy-16/libcrt0.a(__init_stack.o)