Archive member included because of file (symbol)

contiki-sky.a(powertrace.o)   ln.co (powertrace_start)
contiki-sky.a(contiki-sky-pla)
                              obj_sky/contiki-sky-main.o (init_platform)
contiki-sky.a(button-sensor.o)
                              contiki-sky.a(contiki-sky-pla) (button_sensor)
contiki-sky.a(ds2411.o)       obj_sky/contiki-sky-main.o (ds2411_init)
contiki-sky.a(xmem.o)         obj_sky/contiki-sky-main.o (xmem_init)
contiki-sky.a(node-id.o)      obj_sky/contiki-sky-main.o (node_id_restore)
contiki-sky.a(sensors.o)      contiki-sky.a(button-sensor.o) (sensors_changed)
contiki-sky.a(cc2420.o)       obj_sky/contiki-sky-main.o (cc2420_set_pan_addr)
contiki-sky.a(cc2420-arch.o)  contiki-sky.a(cc2420.o) (cc2420_arch_init)
contiki-sky.a(uart1.o)        obj_sky/contiki-sky-main.o (uart1_active)
contiki-sky.a(uart1-putchar.o)
                              obj_sky/contiki-sky-main.o (putchar)
contiki-sky.a(msp430.o)       contiki-sky.a(uart1.o) (msp430_add_lpm_req)
contiki-sky.a(clock.o)        contiki-sky.a(powertrace.o) (clock_time)
contiki-sky.a(leds.o)         obj_sky/contiki-sky-main.o (leds_init)
contiki-sky.a(leds-arch.o)    contiki-sky.a(leds.o) (leds_arch_init)
contiki-sky.a(watchdog.o)     obj_sky/contiki-sky-main.o (watchdog_start)
contiki-sky.a(rtimer-arch.o)  obj_sky/contiki-sky-main.o (rtimer_arch_now)
contiki-sky.a(autostart.o)    obj_sky/contiki-sky-main.o (autostart_start)
contiki-sky.a(compower.o)     contiki-sky.a(powertrace.o) (compower_idle_activity)
contiki-sky.a(ctimer.o)       obj_sky/contiki-sky-main.o (ctimer_init)
contiki-sky.a(energest.o)     obj_sky/contiki-sky-main.o (energest_init)
contiki-sky.a(etimer.o)       contiki-sky.a(clock.o) (etimer_request_poll)
contiki-sky.a(process.o)      contiki-sky.a(ctimer.o) (process_current)
contiki-sky.a(rtimer.o)       obj_sky/contiki-sky-main.o (rtimer_init)
contiki-sky.a(timer.o)        obj_sky/contiki-sky-main.o (timer_set)
contiki-sky.a(list.o)         contiki-sky.a(ctimer.o) (list_init)
contiki-sky.a(memb.o)         contiki-sky.a(powertrace.o) (memb_alloc)
contiki-sky.a(random.o)       obj_sky/contiki-sky-main.o (random_init)
contiki-sky.a(sicslowpan.o)   contiki-sky.a(powertrace.o) (rime_sniffer_add)
contiki-sky.a(uip-ds6-nbr.o)  contiki-sky.a(sicslowpan.o) (uip_ds6_link_neighbor_callback)
contiki-sky.a(uip-ds6.o)      contiki-sky.a(sicslowpan.o) (uip_ds6_set_addr_iid)
contiki-sky.a(uip6.o)         contiki-sky.a(sicslowpan.o) (uip_aligned_buf)
contiki-sky.a(tcpip.o)        contiki-sky.a(sicslowpan.o) (tcpip_set_outputfunc)
contiki-sky.a(uip-debug.o)    contiki-sky.a(uip-ds6.o) (uip_debug_ipaddr_print)
contiki-sky.a(csma.o)         obj_sky/contiki-sky-main.o (csma_driver)
contiki-sky.a(framer-802154.o)
                              contiki-sky.a(sicslowpan.o) (framer_802154)
contiki-sky.a(mac.o)          contiki-sky.a(csma.o) (mac_call_sent_callback)
contiki-sky.a(link-stats.o)   contiki-sky.a(uip-ds6-nbr.o) (link_stats_packet_sent)
contiki-sky.a(linkaddr.o)     obj_sky/contiki-sky-main.o (linkaddr_copy)
contiki-sky.a(nbr-table.o)    contiki-sky.a(uip-ds6-nbr.o) (nbr_table_register)
contiki-sky.a(packetbuf.o)    contiki-sky.a(framer-802154.o) (packetbuf_hdrreduce)
contiki-sky.a(queuebuf.o)     obj_sky/contiki-sky-main.o (queuebuf_init)
contiki-sky.a(contikimac.o)   obj_sky/contiki-sky-main.o (contikimac_driver)
contiki-sky.a(nullsec.o)      obj_sky/contiki-sky-main.o (nullsec_driver)
contiki-sky.a(spi.o)          contiki-sky.a(xmem.o) (spi_init)
contiki-sky.a(stimer.o)       contiki-sky.a(uip-ds6.o) (stimer_set)
contiki-sky.a(uip-6lowpan-nd6)
                              contiki-sky.a(uip-ds6.o) (uip_nd6_lowpan_rs_output)
contiki-sky.a(uip-ds6-reg.o)  contiki-sky.a(uip-6lowpan-nd6) (uip_ds6_reg_add)
contiki-sky.a(uip-ds6-route.o)
                              contiki-sky.a(uip-ds6.o) (uip_ds6_route_init)
contiki-sky.a(uip-icmp6.o)    contiki-sky.a(uip6.o) (uip_icmp6_input)
contiki-sky.a(frame802154.o)  contiki-sky.a(framer-802154.o) (frame802154_get_pan_id)
contiki-sky.a(mac-sequence.o)
                              contiki-sky.a(contikimac.o) (mac_sequence_is_duplicate)
/usr/local/bin/../lib/gcc/msp430/4.7.2/mmpy-16/libgcc.a(_mulsi3.o)
                              contiki-sky.a(powertrace.o) (__mulsi3)
/usr/local/bin/../lib/gcc/msp430/4.7.2/mmpy-16/libgcc.a(_udivmod16.o)
                              contiki-sky.a(uip-ds6.o) (__umodhi3)
/usr/local/bin/../lib/gcc/msp430/4.7.2/mmpy-16/libgcc.a(_divmod16.o)
                              contiki-sky.a(sicslowpan.o) (__divhi3)
/usr/local/bin/../lib/gcc/msp430/4.7.2/mmpy-16/libgcc.a(_udivmod32.o)
                              obj_sky/contiki-sky-main.o (__udivsi3)
/usr/local/bin/../lib/gcc/msp430/4.7.2/mmpy-16/libgcc.a(_divmod32.o)
                              contiki-sky.a(link-stats.o) (__divsi3)
/usr/local/bin/../lib/gcc/msp430/4.7.2/../../../../msp430/lib/mmpy-16/libc.a(printf.o)
                              obj_sky/contiki-sky-main.o (printf)
[...]
Memory Configuration

Name             Origin             Length             Attributes
sfr              0x00000000         0x00000010
peripheral_8bit  0x00000010         0x000000f0
peripheral_16bit 0x00000100         0x00000100
ram_mirror       0x00000200         0x00000800         xw
infomem          0x00001000         0x00000100
infob            0x00001000         0x00000080
infoa            0x00001080         0x00000080
ram              0x00001100         0x00002800         xw
rom              0x00004000         0x0000bfe0         xr
vectors          0x0000ffe0         0x00000020
bsl              0x00000000         0x00000000
infoc            0x00000000         0x00000000
infod            0x00000000         0x00000000
ram2             0x00000000         0x00000000         xw
usbram           0x00000000         0x00000000         xw
far_rom          0x00000000         0x00000000
*default*        0x00000000         0xffffffff

Linker script and memory map

LOAD /usr/local/bin/../lib/gcc/msp430/4.7.2/mmpy-16/crt0ivtbl16.o
LOAD ln.co
LOAD obj_sky/contiki-sky-main.o
LOAD contiki-sky.a
LOAD /usr/local/bin/../lib/gcc/msp430/4.7.2/mmpy-16/libgcc.a
LOAD /usr/local/bin/../lib/gcc/msp430/4.7.2/../../../../msp430/lib/mmpy-16/libc.a
LOAD /usr/local/bin/../lib/gcc/msp430/4.7.2/mmpy-16/libgcc.a
LOAD /usr/local/bin/../lib/gcc/msp430/4.7.2/mmpy-16/libcrt0.a
                0x00000080                PROVIDE (__info_segment_size, 0x80)
                0x00001000                PROVIDE (__infob, 0x1000)
                0x00001080                PROVIDE (__infoa, 0x1080)
                0x00000000                __IE1 = 0x0
                0x00000002                __IFG1 = 0x2
                0x00000004                __ME1 = 0x4
                0x00000001                __IE2 = 0x1
                0x00000003                __IFG2 = 0x3
                0x00000005                __ME2 = 0x5
                0x00000120                __WDTCTL = 0x120
                0x00000130                __MPY = 0x130
                0x00000132                __MPYS = 0x132
                0x00000134                __MAC = 0x134
                0x00000136                __MACS = 0x136
                0x00000138                __OP2 = 0x138
                0x0000013a                __RESLO = 0x13a
                0x0000013c                __RESHI = 0x13c
                0x0000013e                __SUMEXT = 0x13e
                0x00000020                __P1IN = 0x20
                0x00000021                __P1OUT = 0x21
                0x00000022                __P1DIR = 0x22
                0x00000023                __P1IFG = 0x23
                0x00000024                __P1IES = 0x24
                0x00000025                __P1IE = 0x25
                0x00000026                __P1SEL = 0x26
                0x00000028                __P2IN = 0x28
                0x00000029                __P2OUT = 0x29
                0x0000002a                __P2DIR = 0x2a
                0x0000002b                __P2IFG = 0x2b
                0x0000002c                __P2IES = 0x2c
                0x0000002d                __P2IE = 0x2d
                0x0000002e                __P2SEL = 0x2e
                0x00000018                __P3IN = 0x18
                0x00000019                __P3OUT = 0x19
                0x0000001a                __P3DIR = 0x1a
                0x0000001b                __P3SEL = 0x1b
                0x0000001c                __P4IN = 0x1c
                0x0000001d                __P4OUT = 0x1d
                0x0000001e                __P4DIR = 0x1e
                0x0000001f                __P4SEL = 0x1f
                0x00000030                __P5IN = 0x30
                0x00000031                __P5OUT = 0x31
                0x00000032                __P5DIR = 0x32
                0x00000033                __P5SEL = 0x33
                0x00000034                __P6IN = 0x34
                0x00000035                __P6OUT = 0x35
                0x00000036                __P6DIR = 0x36
                0x00000037                __P6SEL = 0x37
                0x00000070                __U0CTL = 0x70
                0x00000071                __U0TCTL = 0x71
                0x00000072                __U0RCTL = 0x72
                0x00000073                __U0MCTL = 0x73
                0x00000074                __U0BR0 = 0x74
                0x00000075                __U0BR1 = 0x75
                0x00000076                __U0RXBUF = 0x76
                0x00000077                __U0TXBUF = 0x77
                0x00000078                __U1CTL = 0x78
                0x00000079                __U1TCTL = 0x79
                0x0000007a                __U1RCTL = 0x7a
                0x0000007b                __U1MCTL = 0x7b
                0x0000007c                __U1BR0 = 0x7c
                0x0000007d                __U1BR1 = 0x7d
                0x0000007e                __U1RXBUF = 0x7e
                0x0000007f                __U1TXBUF = 0x7f
                0x00000050                __I2CIE = 0x50
                0x00000051                __I2CIFG = 0x51
                0x00000052                __I2CNDAT = 0x52
                0x00000071                __I2CTCTL = 0x71
                0x00000072                __I2CDCTL = 0x72
                0x00000073                __I2CPSC = 0x73
                0x00000074                __I2CSCLH = 0x74
                0x00000075                __I2CSCLL = 0x75
                0x00000076                __I2CDRB = 0x76
                0x00000076                __I2CDRW = 0x76
                0x00000118                __I2COA = 0x118
                0x0000011a                __I2CSA = 0x11a
                0x0000011c                __I2CIV = 0x11c
                0x0000012e                __TAIV = 0x12e
                0x00000160                __TACTL = 0x160
                0x00000162                __TACCTL0 = 0x162
                0x00000164                __TACCTL1 = 0x164
                0x00000166                __TACCTL2 = 0x166
                0x00000170                __TAR = 0x170
                0x00000172                __TACCR0 = 0x172
                0x00000174                __TACCR1 = 0x174
                0x00000176                __TACCR2 = 0x176
                0x0000011e                __TBIV = 0x11e
                0x00000180                __TBCTL = 0x180
                0x00000182                __TBCCTL0 = 0x182
                0x00000184                __TBCCTL1 = 0x184
                0x00000186                __TBCCTL2 = 0x186
                0x00000188                __TBCCTL3 = 0x188
                0x0000018a                __TBCCTL4 = 0x18a
                0x0000018c                __TBCCTL5 = 0x18c
                0x0000018e                __TBCCTL6 = 0x18e
                0x00000190                __TBR = 0x190
                0x00000192                __TBCCR0 = 0x192
                0x00000194                __TBCCR1 = 0x194
                0x00000196                __TBCCR2 = 0x196
                0x00000198                __TBCCR3 = 0x198
                0x0000019a                __TBCCR4 = 0x19a
                0x0000019c                __TBCCR5 = 0x19c
                0x0000019e                __TBCCR6 = 0x19e
                0x00000056                __DCOCTL = 0x56
                0x00000057                __BCSCTL1 = 0x57
                0x00000058                __BCSCTL2 = 0x58
                0x00000055                __SVSCTL = 0x55
                0x00000128                __FCTL1 = 0x128
                0x0000012a                __FCTL2 = 0x12a
                0x0000012c                __FCTL3 = 0x12c
                0x00000059                __CACTL1 = 0x59
                0x0000005a                __CACTL2 = 0x5a
                0x0000005b                __CAPD = 0x5b
                0x000001a0                __ADC12CTL0 = 0x1a0
                0x000001a2                __ADC12CTL1 = 0x1a2
                0x000001a4                __ADC12IFG = 0x1a4
                0x000001a6                __ADC12IE = 0x1a6
                0x000001a8                __ADC12IV = 0x1a8
                0x00000140                __ADC12MEM0 = 0x140
                0x00000142                __ADC12MEM1 = 0x142
                0x00000144                __ADC12MEM2 = 0x144
                0x00000146                __ADC12MEM3 = 0x146
                0x00000148                __ADC12MEM4 = 0x148
                0x0000014a                __ADC12MEM5 = 0x14a
                0x0000014c                __ADC12MEM6 = 0x14c
                0x0000014e                __ADC12MEM7 = 0x14e
                0x00000150                __ADC12MEM8 = 0x150
                0x00000152                __ADC12MEM9 = 0x152
                0x00000154                __ADC12MEM10 = 0x154
                0x00000156                __ADC12MEM11 = 0x156
                0x00000158                __ADC12MEM12 = 0x158
                0x0000015a                __ADC12MEM13 = 0x15a
                0x0000015c                __ADC12MEM14 = 0x15c
                0x0000015e                __ADC12MEM15 = 0x15e
                0x00000080                __ADC12MCTL0 = 0x80
                0x00000081                __ADC12MCTL1 = 0x81
                0x00000082                __ADC12MCTL2 = 0x82
                0x00000083                __ADC12MCTL3 = 0x83
                0x00000084                __ADC12MCTL4 = 0x84
                0x00000085                __ADC12MCTL5 = 0x85
                0x00000086                __ADC12MCTL6 = 0x86
                0x00000087                __ADC12MCTL7 = 0x87
                0x00000088                __ADC12MCTL8 = 0x88
                0x00000089                __ADC12MCTL9 = 0x89
                0x0000008a                __ADC12MCTL10 = 0x8a
                0x0000008b                __ADC12MCTL11 = 0x8b
                0x0000008c                __ADC12MCTL12 = 0x8c
                0x0000008d                __ADC12MCTL13 = 0x8d
                0x0000008e                __ADC12MCTL14 = 0x8e
                0x0000008f                __ADC12MCTL15 = 0x8f
                0x000001c0                __DAC12_0CTL = 0x1c0
                0x000001c2                __DAC12_1CTL = 0x1c2
                0x000001c8                __DAC12_0DAT = 0x1c8
                0x000001ca                __DAC12_1DAT = 0x1ca
                0x00000122                __DMACTL0 = 0x122
                0x00000124                __DMACTL1 = 0x124
                0x000001e0                __DMA0CTL = 0x1e0
                0x000001e8                __DMA1CTL = 0x1e8
                0x000001f0                __DMA2CTL = 0x1f0
                0x000001e2                __DMA0SA = 0x1e2
                0x000001e4                __DMA0DA = 0x1e4
                0x000001e6                __DMA0SZ = 0x1e6
                0x000001ea                __DMA1SA = 0x1ea
                0x000001ec                __DMA1DA = 0x1ec
                0x000001ee                __DMA1SZ = 0x1ee
                0x000001f2                __DMA2SA = 0x1f2
                0x000001f4                __DMA2DA = 0x1f4
                0x000001f6                __DMA2SZ = 0x1f6

.hash
 *(.hash)

.dynsym
 *(.dynsym)

.dynstr
 *(.dynstr)

.gnu.version
 *(.gnu.version)

.gnu.version_d
 *(.gnu.version_d)

.gnu.version_r
 *(.gnu.version_r)

.rel.init
 *(.rel.init)

.rela.init
 *(.rela.init)

.rel.fini
 *(.rel.fini)

.rela.fini
 *(.rela.fini)

.rel.text
 *(.rel.text .rel.text.* .rel.gnu.linkonce.t.*)

.rela.text
 *(.rela.text .rela.text.* .rela.gnu.linkonce.t.*)

.rel.rodata
 *(.rel.rodata .rel.rodata.* .rel.gnu.linkonce.r.*)

.rela.rodata
 *(.rela.rodata .rela.rodata.* .rela.gnu.linkonce.r.*)

.rel.data
 *(.rel.data .rel.data.* .rel.gnu.linkonce.d.*)

.rela.data
 *(.rela.data .rela.data.* .rela.gnu.linkonce.d.*)

.rel.bss
 *(.rel.bss .rel.bss.* .rel.gnu.linkonce.b.*)

.rela.bss
 *(.rela.bss .rela.bss.* .rela.gnu.linkonce.b.*)

.rel.ctors
 *(.rel.ctors)

.rela.ctors
 *(.rela.ctors)

.rel.dtors
 *(.rel.dtors)

.rela.dtors
 *(.rela.dtors)

.rel.got
 *(.rel.got)

.rela.got
 *(.rela.got)

.rel.plt
 *(.rel.plt)

.rela.plt
 *(.rela.plt)

.text           0x00004000     0x9966
                0x00004000                . = ALIGN (0x2)
 *(.init .init.*)
 *(.init0)
 .init0         0x00004000        0x0 /usr/local/bin/../lib/gcc/msp430/4.7.2/mmpy-16/libcrt0.a(_reset_vector__.o)
                0x00004000                _reset_vector__
 *(.init1)
 .init1         0x00004000        0xc /usr/local/bin/../lib/gcc/msp430/4.7.2/mmpy-16/libcrt0.a(__watchdog_support.o)
                0x00004000                __watchdog_support
 *(.init2)
 .init2         0x0000400c        0x4 /usr/local/bin/../lib/gcc/msp430/4.7.2/mmpy-16/libcrt0.a(__init_stack.o)
                0x0000400c                __init_stack
 *(.init3)
 .init3         0x00004010        0x0 /usr/local/bin/../lib/gcc/msp430/4.7.2/mmpy-16/libcrt0.a(__low_level_init.o)
                0x00004010                __low_level_init
 *(.init4)
 .init4         0x00004010       0x18 /usr/local/bin/../lib/gcc/msp430/4.7.2/mmpy-16/libcrt0.a(_copy_data.o)
                0x00004010                __do_copy_data
 .init4         0x00004028       0x16 /usr/local/bin/../lib/gcc/msp430/4.7.2/mmpy-16/libcrt0.a(_clear_bss.o)
                0x00004028                __do_clear_bss
 *(.init5)
 *(.init6)
 *(.init7)
 *(.init8)
 *(.init9)
 .init9         0x0000403e      0x2ee obj_sky/contiki-sky-main.o
                0x0000403e                main
 *(.fini9)
 .fini9         0x0000432c        0x0 /usr/local/bin/../lib/gcc/msp430/4.7.2/mmpy-16/libcrt0.a(__stop_progExec__.o)
                0x0000432c                __stop_progExec__
 *(.fini8)
 *(.fini7)
 *(.fini6)
 *(.fini5)
 *(.fini4)
 *(.fini3)
 *(.fini2)
 *(.fini1)
 *(.fini0)
 .fini0         0x0000432c        0x6 /usr/local/bin/../lib/gcc/msp430/4.7.2/mmpy-16/libcrt0.a(_endless_loop__.o)
                0x0000432c                _endless_loop__
 *(.fini .fini.*)
                0x00004332                . = ALIGN (0x2)
                0x00004332                __ctors_start = .
 *(.ctors)
                0x00004332                __ctors_end = .
                0x00004332                __dtors_start = .
 *(.dtors)
                0x00004332                __dtors_end = .
                0x00004332                . = ALIGN (0x2)
 *(.text .text.* .gnu.linkonce.t.*)
 .text          0x00004332        0x4 /usr/local/bin/../lib/gcc/msp430/4.7.2/mmpy-16/crt0ivtbl16.o
                0x00004332                __isr_14
                0x00004332                __isr_11
                0x00004332                __isr_2
                0x00004332                __isr_7
                0x00004332                __isr_0
                0x00004332                __isr_8
                0x00004332                __isr_3
                0x00004332                __isr_12
                0x00004332                __isr_13
                0x00004332                __isr_9
 .text.process_thread_ln
                0x00004336       0x28 ln.co
 .text.add_stats
                0x0000435e       0x56 contiki-sky.a(powertrace.o)
 .text.add_packet_stats
                0x000043b4       0x6c contiki-sky.a(powertrace.o)
 .text.output_sniffer
                0x00004420        0x8 contiki-sky.a(powertrace.o)
 .text.input_sniffer
                0x00004428        0x8 contiki-sky.a(powertrace.o)
 .text.powertrace_print
                0x00004430      0x3cc contiki-sky.a(powertrace.o)
                0x00004430                powertrace_print
 .text.process_thread_powertrace_process
                0x000047fc       0x60 contiki-sky.a(powertrace.o)
 .text.powertrace_start
                0x0000485c       0x18 contiki-sky.a(powertrace.o)
                0x0000485c                powertrace_start
 .text.init_platform
                0x00004874        0xc contiki-sky.a(contiki-sky-pla)
                0x00004874                init_platform
 .text.status   0x00004880       0x18 contiki-sky.a(button-sensor.o)
 .text.value    0x00004898       0x20 contiki-sky.a(button-sensor.o)
 .text.configure
                0x000048b8       0x4c contiki-sky.a(button-sensor.o)
 .text.irq_p2   0x00004904       0x88 contiki-sky.a(button-sensor.o)
                0x00004904                irq_p2
                0x00004904                __isr_1
 .text.owreadb  0x0000498c       0x50 contiki-sky.a(ds2411.o)
 .text.ds2411_init
                0x000049dc      0x120 contiki-sky.a(ds2411.o)
                0x000049dc                ds2411_init
 .text.wait_ready
                0x00004afc       0x4a contiki-sky.a(xmem.o)
 .text.xmem_init
                0x00004b46       0x3c contiki-sky.a(xmem.o)
                0x00004b46                xmem_init
 .text.xmem_pread
                0x00004b82       0xda contiki-sky.a(xmem.o)
                0x00004b82                xmem_pread
 .text.node_id_restore
                0x00004c5c       0x38 contiki-sky.a(node-id.o)
                0x00004c5c                node_id_restore
 .text.process_thread_sensors_process
                0x00004c94       0xc2 contiki-sky.a(sensors.o)
 .text.sensors_changed
                0x00004d56       0x2a contiki-sky.a(sensors.o)
                0x00004d56                sensors_changed
 .text.get_object
                0x00004d80        0x4 contiki-sky.a(cc2420.o)
 .text.set_object
                0x00004d84        0x4 contiki-sky.a(cc2420.o)
 .text.strobe   0x00004d88       0x1c contiki-sky.a(cc2420.o)
 .text.getreg   0x00004da4       0x4c contiki-sky.a(cc2420.o)
 .text.setreg   0x00004df0       0x4c contiki-sky.a(cc2420.o)
 .text.write_ram
                0x00004e3c       0x7c contiki-sky.a(cc2420.o)
 .text.write_fifo_buf
                0x00004eb8       0x3c contiki-sky.a(cc2420.o)
 .text.get_status
                0x00004ef4       0x20 contiki-sky.a(cc2420.o)
 .text.set_txpower
                0x00004f14       0x24 contiki-sky.a(cc2420.o)
 .text.cc2420_receiving_packet
                0x00004f38        0xc contiki-sky.a(cc2420.o)
 .text.pending_packet
                0x00004f44        0x8 contiki-sky.a(cc2420.o)
 .text.on       0x00004f4c       0x26 contiki-sky.a(cc2420.o)
 .text.wait_for_transmission
                0x00004f72       0x22 contiki-sky.a(cc2420.o)
 .text.wait_for_status
                0x00004f94       0x28 contiki-sky.a(cc2420.o)
 .text.getrxdata
                0x00004fbc       0x50 contiki-sky.a(cc2420.o)
 .text.flushrx  0x0000500c       0x1a contiki-sky.a(cc2420.o)
 .text.off      0x00005026       0x5e contiki-sky.a(cc2420.o)
 .text.RELEASE_LOCK
                0x00005084       0x28 contiki-sky.a(cc2420.o)
 .text.set_key  0x000050ac       0x18 contiki-sky.a(cc2420.o)
 .text.set_frame_filtering
                0x000050c4       0x30 contiki-sky.a(cc2420.o)
 .text.set_auto_ack
                0x000050f4       0x30 contiki-sky.a(cc2420.o)
 .text.set_poll_mode
                0x00005124       0x2c contiki-sky.a(cc2420.o)
 .text.cc2420_prepare
                0x00005150       0x3c contiki-sky.a(cc2420.o)
 .text.cc2420_on
                0x0000518c       0x22 contiki-sky.a(cc2420.o)
                0x0000518c                cc2420_on
 .text.cc2420_off
                0x000051ae       0x30 contiki-sky.a(cc2420.o)
                0x000051ae                cc2420_off
 .text.cc2420_cca
                0x000051de       0x68 contiki-sky.a(cc2420.o)
 .text.cc2420_read
                0x00005246       0xbc contiki-sky.a(cc2420.o)
 .text.process_thread_cc2420_process
                0x00005302       0x5c contiki-sky.a(cc2420.o)
 .text.encrypt  0x0000535e       0x88 contiki-sky.a(cc2420.o)
 .text.cc2420_set_channel
                0x000053e6       0x3c contiki-sky.a(cc2420.o)
                0x000053e6                cc2420_set_channel
 .text.cc2420_set_pan_addr
                0x00005422       0x4c contiki-sky.a(cc2420.o)
                0x00005422                cc2420_set_pan_addr
 .text.cc2420_interrupt
                0x0000546e       0x16 contiki-sky.a(cc2420.o)
                0x0000546e                cc2420_interrupt
 .text.cc2420_set_txpower
                0x00005484        0xe contiki-sky.a(cc2420.o)
                0x00005484                cc2420_set_txpower
 .text.cc2420_get_txpower
                0x00005492       0x1e contiki-sky.a(cc2420.o)
                0x00005492                cc2420_get_txpower
 .text.cc2420_transmit
                0x000054b0      0x116 contiki-sky.a(cc2420.o)
 .text.cc2420_send
                0x000055c6       0x12 contiki-sky.a(cc2420.o)
 .text.cc2420_rssi
                0x000055d8       0x4c contiki-sky.a(cc2420.o)
                0x000055d8                cc2420_rssi
 .text.get_value
                0x00005624      0x104 contiki-sky.a(cc2420.o)
 .text.cc2420_set_cca_threshold
                0x00005728       0x16 contiki-sky.a(cc2420.o)
                0x00005728                cc2420_set_cca_threshold
 .text.set_value
                0x0000573e       0xb8 contiki-sky.a(cc2420.o)
 .text.cc2420_init
                0x000057f6       0xea contiki-sky.a(cc2420.o)
                0x000057f6                cc2420_init
 .text.cc2420_port1_interrupt
                0x000058e0       0x62 contiki-sky.a(cc2420-arch.o)
                0x000058e0                __isr_4
                0x000058e0                cc2420_port1_interrupt
 .text.cc2420_arch_init
                0x00005942       0x1a contiki-sky.a(cc2420-arch.o)
                0x00005942                cc2420_arch_init
 .text.uart1_active
                0x0000595c       0x18 contiki-sky.a(uart1.o)
                0x0000595c                uart1_active
 .text.uart1_writeb
                0x00005974       0x18 contiki-sky.a(uart1.o)
                0x00005974                uart1_writeb
 .text.uart1_init
                0x0000598c       0xf4 contiki-sky.a(uart1.o)
                0x0000598c                uart1_init
 .text.putchar  0x00005a80       0x10 contiki-sky.a(uart1-putchar.o)
                0x00005a80                putchar
 .text.msp430_init_dco
                0x00005a90       0x82 contiki-sky.a(msp430.o)
                0x00005a90                msp430_init_dco
 .text.msp430_add_lpm_req
                0x00005b12        0xc contiki-sky.a(msp430.o)
                0x00005b12                msp430_add_lpm_req
 .text.msp430_cpu_init
                0x00005b1e       0x2a contiki-sky.a(msp430.o)
                0x00005b1e                msp430_cpu_init
 .text.splhigh_
                0x00005b48        0x8 contiki-sky.a(msp430.o)
                0x00005b48                splhigh_
 .text.msp430_sync_dco
                0x00005b50       0x6c contiki-sky.a(msp430.o)
                0x00005b50                msp430_sync_dco
 .text.timera1  0x00005bbc      0x11e contiki-sky.a(clock.o)
                0x00005bbc                __isr_5
                0x00005bbc                timera1
 .text.clock_time
                0x00005cda       0x1a contiki-sky.a(clock.o)
                0x00005cda                clock_time
 .text.clock_init
                0x00005cf4       0x28 contiki-sky.a(clock.o)
                0x00005cf4                clock_init
 .text.clock_delay
                0x00005d1c        0xc contiki-sky.a(clock.o)
                0x00005d1c                clock_delay
 .text.clock_seconds
                0x00005d28       0x1a contiki-sky.a(clock.o)
                0x00005d28                clock_seconds
 .text.show_leds
                0x00005d42       0xf0 contiki-sky.a(leds.o)
 .text.leds_init
                0x00005e32        0xa contiki-sky.a(leds.o)
                0x00005e32                leds_init
 .text.leds_on  0x00005e3c        0xa contiki-sky.a(leds.o)
                0x00005e3c                leds_on
 .text.leds_off
                0x00005e46        0xe contiki-sky.a(leds.o)
                0x00005e46                leds_off
 .text.leds_arch_init
                0x00005e54        0xe contiki-sky.a(leds-arch.o)
                0x00005e54                leds_arch_init
 .text.leds_arch_set
                0x00005e62       0x38 contiki-sky.a(leds-arch.o)
                0x00005e62                leds_arch_set
 .text.watchdog_interrupt
                0x00005e9a        0x6 contiki-sky.a(watchdog.o)
                0x00005e9a                __isr_10
                0x00005e9a                watchdog_interrupt
 .text.watchdog_start
                0x00005ea0       0x14 contiki-sky.a(watchdog.o)
                0x00005ea0                watchdog_start
 .text.watchdog_periodic
                0x00005eb4       0x12 contiki-sky.a(watchdog.o)
                0x00005eb4                watchdog_periodic
 .text.watchdog_stop
                0x00005ec6       0x16 contiki-sky.a(watchdog.o)
                0x00005ec6                watchdog_stop
 .text.watchdog_init
                0x00005edc       0x12 contiki-sky.a(watchdog.o)
                0x00005edc                watchdog_init
 .text.rtimer_arch_init
                0x00005eee        0xe contiki-sky.a(rtimer-arch.o)
                0x00005eee                rtimer_arch_init
 .text.rtimer_arch_now
                0x00005efc        0xe contiki-sky.a(rtimer-arch.o)
                0x00005efc                rtimer_arch_now
 .text.timera0  0x00005f0a       0x70 contiki-sky.a(rtimer-arch.o)
                0x00005f0a                __isr_6
                0x00005f0a                timera0
 .text.rtimer_arch_schedule
                0x00005f7a        0x6 contiki-sky.a(rtimer-arch.o)
                0x00005f7a                rtimer_arch_schedule
 .text.autostart_start
                0x00005f80       0x16 contiki-sky.a(autostart.o)
                0x00005f80                autostart_start
 .text.compower_accumulate
                0x00005f96       0x72 contiki-sky.a(compower.o)
                0x00005f96                compower_accumulate
 .text.compower_clear
                0x00006008       0x12 contiki-sky.a(compower.o)
                0x00006008                compower_clear
 .text.compower_attrconv
                0x0000601a       0x10 contiki-sky.a(compower.o)
                0x0000601a                compower_attrconv
 .text.process_thread_ctimer_process
                0x0000602a       0xa8 contiki-sky.a(ctimer.o)
 .text.ctimer_init
                0x000060d2       0x18 contiki-sky.a(ctimer.o)
                0x000060d2                ctimer_init
 .text.ctimer_set_with_process
                0x000060ea       0x4e contiki-sky.a(ctimer.o)
                0x000060ea                ctimer_set_with_process
 .text.ctimer_set
                0x00006138       0x10 contiki-sky.a(ctimer.o)
                0x00006138                ctimer_set
 .text.ctimer_reset
                0x00006148       0x30 contiki-sky.a(ctimer.o)
                0x00006148                ctimer_reset
 .text.ctimer_stop
                0x00006178       0x28 contiki-sky.a(ctimer.o)
                0x00006178                ctimer_stop
 .text.energest_init
                0x000061a0       0x26 contiki-sky.a(energest.o)
                0x000061a0                energest_init
 .text.energest_type_time
                0x000061c6       0x48 contiki-sky.a(energest.o)
                0x000061c6                energest_type_time
 .text.energest_type_set
                0x0000620e        0xe contiki-sky.a(energest.o)
                0x0000620e                energest_type_set
 .text.energest_flush
                0x0000621c       0x48 contiki-sky.a(energest.o)
                0x0000621c                energest_flush
 .text.update_time
                0x00006264       0x78 contiki-sky.a(etimer.o)
 .text.etimer_request_poll
                0x000062dc        0xa contiki-sky.a(etimer.o)
                0x000062dc                etimer_request_poll
 .text.process_thread_etimer_process
                0x000062e6       0xcc contiki-sky.a(etimer.o)
 .text.add_timer
                0x000063b2       0x40 contiki-sky.a(etimer.o)
 .text.etimer_set
                0x000063f2       0x12 contiki-sky.a(etimer.o)
                0x000063f2                etimer_set
 .text.etimer_reset
                0x00006404       0x12 contiki-sky.a(etimer.o)
                0x00006404                etimer_reset
 .text.etimer_restart
                0x00006416       0x12 contiki-sky.a(etimer.o)
                0x00006416                etimer_restart
 .text.etimer_expired
                0x00006428        0xe contiki-sky.a(etimer.o)
                0x00006428                etimer_expired
 .text.etimer_pending
                0x00006436        0xc contiki-sky.a(etimer.o)
                0x00006436                etimer_pending
 .text.etimer_next_expiration_time
                0x00006442       0x16 contiki-sky.a(etimer.o)
                0x00006442                etimer_next_expiration_time
 .text.etimer_stop
                0x00006458       0x3e contiki-sky.a(etimer.o)
                0x00006458                etimer_stop
 .text.call_process
                0x00006496       0x46 contiki-sky.a(process.o)
 .text.exit_process
                0x000064dc       0x96 contiki-sky.a(process.o)
 .text.do_poll  0x00006572       0x30 contiki-sky.a(process.o)
 .text.process_alloc_event
                0x000065a2        0xe contiki-sky.a(process.o)
                0x000065a2                process_alloc_event
 .text.process_init
                0x000065b0       0x1c contiki-sky.a(process.o)
                0x000065b0                process_init
 .text.process_run
                0x000065cc       0x92 contiki-sky.a(process.o)
                0x000065cc                process_run
 .text.process_nevents
                0x0000665e        0xe contiki-sky.a(process.o)
                0x0000665e                process_nevents
 .text.process_post
                0x0000666c       0x4e contiki-sky.a(process.o)
                0x0000666c                process_post
 .text.process_post_synch
                0x000066ba       0x12 contiki-sky.a(process.o)
                0x000066ba                process_post_synch
 .text.process_start
                0x000066cc       0x36 contiki-sky.a(process.o)
                0x000066cc                process_start
 .text.process_poll
                0x00006702       0x18 contiki-sky.a(process.o)
                0x00006702                process_poll
 .text.rtimer_init
                0x0000671a        0x6 contiki-sky.a(rtimer.o)
                0x0000671a                rtimer_init
 .text.rtimer_set
                0x00006720       0x24 contiki-sky.a(rtimer.o)
                0x00006720                rtimer_set
 .text.rtimer_run_next
                0x00006744       0x26 contiki-sky.a(rtimer.o)
                0x00006744                rtimer_run_next
 .text.timer_set
                0x0000676a       0x1c contiki-sky.a(timer.o)
                0x0000676a                timer_set
 .text.timer_reset
                0x00006786        0xe contiki-sky.a(timer.o)
                0x00006786                timer_reset
 .text.timer_restart
                0x00006794       0x14 contiki-sky.a(timer.o)
                0x00006794                timer_restart
 .text.timer_expired
                0x000067a8       0x2a contiki-sky.a(timer.o)
                0x000067a8                timer_expired
 .text.list_init
                0x000067d2        0x6 contiki-sky.a(list.o)
                0x000067d2                list_init
 .text.list_head
                0x000067d8        0x4 contiki-sky.a(list.o)
                0x000067d8                list_head
 .text.list_tail
                0x000067dc       0x12 contiki-sky.a(list.o)
                0x000067dc                list_tail
 .text.list_remove
                0x000067ee       0x34 contiki-sky.a(list.o)
                0x000067ee                list_remove
 .text.list_push
                0x00006822       0x1a contiki-sky.a(list.o)
                0x00006822                list_push
 .text.list_add
                0x0000683c       0x2a contiki-sky.a(list.o)
                0x0000683c                list_add
 .text.list_length
                0x00006866       0x10 contiki-sky.a(list.o)
                0x00006866                list_length
 .text.list_item_next
                0x00006876        0xc contiki-sky.a(list.o)
                0x00006876                list_item_next
 .text.memb_init
                0x00006882       0x36 contiki-sky.a(memb.o)
                0x00006882                memb_init
 .text.memb_alloc
                0x000068b8       0x3e contiki-sky.a(memb.o)
                0x000068b8                memb_alloc
 .text.memb_free
                0x000068f6       0x3a contiki-sky.a(memb.o)
                0x000068f6                memb_free
 .text.memb_inmemb
                0x00006930       0x2a contiki-sky.a(memb.o)
                0x00006930                memb_inmemb
 .text.memb_numfree
                0x0000695a       0x26 contiki-sky.a(memb.o)
                0x0000695a                memb_numfree
 .text.random_init
                0x00006980        0x6 contiki-sky.a(random.o)
                0x00006980                random_init
 .text.random_rand
                0x00006986        0x6 contiki-sky.a(random.o)
                0x00006986                random_rand
 .text.clear_fragments
                0x0000698c       0x40 contiki-sky.a(sicslowpan.o)
 .text.set_packet_attrs
                0x000069cc       0x46 contiki-sky.a(sicslowpan.o)
 .text.addr_context_lookup_by_number
                0x00006a12       0x32 contiki-sky.a(sicslowpan.o)
 .text.compress_addr_64
                0x00006a44       0xae contiki-sky.a(sicslowpan.o)
 .text.store_fragment
                0x00006af2       0xc8 contiki-sky.a(sicslowpan.o)
 .text.uncompress_addr
                0x00006bba       0xb4 contiki-sky.a(sicslowpan.o)
 .text.sicslowpan_init
                0x00006c6e       0x24 contiki-sky.a(sicslowpan.o)
                0x00006c6e                sicslowpan_init
 .text.addr_context_lookup_by_prefix
                0x00006c92       0x4c contiki-sky.a(sicslowpan.o)
 .text.packet_sent
                0x00006cde       0x22 contiki-sky.a(sicslowpan.o)
 .text.add_fragment
                0x00006d00      0x1ec contiki-sky.a(sicslowpan.o)
 .text.input    0x00006eec      0x6dc contiki-sky.a(sicslowpan.o)
 .text.send_packet
                0x000075c8       0x1a contiki-sky.a(sicslowpan.o)
 .text.output   0x000075e2      0x6bc contiki-sky.a(sicslowpan.o)
 .text.uip_ds6_nbr_rm
                0x00007c9e       0x14 contiki-sky.a(uip-ds6-nbr.o)
                0x00007c9e                uip_ds6_nbr_rm
 .text.uip_ds6_neighbors_init
                0x00007cb2       0x12 contiki-sky.a(uip-ds6-nbr.o)
                0x00007cb2                uip_ds6_neighbors_init
 .text.uip_ds6_nbr_add
                0x00007cc4       0x42 contiki-sky.a(uip-ds6-nbr.o)
                0x00007cc4                uip_ds6_nbr_add
 .text.uip_ds6_nbr_get_ll
                0x00007d06        0xc contiki-sky.a(uip-ds6-nbr.o)
                0x00007d06                uip_ds6_nbr_get_ll
 .text.uip_ds6_nbr_lookup
                0x00007d12       0x42 contiki-sky.a(uip-ds6-nbr.o)
                0x00007d12                uip_ds6_nbr_lookup
 .text.uip_ds6_nbr_ll_lookup
                0x00007d54        0xc contiki-sky.a(uip-ds6-nbr.o)
                0x00007d54                uip_ds6_nbr_ll_lookup
 .text.uip_ds6_nbr_ipaddr_from_lladdr
                0x00007d60        0x6 contiki-sky.a(uip-ds6-nbr.o)
                0x00007d60                uip_ds6_nbr_ipaddr_from_lladdr
 .text.uip_ds6_link_neighbor_callback
                0x00007d66       0x2a contiki-sky.a(uip-ds6-nbr.o)
                0x00007d66                uip_ds6_link_neighbor_callback
 .text.uip_ds6_list_loop
                0x00007d90       0x86 contiki-sky.a(uip-ds6.o)
                0x00007d90                uip_ds6_list_loop
 .text.uip_ds6_prefix_add
                0x00007e16       0xac contiki-sky.a(uip-ds6.o)
                0x00007e16                uip_ds6_prefix_add
 .text.uip_ds6_prefix_rm
                0x00007ec2        0xa contiki-sky.a(uip-ds6.o)
                0x00007ec2                uip_ds6_prefix_rm
 .text.uip_ds6_prefix_lookup
                0x00007ecc       0x28 contiki-sky.a(uip-ds6.o)
                0x00007ecc                uip_ds6_prefix_lookup
 .text.uip_ds6_is_addr_onlink
                0x00007ef4       0x54 contiki-sky.a(uip-ds6.o)
                0x00007ef4                uip_ds6_is_addr_onlink
 .text.uip_ds6_addr_lookup
                0x00007f48       0x2a contiki-sky.a(uip-ds6.o)
                0x00007f48                uip_ds6_addr_lookup
 .text.uip_ds6_get_link_local
                0x00007f72       0x3e contiki-sky.a(uip-ds6.o)
                0x00007f72                uip_ds6_get_link_local
 .text.uip_ds6_maddr_add
                0x00007fb0       0x4a contiki-sky.a(uip-ds6.o)
                0x00007fb0                uip_ds6_maddr_add
 .text.uip_ds6_addr_add
                0x00007ffa       0xd2 contiki-sky.a(uip-ds6.o)
                0x00007ffa                uip_ds6_addr_add
 .text.uip_ds6_maddr_rm
                0x000080cc        0xa contiki-sky.a(uip-ds6.o)
                0x000080cc                uip_ds6_maddr_rm
 .text.uip_ds6_maddr_lookup
                0x000080d6       0x28 contiki-sky.a(uip-ds6.o)
                0x000080d6                uip_ds6_maddr_lookup
 .text.uip_ds6_addr_rm
                0x000080fe       0x54 contiki-sky.a(uip-ds6.o)
                0x000080fe                uip_ds6_addr_rm
 .text.uip_ds6_periodic
                0x00008152       0x7e contiki-sky.a(uip-ds6.o)
                0x00008152                uip_ds6_periodic
 .text.uip_ds6_set_addr_iid
                0x000081d0       0x14 contiki-sky.a(uip-ds6.o)
                0x000081d0                uip_ds6_set_addr_iid
 .text.get_match_length
                0x000081e4       0x44 contiki-sky.a(uip-ds6.o)
                0x000081e4                get_match_length
 .text.uip_ds6_select_src
                0x00008228       0xaa contiki-sky.a(uip-ds6.o)
                0x00008228                uip_ds6_select_src
 .text.uip_ds6_dad_failed
                0x000082d2       0x1c contiki-sky.a(uip-ds6.o)
                0x000082d2                uip_ds6_dad_failed
 .text.uip_ds6_send_rs
                0x000082ee       0x5c contiki-sky.a(uip-ds6.o)
                0x000082ee                uip_ds6_send_rs
 .text.uip_ds6_compute_reachable_time
                0x0000834a       0x3e contiki-sky.a(uip-ds6.o)
                0x0000834a                uip_ds6_compute_reachable_time
 .text.uip_ds6_init
                0x00008388      0x14c contiki-sky.a(uip-ds6.o)
                0x00008388                uip_ds6_init
 .text.chksum   0x000084d4       0x32 contiki-sky.a(uip6.o)
 .text.upper_layer_chksum
                0x00008506       0x56 contiki-sky.a(uip6.o)
 .text.ext_hdr_options_process
                0x0000855c       0xb2 contiki-sky.a(uip6.o)
 .text.uip_add32
                0x0000860e       0x68 contiki-sky.a(uip6.o)
                0x0000860e                uip_add32
 .text.uip_add_rcv_nxt
                0x00008676       0x2e contiki-sky.a(uip6.o)
 .text.uip_icmp6chksum
                0x000086a4        0xa contiki-sky.a(uip6.o)
                0x000086a4                uip_icmp6chksum
 .text.uip_tcpchksum
                0x000086ae        0xa contiki-sky.a(uip6.o)
                0x000086ae                uip_tcpchksum
 .text.uip_udpchksum
                0x000086b8        0xa contiki-sky.a(uip6.o)
                0x000086b8                uip_udpchksum
 .text.uip_init
                0x000086c2       0x56 contiki-sky.a(uip6.o)
                0x000086c2                uip_init
 .text.remove_ext_hdr
                0x00008718       0x54 contiki-sky.a(uip6.o)
                0x00008718                remove_ext_hdr
 .text.uip_unlisten
                0x0000876c       0x1a contiki-sky.a(uip6.o)
                0x0000876c                uip_unlisten
 .text.uip_process
                0x00008786      0xcc0 contiki-sky.a(uip6.o)
                0x00008786                uip_process
 .text.uip_htons
                0x00009446        0xc contiki-sky.a(uip6.o)
                0x00009446                uip_htons
 .text.uip_htonl
                0x00009452       0x2e contiki-sky.a(uip6.o)
                0x00009452                uip_htonl
 .text.start_periodic_tcp_timer
                0x00009480       0x16 contiki-sky.a(tcpip.o)
 .text.tcpip_output
                0x00009496       0x10 contiki-sky.a(tcpip.o)
                0x00009496                tcpip_output
 .text.tcpip_set_outputfunc
                0x000094a6        0x6 contiki-sky.a(tcpip.o)
                0x000094a6                tcpip_set_outputfunc
 .text.tcpip_input
                0x000094ac       0x16 contiki-sky.a(tcpip.o)
                0x000094ac                tcpip_input
 .text.tcpip_ipv6_output
                0x000094c2       0xc6 contiki-sky.a(tcpip.o)
                0x000094c2                tcpip_ipv6_output
 .text.process_thread_tcpip_process
                0x00009588      0x1d2 contiki-sky.a(tcpip.o)
 .text.tcpip_uipcall
                0x0000975a       0x62 contiki-sky.a(tcpip.o)
                0x0000975a                tcpip_uipcall
 .text.uip_debug_ipaddr_print
                0x000097bc       0xc8 contiki-sky.a(uip-debug.o)
                0x000097bc                uip_debug_ipaddr_print
 .text.uip_debug_interfaceaddr_print
                0x00009884       0x6c contiki-sky.a(uip-debug.o)
                0x00009884                uip_debug_interfaceaddr_print
 .text.input_packet
                0x000098f0        0x6 contiki-sky.a(csma.o)
 .text.on       0x000098f6        0x6 contiki-sky.a(csma.o)
 .text.off      0x000098fc        0x6 contiki-sky.a(csma.o)
 .text.channel_check_interval
                0x00009902       0x10 contiki-sky.a(csma.o)
 .text.transmit_packet_list
                0x00009912       0x24 contiki-sky.a(csma.o)
 .text.schedule_transmission
                0x00009936       0x96 contiki-sky.a(csma.o)
 .text.init     0x000099cc       0x1a contiki-sky.a(csma.o)
 .text.tx_done  0x000099e6       0x9a contiki-sky.a(csma.o)
 .text.send_packet
                0x00009a80      0x164 contiki-sky.a(csma.o)
 .text.packet_sent
                0x00009be4       0xd6 contiki-sky.a(csma.o)
 .text.create_frame.isra.0
                0x00009cba      0x118 contiki-sky.a(framer-802154.o)
 .text.create   0x00009dd2        0x8 contiki-sky.a(framer-802154.o)
 .text.hdr_length
                0x00009dda        0x8 contiki-sky.a(framer-802154.o)
 .text.parse    0x00009de2       0x9e contiki-sky.a(framer-802154.o)
 .text.mac_call_sent_callback
                0x00009e80       0x14 contiki-sky.a(mac.o)
                0x00009e80                mac_call_sent_callback
 .text.periodic
                0x00009e94       0x28 contiki-sky.a(link-stats.o)
 .text.link_stats_is_fresh
                0x00009ebc       0x32 contiki-sky.a(link-stats.o)
                0x00009ebc                link_stats_is_fresh
 .text.link_stats_packet_sent
                0x00009eee       0xd6 contiki-sky.a(link-stats.o)
                0x00009eee                link_stats_packet_sent
 .text.link_stats_input_callback
                0x00009fc4       0xb2 contiki-sky.a(link-stats.o)
                0x00009fc4                link_stats_input_callback
 .text.link_stats_init
                0x0000a076       0x22 contiki-sky.a(link-stats.o)
                0x0000a076                link_stats_init
 .text.linkaddr_copy
                0x0000a098        0x8 contiki-sky.a(linkaddr.o)
                0x0000a098                linkaddr_copy
 .text.linkaddr_cmp
                0x0000a0a0       0x12 contiki-sky.a(linkaddr.o)
                0x0000a0a0                linkaddr_cmp
 .text.linkaddr_set_node_addr
                0x0000a0b2        0xc contiki-sky.a(linkaddr.o)
                0x0000a0b2                linkaddr_set_node_addr
 .text.item_from_index
                0x0000a0be       0x2a contiki-sky.a(nbr-table.o)
 .text.index_from_key
                0x0000a0e8       0x26 contiki-sky.a(nbr-table.o)
 .text.index_from_item
                0x0000a10e       0x1e contiki-sky.a(nbr-table.o)
 .text.nbr_set_bit
                0x0000a12c       0x58 contiki-sky.a(nbr-table.o)
 .text.index_from_lladdr
                0x0000a184       0x42 contiki-sky.a(nbr-table.o)
 .text.nbr_get_bit.constprop.1
                0x0000a1c6       0x2e contiki-sky.a(nbr-table.o)
 .text.remove_key
                0x0000a1f4       0x66 contiki-sky.a(nbr-table.o)
 .text.nbr_table_register
                0x0000a25a       0x26 contiki-sky.a(nbr-table.o)
                0x0000a25a                nbr_table_register
 .text.nbr_table_next
                0x0000a280       0x54 contiki-sky.a(nbr-table.o)
                0x0000a280                nbr_table_next
 .text.nbr_table_head
                0x0000a2d4       0x3a contiki-sky.a(nbr-table.o)
                0x0000a2d4                nbr_table_head
 .text.nbr_table_add_lladdr
                0x0000a30e       0xd8 contiki-sky.a(nbr-table.o)
                0x0000a30e                nbr_table_add_lladdr
 .text.nbr_table_get_from_lladdr
                0x0000a3e6       0x2c contiki-sky.a(nbr-table.o)
                0x0000a3e6                nbr_table_get_from_lladdr
 .text.nbr_table_remove
                0x0000a412       0x32 contiki-sky.a(nbr-table.o)
                0x0000a412                nbr_table_remove
 .text.nbr_table_get_lladdr
                0x0000a444       0x22 contiki-sky.a(nbr-table.o)
                0x0000a444                nbr_table_get_lladdr
 .text.nbr_table_update_lladdr
                0x0000a466       0x64 contiki-sky.a(nbr-table.o)
                0x0000a466                nbr_table_update_lladdr
 .text.packetbuf_hdrreduce
                0x0000a4ca       0x1a contiki-sky.a(packetbuf.o)
                0x0000a4ca                packetbuf_hdrreduce
 .text.packetbuf_set_datalen
                0x0000a4e4        0x6 contiki-sky.a(packetbuf.o)
                0x0000a4e4                packetbuf_set_datalen
 .text.packetbuf_hdrptr
                0x0000a4ea        0x6 contiki-sky.a(packetbuf.o)
                0x0000a4ea                packetbuf_hdrptr
 .text.packetbuf_datalen
                0x0000a4f0        0x6 contiki-sky.a(packetbuf.o)
                0x0000a4f0                packetbuf_datalen
 .text.packetbuf_hdrlen
                0x0000a4f6        0xa contiki-sky.a(packetbuf.o)
                0x0000a4f6                packetbuf_hdrlen
 .text.packetbuf_dataptr
                0x0000a500        0xc contiki-sky.a(packetbuf.o)
                0x0000a500                packetbuf_dataptr
 .text.packetbuf_copyto
                0x0000a50c       0x46 contiki-sky.a(packetbuf.o)
                0x0000a50c                packetbuf_copyto
 .text.packetbuf_totlen
                0x0000a552        0xc contiki-sky.a(packetbuf.o)
                0x0000a552                packetbuf_totlen
 .text.packetbuf_hdralloc
                0x0000a55e       0x3c contiki-sky.a(packetbuf.o)
                0x0000a55e                packetbuf_hdralloc
 .text.packetbuf_attr_clear
                0x0000a59a       0x28 contiki-sky.a(packetbuf.o)
                0x0000a59a                packetbuf_attr_clear
 .text.packetbuf_clear
                0x0000a5c2       0x12 contiki-sky.a(packetbuf.o)
                0x0000a5c2                packetbuf_clear
 .text.packetbuf_copyfrom
                0x0000a5d4       0x2e contiki-sky.a(packetbuf.o)
                0x0000a5d4                packetbuf_copyfrom
 .text.packetbuf_attr_copyto
                0x0000a602       0x22 contiki-sky.a(packetbuf.o)
                0x0000a602                packetbuf_attr_copyto
 .text.packetbuf_attr_copyfrom
                0x0000a624       0x24 contiki-sky.a(packetbuf.o)
                0x0000a624                packetbuf_attr_copyfrom
 .text.packetbuf_holds_broadcast
                0x0000a648        0xe contiki-sky.a(packetbuf.o)
                0x0000a648                packetbuf_holds_broadcast
 .text.queuebuf_init
                0x0000a656       0x12 contiki-sky.a(queuebuf.o)
                0x0000a656                queuebuf_init
 .text.queuebuf_numfree
                0x0000a668        0xa contiki-sky.a(queuebuf.o)
                0x0000a668                queuebuf_numfree
 .text.queuebuf_new_from_packetbuf
                0x0000a672       0x52 contiki-sky.a(queuebuf.o)
                0x0000a672                queuebuf_new_from_packetbuf
 .text.queuebuf_update_attr_from_packetbuf
                0x0000a6c4       0x12 contiki-sky.a(queuebuf.o)
                0x0000a6c4                queuebuf_update_attr_from_packetbuf
 .text.queuebuf_update_from_packetbuf
                0x0000a6d6       0x22 contiki-sky.a(queuebuf.o)
                0x0000a6d6                queuebuf_update_from_packetbuf
 .text.queuebuf_free
                0x0000a6f8       0x2a contiki-sky.a(queuebuf.o)
                0x0000a6f8                queuebuf_free
 .text.queuebuf_to_packetbuf
                0x0000a722       0x32 contiki-sky.a(queuebuf.o)
                0x0000a722                queuebuf_to_packetbuf
 .text.queuebuf_attr
                0x0000a754        0xe contiki-sky.a(queuebuf.o)
                0x0000a754                queuebuf_attr
 .text.duty_cycle
                0x0000a762        0x6 contiki-sky.a(contikimac.o)
 .text.init     0x0000a768       0x2a contiki-sky.a(contikimac.o)
 .text.on       0x0000a792       0x1a contiki-sky.a(contikimac.o)
 .text.off      0x0000a7ac       0x22 contiki-sky.a(contikimac.o)
 .text.recv_burst_off
                0x0000a7ce        0xa contiki-sky.a(contikimac.o)
 .text.turn_off
                0x0000a7d8       0x20 contiki-sky.a(contikimac.o)
 .text.turn_on  0x0000a7f8       0x30 contiki-sky.a(contikimac.o)
 .text.schedule_powercycle_fixed.part.4
                0x0000a828       0x32 contiki-sky.a(contikimac.o)
 .text.powercycle_turn_radio_off
                0x0000a85a       0x30 contiki-sky.a(contikimac.o)
 .text.input_packet
                0x0000a88a       0xb6 contiki-sky.a(contikimac.o)
 .text.send_packet.isra.8
                0x0000a940      0x20c contiki-sky.a(contikimac.o)
 .text.qsend_list
                0x0000ab4c       0xd2 contiki-sky.a(contikimac.o)
 .text.qsend_packet
                0x0000ac1e       0x28 contiki-sky.a(contikimac.o)
 .text.powercycle_wrapper
                0x0000ac46      0x1ca contiki-sky.a(contikimac.o)
 .text.init     0x0000ae10        0x2 contiki-sky.a(nullsec.o)
 .text.send     0x0000ae12        0xa contiki-sky.a(nullsec.o)
 .text.input    0x0000ae1c        0x6 contiki-sky.a(nullsec.o)
 .text.spi_init
                0x0000ae22       0x30 contiki-sky.a(spi.o)
                0x0000ae22                spi_init
 .text.stimer_set
                0x0000ae52       0x1c contiki-sky.a(stimer.o)
                0x0000ae52                stimer_set
 .text.stimer_expired
                0x0000ae6e       0x30 contiki-sky.a(stimer.o)
                0x0000ae6e                stimer_expired
 .text.stimer_remaining
                0x0000ae9e       0x28 contiki-sky.a(stimer.o)
                0x0000ae9e                stimer_remaining
 .text.extract_lladdr_from_llao_aligned
                0x0000aec6       0x1c contiki-sky.a(uip-6lowpan-nd6)
 .text.na_input
                0x0000aee2      0x298 contiki-sky.a(uip-6lowpan-nd6)
 .text.create_llao
                0x0000b17a       0x2c contiki-sky.a(uip-6lowpan-nd6)
 .text.ns_input
                0x0000b1a6      0x2ec contiki-sky.a(uip-6lowpan-nd6)
 .text.uip_nd6_lowpan_ns_output
                0x0000b492      0x21c contiki-sky.a(uip-6lowpan-nd6)
                0x0000b492                uip_nd6_lowpan_ns_output
 .text.ra_input
                0x0000b6ae      0x594 contiki-sky.a(uip-6lowpan-nd6)
                0x0000b6ae                ra_input
 .text.uip_nd6_lowpan_rs_output
                0x0000bc42      0x11e contiki-sky.a(uip-6lowpan-nd6)
                0x0000bc42                uip_nd6_lowpan_rs_output
 .text.uip_nd6_init
                0x0000bd60       0x1a contiki-sky.a(uip-6lowpan-nd6)
                0x0000bd60                uip_nd6_init
 .text.uip_ds6_reg_add
                0x0000bd7a       0x9c contiki-sky.a(uip-ds6-reg.o)
                0x0000bd7a                uip_ds6_reg_add
 .text.uip_ds6_reg_rm
                0x0000be16        0xe contiki-sky.a(uip-ds6-reg.o)
                0x0000be16                uip_ds6_reg_rm
 .text.uip_ds6_reg_lookup
                0x0000be24       0x26 contiki-sky.a(uip-ds6-reg.o)
                0x0000be24                uip_ds6_reg_lookup
 .text.uip_ds6_reg_cleanup_defrt
                0x0000be4a       0x2c contiki-sky.a(uip-ds6-reg.o)
                0x0000be4a                uip_ds6_reg_cleanup_defrt
 .text.uip_ds6_print_reg_list
                0x0000be76       0xf0 contiki-sky.a(uip-ds6-reg.o)
                0x0000be76                uip_ds6_print_reg_list
 .text.uip_ds6_reg_update
                0x0000bf66        0x2 contiki-sky.a(uip-ds6-reg.o)
                0x0000bf66                uip_ds6_reg_update
 .text.call_route_callback
                0x0000bf68       0x4c contiki-sky.a(uip-ds6-route.o)
 .text.uip_ds6_route_init
                0x0000bfb4       0x36 contiki-sky.a(uip-ds6-route.o)
                0x0000bfb4                uip_ds6_route_init
 .text.uip_ds6_route_nexthop
                0x0000bfea       0x1a contiki-sky.a(uip-ds6-route.o)
                0x0000bfea                uip_ds6_route_nexthop
 .text.uip_ds6_route_head
                0x0000c004        0xa contiki-sky.a(uip-ds6-route.o)
                0x0000c004                uip_ds6_route_head
 .text.uip_ds6_route_next
                0x0000c00e        0xe contiki-sky.a(uip-ds6-route.o)
                0x0000c00e                uip_ds6_route_next
 .text.uip_ds6_route_lookup
                0x0000c01c       0x8c contiki-sky.a(uip-ds6-route.o)
                0x0000c01c                uip_ds6_route_lookup
 .text.uip_ds6_route_rm
                0x0000c0a8       0xa6 contiki-sky.a(uip-ds6-route.o)
                0x0000c0a8                uip_ds6_route_rm
 .text.rm_routelist
                0x0000c14e       0x34 contiki-sky.a(uip-ds6-route.o)
 .text.rm_routelist_callback
                0x0000c182        0x6 contiki-sky.a(uip-ds6-route.o)
 .text.uip_ds6_defrt_rm
                0x0000c188       0x48 contiki-sky.a(uip-ds6-route.o)
                0x0000c188                uip_ds6_defrt_rm
 .text.uip_ds6_defrt_lookup
                0x0000c1d0       0x36 contiki-sky.a(uip-ds6-route.o)
                0x0000c1d0                uip_ds6_defrt_lookup
 .text.uip_ds6_defrt_add
                0x0000c206       0x74 contiki-sky.a(uip-ds6-route.o)
                0x0000c206                uip_ds6_defrt_add
 .text.uip_ds6_defrt_choose
                0x0000c27a       0x3a contiki-sky.a(uip-ds6-route.o)
                0x0000c27a                uip_ds6_defrt_choose
 .text.uip_ds6_defrt_periodic
                0x0000c2b4       0x38 contiki-sky.a(uip-ds6-route.o)
                0x0000c2b4                uip_ds6_defrt_periodic
 .text.echo_reply_input
                0x0000c2ec       0xb2 contiki-sky.a(uip-icmp6.o)
 .text.echo_request_input
                0x0000c39e       0xca contiki-sky.a(uip-icmp6.o)
 .text.uip_icmp6_input
                0x0000c468       0x48 contiki-sky.a(uip-icmp6.o)
                0x0000c468                uip_icmp6_input
 .text.uip_icmp6_register_input_handler
                0x0000c4b0        0xc contiki-sky.a(uip-icmp6.o)
                0x0000c4b0                uip_icmp6_register_input_handler
 .text.uip_icmp6_error_output
                0x0000c4bc      0x17a contiki-sky.a(uip-icmp6.o)
                0x0000c4bc                uip_icmp6_error_output
 .text.uip_icmp6_init
                0x0000c636       0x12 contiki-sky.a(uip-icmp6.o)
                0x0000c636                uip_icmp6_init
 .text.frame802154_get_pan_id
                0x0000c648        0x6 contiki-sky.a(frame802154.o)
                0x0000c648                frame802154_get_pan_id
 .text.frame802154_has_panid
                0x0000c64e       0xe0 contiki-sky.a(frame802154.o)
                0x0000c64e                frame802154_has_panid
 .text.field_len
                0x0000c72e       0xac contiki-sky.a(frame802154.o)
 .text.frame802154_is_broadcast_addr
                0x0000c7da       0x28 contiki-sky.a(frame802154.o)
                0x0000c7da                frame802154_is_broadcast_addr
 .text.frame802154_hdrlen
                0x0000c802       0x32 contiki-sky.a(frame802154.o)
                0x0000c802                frame802154_hdrlen
 .text.frame802154_create
                0x0000c834      0x16a contiki-sky.a(frame802154.o)
                0x0000c834                frame802154_create
 .text.frame802154_parse
                0x0000c99e      0x200 contiki-sky.a(frame802154.o)
                0x0000c99e                frame802154_parse
 .text.mac_sequence_is_duplicate
                0x0000cb9e       0x76 contiki-sky.a(mac-sequence.o)
                0x0000cb9e                mac_sequence_is_duplicate
 .text.mac_sequence_register_seqno
                0x0000cc14       0x80 contiki-sky.a(mac-sequence.o)
                0x0000cc14                mac_sequence_register_seqno
 .text.libgcc   0x0000cc94       0x2c /usr/local/bin/../lib/gcc/msp430/4.7.2/mmpy-16/libgcc.a(_mulsi3.o)
                0x0000cc94                __mulsi3
 .text.libgcc   0x0000ccc0       0x22 /usr/local/bin/../lib/gcc/msp430/4.7.2/mmpy-16/libgcc.a(_udivmod16.o)
                0x0000ccc0                __udivhi3
                0x0000ccc0                __ext_udivmod16
                0x0000ccda                __umodhi3
 .text.libgcc   0x0000cce2       0x3a /usr/local/bin/../lib/gcc/msp430/4.7.2/mmpy-16/libgcc.a(_divmod16.o)
                0x0000cce2                __ext_divmod16
                0x0000cce2                __divhi3
                0x0000cd14                __modhi3
 .text.libgcc   0x0000cd1c       0x40 /usr/local/bin/../lib/gcc/msp430/4.7.2/mmpy-16/libgcc.a(_udivmod32.o)
                0x0000cd1c                __udivsi3
                0x0000cd1c                __ext_udivmod32
                0x0000cd52                __umodsi3
 .text.libgcc   0x0000cd5c       0x4c /usr/local/bin/../lib/gcc/msp430/4.7.2/mmpy-16/libgcc.a(_divmod32.o)
                0x0000cd5c                __ext_divmod32
                0x0000cd5c                __divsi3
                0x0000cd9e                __modsi3
 .text.printf   0x0000cda8       0x10 /usr/local/bin/../lib/gcc/msp430/4.7.2/../../../../msp430/lib/mmpy-16/libc.a(printf.o)
                0x0000cda8                printf
 .text.print_field
                0x0000cdb8      0x194 /usr/local/bin/../lib/gcc/msp430/4.7.2/../../../../msp430/lib/mmpy-16/libc.a(vuprintf.o)
 .text.vuprintf
                0x0000cf4c      0x63e /usr/local/bin/../lib/gcc/msp430/4.7.2/../../../../msp430/lib/mmpy-16/libc.a(vuprintf.o)
                0x0000cf4c                vuprintf
 .text.puts     0x0000d58a       0x2c /usr/local/bin/../lib/gcc/msp430/4.7.2/../../../../msp430/lib/mmpy-16/libc.a(puts.o)
                0x0000d58a                puts
 .text.rand     0x0000d5b6       0x26 /usr/local/bin/../lib/gcc/msp430/4.7.2/../../../../msp430/lib/mmpy-16/libc.a(rand.o)
                0x0000d5b6                rand
 .text.srand    0x0000d5dc        0xa /usr/local/bin/../lib/gcc/msp430/4.7.2/../../../../msp430/lib/mmpy-16/libc.a(rand.o)
                0x0000d5dc                srand
 .text.memcmp   0x0000d5e6       0x30 /usr/local/bin/../lib/gcc/msp430/4.7.2/../../../../msp430/lib/mmpy-16/libc.a(memcmp.o)
                0x0000d5e6                memcmp
 .text.memcpy   0x0000d616       0xfa /usr/local/bin/../lib/gcc/msp430/4.7.2/../../../../msp430/lib/mmpy-16/libc.a(memcpy.o)
                0x0000d616                memcpy
 .text.memmove  0x0000d710       0xfa /usr/local/bin/../lib/gcc/msp430/4.7.2/../../../../msp430/lib/mmpy-16/libc.a(memmove.o)
                0x0000d710                memmove
 .text.memset   0x0000d80a       0x6a /usr/local/bin/../lib/gcc/msp430/4.7.2/../../../../msp430/lib/mmpy-16/libc.a(memset.o)
                0x0000d80a                memset
 .text.libgcc   0x0000d874       0xf0 /usr/local/bin/../lib/gcc/msp430/4.7.2/mmpy-16/libgcc.a(_udivmod64.o)
                0x0000d874                __xabi_udivmod64
                0x0000d8d2                __udivdi3
                0x0000d8f8                __umoddi3
                0x0000d926                __udivmoddi4
 .text.crt0     0x0000d964        0x2 /usr/local/bin/../lib/gcc/msp430/4.7.2/mmpy-16/libcrt0.a(_unexpected_.o)
                0x0000d964                _unexpected_
 *(.near.text .near.text.*)

.rodata         0x0000d968      0x9ae
                0x0000d968                . = ALIGN (0x2)
 *(.rodata .rodata.* .gnu.linkonce.r.*)
 .rodata        0x0000d968       0x16 ln.co
                0x0000d976                autostart_processes
 .rodata        0x0000d97e       0xf9 obj_sky/contiki-sky-main.o
 .rodata        0x0000da77       0xa3 contiki-sky.a(powertrace.o)
 .rodata        0x0000db1a       0x10 contiki-sky.a(button-sensor.o)
                0x0000db22                button_sensor
 .rodata        0x0000db2a        0x8 contiki-sky.a(sensors.o)
 *fill*         0x0000db32        0x2 00
 .rodata.get_value
                0x0000db34       0x24 contiki-sky.a(cc2420.o)
 .rodata.set_value
                0x0000db58       0x10 contiki-sky.a(cc2420.o)
 .rodata        0x0000db68       0x3e contiki-sky.a(cc2420.o)
                0x0000db68                cc2420_aes_128_driver
                0x0000db6c                cc2420_driver
 .rodata        0x0000dba6        0xf contiki-sky.a(ctimer.o)
 .rodata        0x0000dbb5        0xc contiki-sky.a(etimer.o)
 *fill*         0x0000dbc1        0x1 00
 .rodata        0x0000dbc2       0x24 contiki-sky.a(sicslowpan.o)
                0x0000dbce                sicslowpan_driver
                0x0000dbd4                llprefix
                0x0000dbd6                unc_mxconf
                0x0000dbda                unc_ctxconf
                0x0000dbde                unc_llconf
 .rodata        0x0000dbe6      0x137 contiki-sky.a(uip-ds6.o)
 *fill*         0x0000dd1d        0x3 00
 .rodata.uip_process
                0x0000dd20       0x20 contiki-sky.a(uip6.o)
 .rodata        0x0000dd40       0xa2 contiki-sky.a(tcpip.o)
 .rodata        0x0000dde2       0x7c contiki-sky.a(uip-debug.o)
 .rodata        0x0000de5e       0x14 contiki-sky.a(csma.o)
                0x0000de64                csma_driver
 .rodata        0x0000de72        0x6 contiki-sky.a(framer-802154.o)
                0x0000de72                framer_802154
 .rodata        0x0000de78        0x8 contiki-sky.a(linkaddr.o)
                0x0000de78                linkaddr_null
 .rodata        0x0000de80       0x1c contiki-sky.a(contikimac.o)
                0x0000de8c                contikimac_driver
 .rodata        0x0000de9c       0x10 contiki-sky.a(nullsec.o)
                0x0000dea4                nullsec_driver
 .rodata        0x0000deac      0x386 contiki-sky.a(uip-6lowpan-nd6)
 .rodata        0x0000e232       0xdb contiki-sky.a(uip-ds6-reg.o)
 .rodata        0x0000e30d        0x2 contiki-sky.a(frame802154.o)
 .rodata.vuprintf
                0x0000e30f        0x7 /usr/local/bin/../lib/gcc/msp430/4.7.2/../../../../msp430/lib/mmpy-16/libc.a(vuprintf.o)
 *(.near.rodata .near.rodata.*)
                0x0000e316                . = ALIGN (0x2)
                0x0000e316                _etext = .

.data           0x00001100       0xe4 load address 0x0000e316
                0x00001100                . = ALIGN (0x2)
                0x00001100                __data_start = .
 *(.data .data.* .gnu.linkonce.d.*)
 .data          0x00001100        0xa ln.co
                0x00001100                ln
 .data          0x0000110a       0x18 contiki-sky.a(powertrace.o)
                0x0000110a                powertrace_process
 .data          0x00001122        0x4 contiki-sky.a(contiki-sky-pla)
                0x00001122                sensors
 .data          0x00001126        0xa contiki-sky.a(sensors.o)
                0x00001126                sensors_process
 .data          0x00001130        0xc contiki-sky.a(cc2420.o)
                0x00001130                cc2420_process
 .data          0x0000113c        0x2 contiki-sky.a(msp430.o)
 .data          0x0000113e        0xa contiki-sky.a(ctimer.o)
                0x0000113e                ctimer_process
 .data          0x00001148        0xa contiki-sky.a(etimer.o)
                0x00001148                etimer_process
 .data          0x00001152        0xa contiki-sky.a(uip-ds6-nbr.o)
                0x00001152                ds6_neighbors
 .data          0x0000115c        0xa contiki-sky.a(tcpip.o)
                0x0000115c                tcpip_process
 .data          0x00001166       0x18 contiki-sky.a(csma.o)
 .data          0x0000117e        0x8 contiki-sky.a(link-stats.o)
 .data          0x00001186        0x8 contiki-sky.a(nbr-table.o)
 .data          0x0000118e       0x10 contiki-sky.a(queuebuf.o)
 .data          0x0000119e       0x12 contiki-sky.a(uip-6lowpan-nd6)
 .data          0x000011b0       0x22 contiki-sky.a(uip-ds6-route.o)
                0x000011b0                nbr_routes
 .data          0x000011d2        0xc contiki-sky.a(uip-icmp6.o)
 .data          0x000011de        0x2 contiki-sky.a(frame802154.o)
 .data.next     0x000011e0        0x4 /usr/local/bin/../lib/gcc/msp430/4.7.2/../../../../msp430/lib/mmpy-16/libc.a(rand.o)
 *(.near.data .near.data.*)
                0x000011e4                . = ALIGN (0x2)
                0x000011e4                _edata = .
                0x0000e316                __data_load_start = LOADADDR (.data)
                0x000000e4                __data_size = SIZEOF (.data)

.bss            0x000011e4     0x20a4 load address 0x0000e3fa
                0x000011e4                __bss_start = .
 *(.bss .bss.*)
 .bss           0x000011e4        0xc obj_sky/contiki-sky-main.o
 .bss           0x000011f0      0x31a contiki-sky.a(powertrace.o)
 .bss           0x0000150a        0x8 contiki-sky.a(button-sensor.o)
 .bss           0x00001512        0x2 contiki-sky.a(node-id.o)
                0x00001512                node_id
 .bss           0x00001514        0x6 contiki-sky.a(sensors.o)
 .bss           0x0000151a        0xa contiki-sky.a(cc2420.o)
 .bss           0x00001524       0x9a contiki-sky.a(uart1.o)
 .bss           0x000015be        0xa contiki-sky.a(clock.o)
 .bss           0x000015c8        0x1 contiki-sky.a(leds.o)
 *fill*         0x000015c9        0x1 00
 .bss           0x000015ca        0x2 contiki-sky.a(watchdog.o)
 .bss           0x000015cc        0x8 contiki-sky.a(compower.o)
 .bss           0x000015d4        0x4 contiki-sky.a(ctimer.o)
 .bss           0x000015d8        0x6 contiki-sky.a(etimer.o)
 .bss           0x000015de       0x38 contiki-sky.a(process.o)
                0x000015de                process_current
                0x000015e0                process_list
 .bss           0x00001616        0x2 contiki-sky.a(rtimer.o)
 .bss           0x00001618      0x6e6 contiki-sky.a(sicslowpan.o)
 .bss           0x00001cfe      0x240 contiki-sky.a(uip-ds6-nbr.o)
 .bss           0x00001f3e       0x18 contiki-sky.a(uip-ds6.o)
 .bss           0x00001f56        0xa contiki-sky.a(uip6.o)
                0x00001f56                uip_ext_opt_offset
                0x00001f57                uip_ext_len
                0x00001f58                uip_ext_bitmap
 .bss           0x00001f60       0x30 contiki-sky.a(tcpip.o)
 .bss           0x00001f90       0xc0 contiki-sky.a(csma.o)
 .bss           0x00002050        0x2 contiki-sky.a(framer-802154.o)
 .bss           0x00002052       0xa0 contiki-sky.a(link-stats.o)
 .bss           0x000020f2       0xe4 contiki-sky.a(nbr-table.o)
 .bss           0x000021d6       0x86 contiki-sky.a(packetbuf.o)
 .bss           0x0000225c      0x5a0 contiki-sky.a(queuebuf.o)
 .bss           0x000027fc       0x32 contiki-sky.a(contikimac.o)
 .bss           0x0000282e       0x22 contiki-sky.a(uip-6lowpan-nd6)
 .bss           0x00002850        0x2 contiki-sky.a(uip-ds6-reg.o)
 .bss           0x00002852      0x2e2 contiki-sky.a(uip-ds6-route.o)
 .bss           0x00002b34       0x14 contiki-sky.a(uip-icmp6.o)
 .bss           0x00002b48       0xe0 contiki-sky.a(mac-sequence.o)
 *(.near.bss .near.bss.*)
 *(COMMON)
 COMMON         0x00002c28        0x2 contiki-sky.a(contiki-sky-pla)
                0x00002c28                sensors_flags
 COMMON         0x00002c2a        0x8 contiki-sky.a(ds2411.o)
                0x00002c2a                ds2411_id
 COMMON         0x00002c32        0x1 contiki-sky.a(sensors.o)
                0x00002c32                sensors_event
 *fill*         0x00002c33        0x1 00
 COMMON         0x00002c34       0x10 contiki-sky.a(cc2420.o)
                0x00002c34                cc2420_last_rssi
                0x00002c36                cc2420_sfd_start_time
                0x00002c38                cc2420_time_of_departure
                0x00002c3a                cc2420_time_of_arrival
                0x00002c3c                cc2420_last_correlation
                0x00002c3e                cc2420_authority_level_of_sender
                0x00002c40                cc2420_sfd_counter
                0x00002c42                cc2420_sfd_end_time
 COMMON         0x00002c44        0x2 contiki-sky.a(msp430.o)
                0x00002c44                msp430_dco_required
 COMMON         0x00002c46        0x8 contiki-sky.a(compower.o)
                0x00002c46                compower_idle_activity
 COMMON         0x00002c4e       0x56 contiki-sky.a(energest.o)
                0x00002c4e                energest_total_time
                0x00002c7e                energest_total_count
                0x00002c80                energest_current_mode
                0x00002c8c                energest_current_time
 COMMON         0x00002ca4        0x1 contiki-sky.a(process.o)
                0x00002ca4                process_maxevents
 *fill*         0x00002ca5        0x1 00
 COMMON         0x00002ca6      0x15a contiki-sky.a(uip-ds6.o)
                0x00002ca6                uip_ds6_if
                0x00002d7c                uip_ds6_netif_addr_list_offset
                0x00002d7d                uip_ds6_addr_size
                0x00002d7e                uip_ds6_prefix_list
                0x00002dd8                uip_ds6_timer_periodic
                0x00002de4                global_fipaddr
                0x00002df4                uip_ds6_timer_rs
 COMMON         0x00002e00      0x304 contiki-sky.a(uip6.o)
                0x00002e00                uip_len
                0x00002e02                uip_sappdata
                0x00002e04                uip_acc32
                0x00002e08                uip_lladdr
                0x00002e10                uip_aligned_buf
                0x00002f00                uip_flags
                0x00002f02                uip_next_hdr
                0x00002f04                uip_udp_conn
                0x00002f06                uip_appdata
                0x00002f08                uip_conn
                0x00002f0a                uip_conns
                0x00002fba                uip_listenports
                0x00002fca                uip_slen
                0x00002fcc                uip_udp_conns
 COMMON         0x00003104        0x1 contiki-sky.a(tcpip.o)
                0x00003104                tcpip_event
 *fill*         0x00003105        0x1 00
 COMMON         0x00003106       0x14 contiki-sky.a(link-stats.o)
                0x00003106                periodic_timer
 COMMON         0x0000311a        0x8 contiki-sky.a(linkaddr.o)
                0x0000311a                linkaddr_node_addr
 COMMON         0x00003122       0x2e contiki-sky.a(packetbuf.o)
                0x00003122                packetbuf_addrs
                0x00003132                packetbuf_attrs
 COMMON         0x00003150      0x138 contiki-sky.a(uip-ds6-reg.o)
                0x00003150                uip_ds6_reg_list
                0x00003288                . = ALIGN (0x2)
                0x00003288                __bss_end = .
                0x000020a4                __bss_size = SIZEOF (.bss)

.noinit         0x00003288        0x2 load address 0x0000e3fa
                0x00003288                . = ALIGN (0x2)
                0x00003288                __noinit_start = .
 *(.noinit .noinit.*)
 .noinit.crt0   0x00003288        0x2 /usr/local/bin/../lib/gcc/msp430/4.7.2/mmpy-16/libcrt0.a(__watchdog_support.o)
                0x00003288                __wdt_clear_value
                0x0000328a                . = ALIGN (0x2)
                0x0000328a                __noinit_end = .
                0x0000328a                . = ALIGN (0x2)
                0x0000328a                _end = .

.infomem        0x00001000        0x0
                0x00001000                . = ALIGN (0x2)
 *(.infomem .infomem.*)

.infomemnobits  0x00001000        0x0
                0x00001000                . = ALIGN (0x2)
 *(.infomemnobits .infomemnobits.*)

.infoa          0x00001080        0x0
                0x00001080                . = ALIGN (0x2)
 *(.infoa .infoa.*)

.infob          0x00001000        0x0
                0x00001000                . = ALIGN (0x2)
 *(.infob .infob.*)

.infoc          0x00000000        0x0
                0x00000000                . = ALIGN (0x2)
 *(.infoc .infoc.*)

.infod          0x00000000        0x0
                0x00000000                . = ALIGN (0x2)
 *(.infod .infod.*)
                0x0000ffff                PROVIDE (__vte_0, 0xffff)
                0x0000ffff                PROVIDE (__vte_1, 0xffff)
                0x0000ffff                PROVIDE (__vte_2, 0xffff)
                0x0000ffff                PROVIDE (__vte_3, 0xffff)
                0x0000ffff                PROVIDE (__vte_4, 0xffff)
                0x0000ffff                PROVIDE (__vte_5, 0xffff)
                0x0000ffff                PROVIDE (__vte_6, 0xffff)
                0x0000ffff                PROVIDE (__vte_7, 0xffff)
                0x0000ffff                PROVIDE (__vte_8, 0xffff)
                0x0000ffff                PROVIDE (__vte_9, 0xffff)
                0x0000ffff                PROVIDE (__vte_10, 0xffff)
                0x0000ffff                PROVIDE (__vte_11, 0xffff)
                0x0000ffff                PROVIDE (__vte_12, 0xffff)
                0x0000ffff                PROVIDE (__vte_13, 0xffff)
                0x0000ffff                PROVIDE (__vte_14, 0xffff)
                0x0000ffff                PROVIDE (__vte_15, 0xffff)
                0x0000ffff                PROVIDE (__vte_16, 0xffff)
                0x0000ffff                PROVIDE (__vte_17, 0xffff)
                0x0000ffff                PROVIDE (__vte_18, 0xffff)
                0x0000ffff                PROVIDE (__vte_19, 0xffff)
                0x0000ffff                PROVIDE (__vte_20, 0xffff)
                0x0000ffff                PROVIDE (__vte_21, 0xffff)
                0x0000ffff                PROVIDE (__vte_22, 0xffff)
                0x0000ffff                PROVIDE (__vte_23, 0xffff)
                0x0000ffff                PROVIDE (__vte_24, 0xffff)
                0x0000ffff                PROVIDE (__vte_25, 0xffff)
                0x0000ffff                PROVIDE (__vte_26, 0xffff)
                0x0000ffff                PROVIDE (__vte_27, 0xffff)
                0x0000ffff                PROVIDE (__vte_28, 0xffff)
                0x0000ffff                PROVIDE (__vte_29, 0xffff)
                0x0000ffff                PROVIDE (__vte_30, 0xffff)
                0x0000ffff                PROVIDE (__vte_31, 0xffff)

.vectors        0x0000ffe0       0x20
                0x0000ffe0                __vectors_start = .
 *(.vectors*)
 .vectors       0x0000ffe0       0x20 /usr/local/bin/../lib/gcc/msp430/4.7.2/mmpy-16/crt0ivtbl16.o
                0x0000ffe0                __ivtbl_16
                0x00010000                _vectors_end = .

.fartext        0x00000000        0x0
                0x00000000                . = ALIGN (0x2)
 *(.fartext .fartext.*)

.far.text       0x00000000        0x0
                0x00000000                . = ALIGN (0x2)
 *(.far.text .far.text.*)

.far.rodata     0x00000000        0x0
                0x00000000                . = ALIGN (0x2)
 *(.far.rodata .far.rodata.*)
                0x00000000                . = ALIGN (0x2)
                0x00000000                _efartext = .

.far.data       0x00000000        0x0
                0x00000000                . = ALIGN (0x2)
                0x00000000                __far_data_start = .
 *(.far.data .far.data.*)
                0x00000000                . = ALIGN (0x2)
                0x00000000                _efardata = .
                0x00000000                __far_data_load_start = LOADADDR (.far.data)
                0x00000000                __far_data_size = SIZEOF (.far.data)

.far.bss        0x00000000        0x0
                0x00000000                . = ALIGN (0x2)
                0x00000000                __far_bss_start = .
 *(.far.bss .far.bss.*)
                0x00000000                . = ALIGN (0x2)
                0x00000000                __far_bss_end = .
                0x00000000                __far_bss_size = SIZEOF (.far.bss)
                0x00000000                . = ALIGN (0x2)
                0x00000000                _far_end = .

.profiler
 *(.profiler)

.stab           0x00000000    0x24570
 *(.stab)
 .stab          0x00000000      0x7f8 ln.co
 .stab          0x000007f8     0x17b8 obj_sky/contiki-sky-main.o
                               0x1b30 (size before relaxing)
 .stab          0x00001fb0     0x11b8 contiki-sky.a(powertrace.o)
                               0x192c (size before relaxing)
 .stab          0x00003168      0x258 contiki-sky.a(contiki-sky-pla)
                                0x5ac (size before relaxing)
 .stab          0x000033c0      0x468 contiki-sky.a(button-sensor.o)
                                0x7d4 (size before relaxing)
 .stab          0x00003828      0x618 contiki-sky.a(ds2411.o)
                                0xb34 (size before relaxing)
 .stab          0x00003e40      0x9d8 contiki-sky.a(xmem.o)
                                0xf00 (size before relaxing)
 .stab          0x00004818      0x2b8 contiki-sky.a(node-id.o)
                                0x4e0 (size before relaxing)
 .stab          0x00004ad0      0x69c contiki-sky.a(sensors.o)
                                0xbb8 (size before relaxing)
 .stab          0x0000516c     0x2850 contiki-sky.a(cc2420.o)
                               0x2f7c (size before relaxing)
 .stab          0x000079bc      0xd8c contiki-sky.a(cc2420-arch.o)
                               0x17a0 (size before relaxing)
 .stab          0x00008748      0x600 contiki-sky.a(uart1.o)
                                0x954 (size before relaxing)
 .stab          0x00008d48      0x234 contiki-sky.a(uart1-putchar.o)
                                0x588 (size before relaxing)
 .stab          0x00008f7c      0x72c contiki-sky.a(msp430.o)
                                0xa80 (size before relaxing)
 .stab          0x000096a8      0x930 contiki-sky.a(clock.o)
                                0xc84 (size before relaxing)
 .stab          0x00009fd8      0x5a0 contiki-sky.a(leds.o)
                                0x7ec (size before relaxing)
 .stab          0x0000a578      0x378 contiki-sky.a(leds-arch.o)
                                0x6cc (size before relaxing)
 .stab          0x0000a8f0      0x3cc contiki-sky.a(watchdog.o)
                                0x720 (size before relaxing)
 .stab          0x0000acbc      0x3b4 contiki-sky.a(rtimer-arch.o)
                                0x708 (size before relaxing)
 .stab          0x0000b070      0x294 contiki-sky.a(autostart.o)
                                0x534 (size before relaxing)
 .stab          0x0000b304      0x558 contiki-sky.a(compower.o)
                                0xcf0 (size before relaxing)
 .stab          0x0000b85c      0x834 contiki-sky.a(ctimer.o)
                                0xba0 (size before relaxing)
 .stab          0x0000c090      0x474 contiki-sky.a(energest.o)
                                0x6fc (size before relaxing)
 .stab          0x0000c504      0xa80 contiki-sky.a(etimer.o)
                                0xd50 (size before relaxing)
 .stab          0x0000cf84      0xb94 contiki-sky.a(process.o)
                               0x102c (size before relaxing)
 .stab          0x0000db18      0x39c contiki-sky.a(rtimer.o)
                                0x6b4 (size before relaxing)
 .stab          0x0000deb4      0x348 contiki-sky.a(timer.o)
                                0x588 (size before relaxing)
 .stab          0x0000e1fc      0x7bc contiki-sky.a(list.o)
                                0x7c8 (size before relaxing)
 .stab          0x0000e9b8      0x5c4 contiki-sky.a(memb.o)
                                0xaf8 (size before relaxing)
 .stab          0x0000ef7c      0x240 contiki-sky.a(random.o)
                                0x618 (size before relaxing)
 .stab          0x0000f1bc     0x2be0 contiki-sky.a(sicslowpan.o)
                               0x35ac (size before relaxing)
 .stab          0x00011d9c      0xa14 contiki-sky.a(uip-ds6-nbr.o)
                               0x15fc (size before relaxing)
 .stab          0x000127b0     0x17d0 contiki-sky.a(uip-ds6.o)
                               0x23ac (size before relaxing)
 .stab          0x00013f80     0x26e8 contiki-sky.a(uip6.o)
                               0x3450 (size before relaxing)
 .stab          0x00016668     0x117c contiki-sky.a(tcpip.o)
                               0x2370 (size before relaxing)
 .stab          0x000177e4      0x5ac contiki-sky.a(uip-debug.o)
                               0x1218 (size before relaxing)
 .stab          0x00017d90     0x1134 contiki-sky.a(csma.o)
                               0x165c (size before relaxing)
 .stab          0x00018ec4      0x900 contiki-sky.a(framer-802154.o)
                                0xf0c (size before relaxing)
 .stab          0x000197c4      0x1f8 contiki-sky.a(mac.o)
                                0x4ec (size before relaxing)
 .stab          0x000199bc      0x7bc contiki-sky.a(link-stats.o)
                               0x1188 (size before relaxing)
 .stab          0x0001a178      0x2ac contiki-sky.a(linkaddr.o)
                                0x6a8 (size before relaxing)
 .stab          0x0001a424     0x1038 contiki-sky.a(nbr-table.o)
                               0x19a4 (size before relaxing)
 .stab          0x0001b45c      0xca8 contiki-sky.a(packetbuf.o)
                               0x1e48 (size before relaxing)
 .stab          0x0001c104      0xa8c contiki-sky.a(queuebuf.o)
                               0x1c14 (size before relaxing)
 .stab          0x0001cb90     0x1758 contiki-sky.a(contikimac.o)
                               0x234c (size before relaxing)
 .stab          0x0001e2e8      0x39c contiki-sky.a(nullsec.o)
                                0xccc (size before relaxing)
 .stab          0x0001e684      0x1f8 contiki-sky.a(spi.o)
                                0x420 (size before relaxing)
 .stab          0x0001e87c      0x3b4 contiki-sky.a(stimer.o)
                                0x5f4 (size before relaxing)
 .stab          0x0001ec30     0x1968 contiki-sky.a(uip-6lowpan-nd6)
                               0x2640 (size before relaxing)
 .stab          0x00020598      0x9e4 contiki-sky.a(uip-ds6-reg.o)
                               0x1758 (size before relaxing)
 .stab          0x00020f7c     0x132c contiki-sky.a(uip-ds6-route.o)
                               0x1fb0 (size before relaxing)
 .stab          0x000222a8      0xbc4 contiki-sky.a(uip-icmp6.o)
                               0x1854 (size before relaxing)
 .stab          0x00022e6c     0x1074 contiki-sky.a(frame802154.o)
                               0x1860 (size before relaxing)
 .stab          0x00023ee0      0x690 contiki-sky.a(mac-sequence.o)
                               0x1830 (size before relaxing)

.stabstr        0x00000000    0x1dbed
 *(.stabstr)
 .stabstr       0x00000000    0x1dbed ln.co

.stab.excl
 *(.stab.excl)

.stab.exclstr
 *(.stab.exclstr)

.stab.index
 *(.stab.index)

.stab.indexstr
 *(.stab.indexstr)

.comment        0x00000000       0x30
 *(.comment)
 .comment       0x00000000       0x30 ln.co
                                 0x31 (size before relaxing)
 .comment       0x00000000       0x31 obj_sky/contiki-sky-main.o
 .comment       0x00000000       0x31 contiki-sky.a(powertrace.o)
 .comment       0x00000000       0x31 contiki-sky.a(contiki-sky-pla)
 .comment       0x00000000       0x31 contiki-sky.a(button-sensor.o)
 .comment       0x00000000       0x31 contiki-sky.a(ds2411.o)
 .comment       0x00000000       0x31 contiki-sky.a(xmem.o)
 .comment       0x00000000       0x31 contiki-sky.a(node-id.o)
 .comment       0x00000000       0x31 contiki-sky.a(sensors.o)
 .comment       0x00000000       0x31 contiki-sky.a(cc2420.o)
 .comment       0x00000000       0x31 contiki-sky.a(cc2420-arch.o)
 .comment       0x00000000       0x31 contiki-sky.a(uart1.o)
 .comment       0x00000000       0x31 contiki-sky.a(uart1-putchar.o)
 .comment       0x00000000       0x31 contiki-sky.a(msp430.o)
 .comment       0x00000000       0x31 contiki-sky.a(clock.o)
 .comment       0x00000000       0x31 contiki-sky.a(leds.o)
 .comment       0x00000000       0x31 contiki-sky.a(leds-arch.o)
 .comment       0x00000000       0x31 contiki-sky.a(watchdog.o)
 .comment       0x00000000       0x31 contiki-sky.a(rtimer-arch.o)
 .comment       0x00000000       0x31 contiki-sky.a(autostart.o)
 .comment       0x00000000       0x31 contiki-sky.a(compower.o)
 .comment       0x00000000       0x31 contiki-sky.a(ctimer.o)
 .comment       0x00000000       0x31 contiki-sky.a(energest.o)
 .comment       0x00000000       0x31 contiki-sky.a(etimer.o)
 .comment       0x00000000       0x31 contiki-sky.a(process.o)
 .comment       0x00000000       0x31 contiki-sky.a(rtimer.o)
 .comment       0x00000000       0x31 contiki-sky.a(timer.o)
 .comment       0x00000000       0x31 contiki-sky.a(list.o)
 .comment       0x00000000       0x31 contiki-sky.a(memb.o)
 .comment       0x00000000       0x31 contiki-sky.a(random.o)
 .comment       0x00000000       0x31 contiki-sky.a(sicslowpan.o)
 .comment       0x00000000       0x31 contiki-sky.a(uip-ds6-nbr.o)
 .comment       0x00000000       0x31 contiki-sky.a(uip-ds6.o)
 .comment       0x00000000       0x31 contiki-sky.a(uip6.o)
 .comment       0x00000000       0x31 contiki-sky.a(tcpip.o)
 .comment       0x00000000       0x31 contiki-sky.a(uip-debug.o)
 .comment       0x00000000       0x31 contiki-sky.a(csma.o)
 .comment       0x00000000       0x31 contiki-sky.a(framer-802154.o)
 .comment       0x00000000       0x31 contiki-sky.a(mac.o)
 .comment       0x00000000       0x31 contiki-sky.a(link-stats.o)
 .comment       0x00000000       0x31 contiki-sky.a(linkaddr.o)
 .comment       0x00000000       0x31 contiki-sky.a(nbr-table.o)
 .comment       0x00000000       0x31 contiki-sky.a(packetbuf.o)
 .comment       0x00000000       0x31 contiki-sky.a(queuebuf.o)
 .comment       0x00000000       0x31 contiki-sky.a(contikimac.o)
 .comment       0x00000000       0x31 contiki-sky.a(nullsec.o)
 .comment       0x00000000       0x31 contiki-sky.a(spi.o)
 .comment       0x00000000       0x31 contiki-sky.a(stimer.o)
 .comment       0x00000000       0x31 contiki-sky.a(uip-6lowpan-nd6)
 .comment       0x00000000       0x31 contiki-sky.a(uip-ds6-reg.o)
 .comment       0x00000000       0x31 contiki-sky.a(uip-ds6-route.o)
 .comment       0x00000000       0x31 contiki-sky.a(uip-icmp6.o)
 .comment       0x00000000       0x31 contiki-sky.a(frame802154.o)
 .comment       0x00000000       0x31 contiki-sky.a(mac-sequence.o)
 .comment       0x00000000       0x31 /usr/local/bin/../lib/gcc/msp430/4.7.2/../../../../msp430/lib/mmpy-16/libc.a(printf.o)
 .comment       0x00000000       0x31 /usr/local/bin/../lib/gcc/msp430/4.7.2/../../../../msp430/lib/mmpy-16/libc.a(vuprintf.o)
 .comment       0x00000000       0x31 /usr/local/bin/../lib/gcc/msp430/4.7.2/../../../../msp430/lib/mmpy-16/libc.a(puts.o)
 .comment       0x00000000       0x31 /usr/local/bin/../lib/gcc/msp430/4.7.2/../../../../msp430/lib/mmpy-16/libc.a(rand.o)
 .comment       0x00000000       0x31 /usr/local/bin/../lib/gcc/msp430/4.7.2/../../../../msp430/lib/mmpy-16/libc.a(memcmp.o)
 .comment       0x00000000       0x31 /usr/local/bin/../lib/gcc/msp430/4.7.2/../../../../msp430/lib/mmpy-16/libc.a(memcpy.o)
 .comment       0x00000000       0x31 /usr/local/bin/../lib/gcc/msp430/4.7.2/../../../../msp430/lib/mmpy-16/libc.a(memmove.o)
 .comment       0x00000000       0x31 /usr/local/bin/../lib/gcc/msp430/4.7.2/../../../../msp430/lib/mmpy-16/libc.a(memset.o)

.debug
 *(.debug)

.line
 *(.line)

.debug_srcinfo
 *(.debug_srcinfo)

.debug_sfnames
 *(.debug_sfnames)

.debug_aranges  0x00000000      0x1b4
 *(.debug_aranges)
 .debug_aranges
                0x00000000       0x14 /usr/local/bin/../lib/gcc/msp430/4.7.2/mmpy-16/crt0ivtbl16.o
 .debug_aranges
                0x00000014       0x14 /usr/local/bin/../lib/gcc/msp430/4.7.2/mmpy-16/libgcc.a(_mulsi3.o)
 .debug_aranges
                0x00000028       0x14 /usr/local/bin/../lib/gcc/msp430/4.7.2/mmpy-16/libgcc.a(_udivmod16.o)
 .debug_aranges
                0x0000003c       0x14 /usr/local/bin/../lib/gcc/msp430/4.7.2/mmpy-16/libgcc.a(_divmod16.o)
 .debug_aranges
                0x00000050       0x14 /usr/local/bin/../lib/gcc/msp430/4.7.2/mmpy-16/libgcc.a(_udivmod32.o)
 .debug_aranges
                0x00000064       0x14 /usr/local/bin/../lib/gcc/msp430/4.7.2/mmpy-16/libgcc.a(_divmod32.o)
 .debug_aranges
                0x00000078       0x18 /usr/local/bin/../lib/gcc/msp430/4.7.2/../../../../msp430/lib/mmpy-16/libc.a(printf.o)
 .debug_aranges
                0x00000090       0x18 /usr/local/bin/../lib/gcc/msp430/4.7.2/../../../../msp430/lib/mmpy-16/libc.a(vuprintf.o)
 .debug_aranges
                0x000000a8       0x14 /usr/local/bin/../lib/gcc/msp430/4.7.2/../../../../msp430/lib/mmpy-16/libc.a(puts.o)
 .debug_aranges
                0x000000bc       0x1c /usr/local/bin/../lib/gcc/msp430/4.7.2/../../../../msp430/lib/mmpy-16/libc.a(rand.o)
 .debug_aranges
                0x000000d8       0x14 /usr/local/bin/../lib/gcc/msp430/4.7.2/../../../../msp430/lib/mmpy-16/libc.a(memcmp.o)
 .debug_aranges
                0x000000ec       0x14 /usr/local/bin/../lib/gcc/msp430/4.7.2/../../../../msp430/lib/mmpy-16/libc.a(memcpy.o)
 .debug_aranges
                0x00000100       0x14 /usr/local/bin/../lib/gcc/msp430/4.7.2/../../../../msp430/lib/mmpy-16/libc.a(memmove.o)
 .debug_aranges
                0x00000114       0x14 /usr/local/bin/../lib/gcc/msp430/4.7.2/../../../../msp430/lib/mmpy-16/libc.a(memset.o)
 .debug_aranges
                0x00000128       0x14 /usr/local/bin/../lib/gcc/msp430/4.7.2/mmpy-16/libgcc.a(_udivmod64.o)
 .debug_aranges
                0x0000013c       0x14 /usr/local/bin/../lib/gcc/msp430/4.7.2/mmpy-16/libcrt0.a(__watchdog_support.o)
 .debug_aranges
                0x00000150       0x14 /usr/local/bin/../lib/gcc/msp430/4.7.2/mmpy-16/libcrt0.a(__init_stack.o)
 .debug_aranges
                0x00000164       0x14 /usr/local/bin/../lib/gcc/msp430/4.7.2/mmpy-16/libcrt0.a(_copy_data.o)
 .debug_aranges
                0x00000178       0x14 /usr/local/bin/../lib/gcc/msp430/4.7.2/mmpy-16/libcrt0.a(_clear_bss.o)
 .debug_aranges
                0x0000018c       0x14 /usr/local/bin/../lib/gcc/msp430/4.7.2/mmpy-16/libcrt0.a(_endless_loop__.o)
 .debug_aranges
                0x000001a0       0x14 /usr/local/bin/../lib/gcc/msp430/4.7.2/mmpy-16/libcrt0.a(_unexpected_.o)

.debug_pubnames
 *(.debug_pubnames)

.debug_info     0x00000000     0x14b6
 *(.debug_info)
 .debug_info    0x00000000       0x8f /usr/local/bin/../lib/gcc/msp430/4.7.2/mmpy-16/crt0ivtbl16.o
 .debug_info    0x0000008f       0x8c /usr/local/bin/../lib/gcc/msp430/4.7.2/mmpy-16/libgcc.a(_mulsi3.o)
 .debug_info    0x0000011b       0x8c /usr/local/bin/../lib/gcc/msp430/4.7.2/mmpy-16/libgcc.a(_udivmod16.o)
 .debug_info    0x000001a7       0x8c /usr/local/bin/../lib/gcc/msp430/4.7.2/mmpy-16/libgcc.a(_divmod16.o)
 .debug_info    0x00000233       0x8c /usr/local/bin/../lib/gcc/msp430/4.7.2/mmpy-16/libgcc.a(_udivmod32.o)
 .debug_info    0x000002bf       0x8c /usr/local/bin/../lib/gcc/msp430/4.7.2/mmpy-16/libgcc.a(_divmod32.o)
 .debug_info    0x0000034b      0x16e /usr/local/bin/../lib/gcc/msp430/4.7.2/../../../../msp430/lib/mmpy-16/libc.a(printf.o)
 .debug_info    0x000004b9      0x5d4 /usr/local/bin/../lib/gcc/msp430/4.7.2/../../../../msp430/lib/mmpy-16/libc.a(vuprintf.o)
 .debug_info    0x00000a8d       0xc7 /usr/local/bin/../lib/gcc/msp430/4.7.2/../../../../msp430/lib/mmpy-16/libc.a(puts.o)
 .debug_info    0x00000b54      0x146 /usr/local/bin/../lib/gcc/msp430/4.7.2/../../../../msp430/lib/mmpy-16/libc.a(rand.o)
 .debug_info    0x00000c9a       0xe5 /usr/local/bin/../lib/gcc/msp430/4.7.2/../../../../msp430/lib/mmpy-16/libc.a(memcmp.o)
 .debug_info    0x00000d7f      0x12c /usr/local/bin/../lib/gcc/msp430/4.7.2/../../../../msp430/lib/mmpy-16/libc.a(memcpy.o)
 .debug_info    0x00000eab      0x12c /usr/local/bin/../lib/gcc/msp430/4.7.2/../../../../msp430/lib/mmpy-16/libc.a(memmove.o)
 .debug_info    0x00000fd7      0x117 /usr/local/bin/../lib/gcc/msp430/4.7.2/../../../../msp430/lib/mmpy-16/libc.a(memset.o)
 .debug_info    0x000010ee       0x8c /usr/local/bin/../lib/gcc/msp430/4.7.2/mmpy-16/libgcc.a(_udivmod64.o)
 .debug_info    0x0000117a       0x8a /usr/local/bin/../lib/gcc/msp430/4.7.2/mmpy-16/libcrt0.a(__watchdog_support.o)
 .debug_info    0x00001204       0x8a /usr/local/bin/../lib/gcc/msp430/4.7.2/mmpy-16/libcrt0.a(__init_stack.o)
 .debug_info    0x0000128e       0x8a /usr/local/bin/../lib/gcc/msp430/4.7.2/mmpy-16/libcrt0.a(_copy_data.o)
 .debug_info    0x00001318       0x8a /usr/local/bin/../lib/gcc/msp430/4.7.2/mmpy-16/libcrt0.a(_clear_bss.o)
 .debug_info    0x000013a2       0x8a /usr/local/bin/../lib/gcc/msp430/4.7.2/mmpy-16/libcrt0.a(_endless_loop__.o)
 .debug_info    0x0000142c       0x8a /usr/local/bin/../lib/gcc/msp430/4.7.2/mmpy-16/libcrt0.a(_unexpected_.o)
 *(.gnu.linkonce.wi.*)

.debug_abbrev   0x00000000      0x86f
 *(.debug_abbrev)